Archive member included because of file (symbol)

c:/program files (x86)/gnu tools arm embedded/4.9 2015q3/bin/../lib/gcc/arm-none-eabi/4.9.3/../../../../arm-none-eabi/lib/armv6-m\libg_nano.a(lib_a-errno.o)
                              ./system/src/newlib/_sbrk.o (symbol from plugin) (__errno)
c:/program files (x86)/gnu tools arm embedded/4.9 2015q3/bin/../lib/gcc/arm-none-eabi/4.9.3/../../../../arm-none-eabi/lib/armv6-m\libg_nano.a(lib_a-impure.o)
                              c:/program files (x86)/gnu tools arm embedded/4.9 2015q3/bin/../lib/gcc/arm-none-eabi/4.9.3/../../../../arm-none-eabi/lib/armv6-m\libg_nano.a(lib_a-errno.o) (_impure_ptr)
c:/program files (x86)/gnu tools arm embedded/4.9 2015q3/bin/../lib/gcc/arm-none-eabi/4.9.3/armv6-m\libgcc.a(_thumb1_case_uqi.o)
                              C:\Users\Marek\AppData\Local\Temp\ccijkSS7.ltrans0.ltrans.o (__gnu_thumb1_case_uqi)
c:/program files (x86)/gnu tools arm embedded/4.9 2015q3/bin/../lib/gcc/arm-none-eabi/4.9.3/armv6-m\libgcc.a(_udivsi3.o)
                              C:\Users\Marek\AppData\Local\Temp\ccijkSS7.ltrans0.ltrans.o (__aeabi_uidiv)
c:/program files (x86)/gnu tools arm embedded/4.9 2015q3/bin/../lib/gcc/arm-none-eabi/4.9.3/armv6-m\libgcc.a(_dvmd_tls.o)
                              c:/program files (x86)/gnu tools arm embedded/4.9 2015q3/bin/../lib/gcc/arm-none-eabi/4.9.3/armv6-m\libgcc.a(_udivsi3.o) (__aeabi_idiv0)
c:/program files (x86)/gnu tools arm embedded/4.9 2015q3/bin/../lib/gcc/arm-none-eabi/4.9.3/../../../../arm-none-eabi/lib/armv6-m\libg_nano.a(lib_a-memcpy.o)
                              C:\Users\Marek\AppData\Local\Temp\ccijkSS7.ltrans2.ltrans.o (memcpy)

Allocating common symbols
Common symbol       size              file

errno               0x4               ./system/src/newlib/_syscalls.o (symbol from plugin)
pFlash              0x20              ./system/src/stm32f0-hal/stm32f0xx_hal_flash.o (symbol from plugin)
htim2               0x3c              ./src/tim.o (symbol from plugin)
hadc                0x4c              ./src/adc.o (symbol from plugin)

Discarded input sections

 .text          0x00000000        0x0 ./system/src/stm32f0-hal/stm32f0xx_hal.o (symbol from plugin)
 .text          0x00000000        0x0 C:\Users\Marek\AppData\Local\Temp\ccijkSS7.ltrans0.ltrans.o
 .data          0x00000000        0x0 C:\Users\Marek\AppData\Local\Temp\ccijkSS7.ltrans0.ltrans.o
 .bss           0x00000000        0x0 C:\Users\Marek\AppData\Local\Temp\ccijkSS7.ltrans0.ltrans.o
 .text          0x00000000        0x0 C:\Users\Marek\AppData\Local\Temp\ccijkSS7.ltrans1.ltrans.o
 .data          0x00000000        0x0 C:\Users\Marek\AppData\Local\Temp\ccijkSS7.ltrans1.ltrans.o
 .bss           0x00000000        0x0 C:\Users\Marek\AppData\Local\Temp\ccijkSS7.ltrans1.ltrans.o
 .text          0x00000000        0x0 C:\Users\Marek\AppData\Local\Temp\ccijkSS7.ltrans2.ltrans.o
 .data          0x00000000        0x0 C:\Users\Marek\AppData\Local\Temp\ccijkSS7.ltrans2.ltrans.o
 .bss           0x00000000        0x0 C:\Users\Marek\AppData\Local\Temp\ccijkSS7.ltrans2.ltrans.o
 .text          0x00000000        0x0 C:\Users\Marek\AppData\Local\Temp\ccijkSS7.ltrans3.ltrans.o
 .data          0x00000000        0x0 C:\Users\Marek\AppData\Local\Temp\ccijkSS7.ltrans3.ltrans.o
 .bss           0x00000000        0x0 C:\Users\Marek\AppData\Local\Temp\ccijkSS7.ltrans3.ltrans.o
 .data          0x00000000        0x0 c:/program files (x86)/gnu tools arm embedded/4.9 2015q3/bin/../lib/gcc/arm-none-eabi/4.9.3/armv6-m\libgcc.a(_thumb1_case_uqi.o)
 .bss           0x00000000        0x0 c:/program files (x86)/gnu tools arm embedded/4.9 2015q3/bin/../lib/gcc/arm-none-eabi/4.9.3/armv6-m\libgcc.a(_thumb1_case_uqi.o)
 .data          0x00000000        0x0 c:/program files (x86)/gnu tools arm embedded/4.9 2015q3/bin/../lib/gcc/arm-none-eabi/4.9.3/armv6-m\libgcc.a(_udivsi3.o)
 .bss           0x00000000        0x0 c:/program files (x86)/gnu tools arm embedded/4.9 2015q3/bin/../lib/gcc/arm-none-eabi/4.9.3/armv6-m\libgcc.a(_udivsi3.o)
 .data          0x00000000        0x0 c:/program files (x86)/gnu tools arm embedded/4.9 2015q3/bin/../lib/gcc/arm-none-eabi/4.9.3/armv6-m\libgcc.a(_dvmd_tls.o)
 .bss           0x00000000        0x0 c:/program files (x86)/gnu tools arm embedded/4.9 2015q3/bin/../lib/gcc/arm-none-eabi/4.9.3/armv6-m\libgcc.a(_dvmd_tls.o)
 .text          0x00000000        0x0 c:/program files (x86)/gnu tools arm embedded/4.9 2015q3/bin/../lib/gcc/arm-none-eabi/4.9.3/../../../../arm-none-eabi/lib/armv6-m\libg_nano.a(lib_a-memcpy.o)
 .data          0x00000000        0x0 c:/program files (x86)/gnu tools arm embedded/4.9 2015q3/bin/../lib/gcc/arm-none-eabi/4.9.3/../../../../arm-none-eabi/lib/armv6-m\libg_nano.a(lib_a-memcpy.o)
 .bss           0x00000000        0x0 c:/program files (x86)/gnu tools arm embedded/4.9 2015q3/bin/../lib/gcc/arm-none-eabi/4.9.3/../../../../arm-none-eabi/lib/armv6-m\libg_nano.a(lib_a-memcpy.o)
 .text          0x00000000        0x0 ./system/src/stm32f0-hal/stm32f0xx_hal_adc.o (symbol from plugin)
 .text          0x00000000        0x0 ./system/src/stm32f0-hal/stm32f0xx_hal_adc_ex.o (symbol from plugin)
 .text          0x00000000        0x0 ./system/src/stm32f0-hal/stm32f0xx_hal_can.o (symbol from plugin)
 .text          0x00000000        0x0 ./system/src/stm32f0-hal/stm32f0xx_hal_cortex.o (symbol from plugin)
 .text          0x00000000        0x0 ./system/src/stm32f0-hal/stm32f0xx_hal_dma.o (symbol from plugin)
 .text          0x00000000        0x0 ./system/src/stm32f0-hal/stm32f0xx_hal_flash.o (symbol from plugin)
 .text          0x00000000        0x0 ./system/src/stm32f0-hal/stm32f0xx_hal_flash_ex.o (symbol from plugin)
 .text          0x00000000        0x0 ./system/src/stm32f0-hal/stm32f0xx_hal_gpio.o (symbol from plugin)
 .text          0x00000000        0x0 ./system/src/stm32f0-hal/stm32f0xx_hal_i2c.o (symbol from plugin)
 .text          0x00000000        0x0 ./system/src/stm32f0-hal/stm32f0xx_hal_i2c_ex.o (symbol from plugin)
 .text          0x00000000        0x0 ./system/src/stm32f0-hal/stm32f0xx_hal_pwr.o (symbol from plugin)
 .text          0x00000000        0x0 ./system/src/stm32f0-hal/stm32f0xx_hal_pwr_ex.o (symbol from plugin)
 .text          0x00000000        0x0 ./system/src/stm32f0-hal/stm32f0xx_hal_rcc.o (symbol from plugin)
 .text          0x00000000        0x0 ./system/src/stm32f0-hal/stm32f0xx_hal_rcc_ex.o (symbol from plugin)
 .text          0x00000000        0x0 ./system/src/stm32f0-hal/stm32f0xx_hal_tim.o (symbol from plugin)
 .text          0x00000000        0x0 ./system/src/stm32f0-hal/stm32f0xx_hal_tim_ex.o (symbol from plugin)
 .text          0x00000000        0x0 ./system/src/stm32f0-hal/stm32f0xx_hal_uart.o (symbol from plugin)
 .text          0x00000000        0x0 ./system/src/stm32f0-hal/stm32f0xx_hal_uart_ex.o (symbol from plugin)
 .text          0x00000000        0x0 ./system/src/newlib/_cxx.o (symbol from plugin)
 .text          0x00000000        0x0 ./system/src/newlib/_exit.o (symbol from plugin)
 .text          0x00000000        0x0 ./system/src/newlib/_sbrk.o (symbol from plugin)
 .text          0x00000000        0x0 ./system/src/newlib/_startup.o (symbol from plugin)
 .text          0x00000000        0x0 ./system/src/newlib/_syscalls.o (symbol from plugin)
 .text          0x00000000        0x0 ./system/src/newlib/assert.o (symbol from plugin)
 .text          0x00000000        0x0 ./system/src/diag/Trace.o (symbol from plugin)
 .text          0x00000000        0x0 ./system/src/diag/trace_impl.o (symbol from plugin)
 .text          0x00000000        0x0 ./system/src/cortexm/_initialize_hardware.o (symbol from plugin)
 .text          0x00000000        0x0 ./system/src/cortexm/_reset_hardware.o (symbol from plugin)
 .text          0x00000000        0x0 ./system/src/cortexm/exception_handlers.o (symbol from plugin)
 .text          0x00000000        0x0 ./system/src/cmsis/system_stm32f0xx.o (symbol from plugin)
 .text          0x00000000        0x0 ./system/src/cmsis/vectors_stm32f0xx.o (symbol from plugin)
 .text          0x00000000        0x0 ./src/_initialize_hardware.o (symbol from plugin)
 .text          0x00000000        0x0 ./src/_write.o (symbol from plugin)
 .text          0x00000000        0x0 ./src/adc.o (symbol from plugin)
 .text          0x00000000        0x0 ./src/can.o (symbol from plugin)
 .text          0x00000000        0x0 ./src/gpio.o (symbol from plugin)
 .text          0x00000000        0x0 ./src/main.o (symbol from plugin)
 .text          0x00000000        0x0 ./src/stm32f0xx_hal_msp.o (symbol from plugin)
 .text          0x00000000        0x0 ./src/stm32f0xx_it.o (symbol from plugin)
 .text          0x00000000        0x0 ./src/tim.o (symbol from plugin)
 .text          0x00000000        0x0 ./src/usart.o (symbol from plugin)
 .text          0x00000000        0x0 c:/program files (x86)/gnu tools arm embedded/4.9 2015q3/bin/../lib/gcc/arm-none-eabi/4.9.3/../../../../arm-none-eabi/lib/armv6-m\libg_nano.a(lib_a-errno.o)
 .data          0x00000000        0x0 c:/program files (x86)/gnu tools arm embedded/4.9 2015q3/bin/../lib/gcc/arm-none-eabi/4.9.3/../../../../arm-none-eabi/lib/armv6-m\libg_nano.a(lib_a-errno.o)
 .bss           0x00000000        0x0 c:/program files (x86)/gnu tools arm embedded/4.9 2015q3/bin/../lib/gcc/arm-none-eabi/4.9.3/../../../../arm-none-eabi/lib/armv6-m\libg_nano.a(lib_a-errno.o)
 .text.__errno  0x00000000        0xc c:/program files (x86)/gnu tools arm embedded/4.9 2015q3/bin/../lib/gcc/arm-none-eabi/4.9.3/../../../../arm-none-eabi/lib/armv6-m\libg_nano.a(lib_a-errno.o)
 .debug_frame   0x00000000       0x20 c:/program files (x86)/gnu tools arm embedded/4.9 2015q3/bin/../lib/gcc/arm-none-eabi/4.9.3/../../../../arm-none-eabi/lib/armv6-m\libg_nano.a(lib_a-errno.o)
 .ARM.attributes
                0x00000000       0x2c c:/program files (x86)/gnu tools arm embedded/4.9 2015q3/bin/../lib/gcc/arm-none-eabi/4.9.3/../../../../arm-none-eabi/lib/armv6-m\libg_nano.a(lib_a-errno.o)
 .text          0x00000000        0x0 c:/program files (x86)/gnu tools arm embedded/4.9 2015q3/bin/../lib/gcc/arm-none-eabi/4.9.3/../../../../arm-none-eabi/lib/armv6-m\libg_nano.a(lib_a-impure.o)
 .data          0x00000000        0x0 c:/program files (x86)/gnu tools arm embedded/4.9 2015q3/bin/../lib/gcc/arm-none-eabi/4.9.3/../../../../arm-none-eabi/lib/armv6-m\libg_nano.a(lib_a-impure.o)
 .bss           0x00000000        0x0 c:/program files (x86)/gnu tools arm embedded/4.9 2015q3/bin/../lib/gcc/arm-none-eabi/4.9.3/../../../../arm-none-eabi/lib/armv6-m\libg_nano.a(lib_a-impure.o)
 .data.impure_data
                0x00000000       0x60 c:/program files (x86)/gnu tools arm embedded/4.9 2015q3/bin/../lib/gcc/arm-none-eabi/4.9.3/../../../../arm-none-eabi/lib/armv6-m\libg_nano.a(lib_a-impure.o)
 .data._impure_ptr
                0x00000000        0x4 c:/program files (x86)/gnu tools arm embedded/4.9 2015q3/bin/../lib/gcc/arm-none-eabi/4.9.3/../../../../arm-none-eabi/lib/armv6-m\libg_nano.a(lib_a-impure.o)
 .rodata.str1.1
                0x00000000        0x2 c:/program files (x86)/gnu tools arm embedded/4.9 2015q3/bin/../lib/gcc/arm-none-eabi/4.9.3/../../../../arm-none-eabi/lib/armv6-m\libg_nano.a(lib_a-impure.o)
 .rodata._global_impure_ptr
                0x00000000        0x4 c:/program files (x86)/gnu tools arm embedded/4.9 2015q3/bin/../lib/gcc/arm-none-eabi/4.9.3/../../../../arm-none-eabi/lib/armv6-m\libg_nano.a(lib_a-impure.o)
 .ARM.attributes
                0x00000000       0x2c c:/program files (x86)/gnu tools arm embedded/4.9 2015q3/bin/../lib/gcc/arm-none-eabi/4.9.3/../../../../arm-none-eabi/lib/armv6-m\libg_nano.a(lib_a-impure.o)

Memory Configuration

Name             Origin             Length             Attributes
RAM              0x20000000         0x00001800         xrw
CCMRAM           0x00000000         0x00000000         xrw
FLASH            0x08000000         0x00008000         xr
FLASHB1          0x00000000         0x00000000         xr
EXTMEMB0         0x00000000         0x00000000         xr
EXTMEMB1         0x00000000         0x00000000         xr
EXTMEMB2         0x00000000         0x00000000         xr
EXTMEMB3         0x00000000         0x00000000         xr
MEMORY_ARRAY     0x00000000         0x00000000         xrw
*default*        0x00000000         0xffffffff

Linker script and memory map

LOAD ./system/src/stm32f0-hal/stm32f0xx_hal.o
LOAD C:\Users\Marek\AppData\Local\Temp\ccijkSS7.ltrans0.ltrans.o
LOAD C:\Users\Marek\AppData\Local\Temp\ccijkSS7.ltrans1.ltrans.o
LOAD C:\Users\Marek\AppData\Local\Temp\ccijkSS7.ltrans2.ltrans.o
LOAD C:\Users\Marek\AppData\Local\Temp\ccijkSS7.ltrans3.ltrans.o
LOAD c:/program files (x86)/gnu tools arm embedded/4.9 2015q3/bin/../lib/gcc/arm-none-eabi/4.9.3/armv6-m\libgcc.a
LOAD c:/program files (x86)/gnu tools arm embedded/4.9 2015q3/bin/../lib/gcc/arm-none-eabi/4.9.3/../../../../arm-none-eabi/lib/armv6-m\libg_nano.a
LOAD c:/program files (x86)/gnu tools arm embedded/4.9 2015q3/bin/../lib/gcc/arm-none-eabi/4.9.3/../../../../arm-none-eabi/lib/armv6-m\libc_nano.a
LOAD c:/program files (x86)/gnu tools arm embedded/4.9 2015q3/bin/../lib/gcc/arm-none-eabi/4.9.3/armv6-m\libgcc.a
LOAD c:/program files (x86)/gnu tools arm embedded/4.9 2015q3/bin/../lib/gcc/arm-none-eabi/4.9.3/../../../../arm-none-eabi/lib/armv6-m\libc_nano.a
LOAD ./system/src/stm32f0-hal/stm32f0xx_hal_adc.o
LOAD ./system/src/stm32f0-hal/stm32f0xx_hal_adc_ex.o
LOAD ./system/src/stm32f0-hal/stm32f0xx_hal_can.o
LOAD ./system/src/stm32f0-hal/stm32f0xx_hal_cortex.o
LOAD ./system/src/stm32f0-hal/stm32f0xx_hal_dma.o
LOAD ./system/src/stm32f0-hal/stm32f0xx_hal_flash.o
LOAD ./system/src/stm32f0-hal/stm32f0xx_hal_flash_ex.o
LOAD ./system/src/stm32f0-hal/stm32f0xx_hal_gpio.o
LOAD ./system/src/stm32f0-hal/stm32f0xx_hal_i2c.o
LOAD ./system/src/stm32f0-hal/stm32f0xx_hal_i2c_ex.o
LOAD ./system/src/stm32f0-hal/stm32f0xx_hal_pwr.o
LOAD ./system/src/stm32f0-hal/stm32f0xx_hal_pwr_ex.o
LOAD ./system/src/stm32f0-hal/stm32f0xx_hal_rcc.o
LOAD ./system/src/stm32f0-hal/stm32f0xx_hal_rcc_ex.o
LOAD ./system/src/stm32f0-hal/stm32f0xx_hal_tim.o
LOAD ./system/src/stm32f0-hal/stm32f0xx_hal_tim_ex.o
LOAD ./system/src/stm32f0-hal/stm32f0xx_hal_uart.o
LOAD ./system/src/stm32f0-hal/stm32f0xx_hal_uart_ex.o
LOAD ./system/src/newlib/_cxx.o
LOAD ./system/src/newlib/_exit.o
LOAD ./system/src/newlib/_sbrk.o
LOAD ./system/src/newlib/_startup.o
LOAD ./system/src/newlib/_syscalls.o
LOAD ./system/src/newlib/assert.o
LOAD ./system/src/diag/Trace.o
LOAD ./system/src/diag/trace_impl.o
LOAD ./system/src/cortexm/_initialize_hardware.o
LOAD ./system/src/cortexm/_reset_hardware.o
LOAD ./system/src/cortexm/exception_handlers.o
LOAD ./system/src/cmsis/system_stm32f0xx.o
LOAD ./system/src/cmsis/vectors_stm32f0xx.o
LOAD ./src/_initialize_hardware.o
LOAD ./src/_write.o
LOAD ./src/adc.o
LOAD ./src/can.o
LOAD ./src/gpio.o
LOAD ./src/main.o
LOAD ./src/stm32f0xx_hal_msp.o
LOAD ./src/stm32f0xx_it.o
LOAD ./src/tim.o
LOAD ./src/usart.o
LOAD c:/program files (x86)/gnu tools arm embedded/4.9 2015q3/bin/../lib/gcc/arm-none-eabi/4.9.3/../../../../arm-none-eabi/lib/armv6-m\libstdc++_nano.a
LOAD c:/program files (x86)/gnu tools arm embedded/4.9 2015q3/bin/../lib/gcc/arm-none-eabi/4.9.3/../../../../arm-none-eabi/lib/armv6-m\libm.a
START GROUP
LOAD c:/program files (x86)/gnu tools arm embedded/4.9 2015q3/bin/../lib/gcc/arm-none-eabi/4.9.3/armv6-m\libgcc.a
LOAD c:/program files (x86)/gnu tools arm embedded/4.9 2015q3/bin/../lib/gcc/arm-none-eabi/4.9.3/../../../../arm-none-eabi/lib/armv6-m\libg_nano.a
LOAD c:/program files (x86)/gnu tools arm embedded/4.9 2015q3/bin/../lib/gcc/arm-none-eabi/4.9.3/../../../../arm-none-eabi/lib/armv6-m\libc_nano.a
END GROUP
START GROUP
LOAD c:/program files (x86)/gnu tools arm embedded/4.9 2015q3/bin/../lib/gcc/arm-none-eabi/4.9.3/armv6-m\libgcc.a
LOAD c:/program files (x86)/gnu tools arm embedded/4.9 2015q3/bin/../lib/gcc/arm-none-eabi/4.9.3/../../../../arm-none-eabi/lib/armv6-m\libc_nano.a
END GROUP
                0x20001800                __stack = (ORIGIN (RAM) + 0x1800)
                0x20001800                _estack = __stack
                0x00000400                __Main_Stack_Size = 0x400
                0x00000400                PROVIDE (_Main_Stack_Size, __Main_Stack_Size)
                0x20001400                __Main_Stack_Limit = (__stack - __Main_Stack_Size)
                0x20001400                PROVIDE (_Main_Stack_Limit, __Main_Stack_Limit)
                0x00000100                _Minimum_Stack_Size = 0x100
                0x200001b4                PROVIDE (_Heap_Begin, _end_noinit)
                0x20001400                PROVIDE (_Heap_Limit, (__stack - __Main_Stack_Size))

.isr_vector     0x08000000      0xf58
 FILL mask 0xff
                0x08000000                __vectors_start = ABSOLUTE (.)
                0x08000000                __vectors_start__ = ABSOLUTE (.)
 *(.isr_vector)
 .isr_vector    0x08000000       0xc4 C:\Users\Marek\AppData\Local\Temp\ccijkSS7.ltrans1.ltrans.o
                0x08000000                g_pfnVectors
 *(.cfmconfig)
 *(.after_vectors .after_vectors.*)
 .after_vectors
                0x080000c4      0xe88 C:\Users\Marek\AppData\Local\Temp\ccijkSS7.ltrans0.ltrans.o
                0x080000c4                _start
 .after_vectors
                0x08000f4c        0xc C:\Users\Marek\AppData\Local\Temp\ccijkSS7.ltrans3.ltrans.o
                0x08000f4c                Reset_Handler
                0x08000f50                I2C1_IRQHandler
                0x08000f50                RCC_CRS_IRQHandler
                0x08000f50                SPI1_IRQHandler
                0x08000f50                USART1_IRQHandler
                0x08000f50                EXTI2_3_IRQHandler
                0x08000f50                ADC1_IRQHandler
                0x08000f50                TIM17_IRQHandler
                0x08000f50                RTC_IRQHandler
                0x08000f50                PVD_VDDIO2_IRQHandler
                0x08000f50                TSC_IRQHandler
                0x08000f50                TIM16_IRQHandler
                0x08000f50                TIM3_IRQHandler
                0x08000f50                EXTI4_15_IRQHandler
                0x08000f50                DMA1_Channel1_IRQHandler
                0x08000f50                TIM14_IRQHandler
                0x08000f50                DMA1_Channel4_5_IRQHandler
                0x08000f50                EXTI0_1_IRQHandler
                0x08000f50                USB_IRQHandler
                0x08000f50                SPI2_IRQHandler
                0x08000f50                WWDG_IRQHandler
                0x08000f50                TIM2_IRQHandler
                0x08000f50                DMA1_Channel2_3_IRQHandler
                0x08000f50                USART2_IRQHandler
                0x08000f50                FLASH_IRQHandler
                0x08000f50                TIM1_BRK_UP_TRG_COM_IRQHandler
                0x08000f52                HardFault_Handler_C

.inits          0x08000f58       0x28
                0x08000f58                __data_regions_array_start = .
                0x08000f58        0x4 LONG 0x80018ec LOADADDR (.data)
                0x08000f5c        0x4 LONG 0x20000000 ADDR (.data)
                0x08000f60        0x4 LONG 0x20000018 (ADDR (.data) + SIZEOF (.data))
                0x08000f64        0x4 LONG 0x80018ec LOADADDR (.data_CCMRAM)
                0x08000f68        0x4 LONG 0x0 ADDR (.data_CCMRAM)
                0x08000f6c        0x4 LONG 0x0 (ADDR (.data_CCMRAM) + SIZEOF (.data_CCMRAM))
                0x08000f70                __data_regions_array_end = .
                0x08000f70                __bss_regions_array_start = .
                0x08000f70        0x4 LONG 0x20000018 ADDR (.bss)
                0x08000f74        0x4 LONG 0x200001b4 (ADDR (.bss) + SIZEOF (.bss))
                0x08000f78        0x4 LONG 0x0 ADDR (.bss_CCMRAM)
                0x08000f7c        0x4 LONG 0x0 (ADDR (.bss_CCMRAM) + SIZEOF (.bss_CCMRAM))
                0x08000f80                __bss_regions_array_end = .
 *(.init)
 *(.fini)
                0x08000f80                . = ALIGN (0x4)
                0x08000f80                PROVIDE (__preinit_array_start, .)
 *(.preinit_array_sysinit .preinit_array_sysinit.*)
 *(.preinit_array_platform .preinit_array_platform.*)
 *(.preinit_array .preinit_array.*)
                0x08000f80                PROVIDE (__preinit_array_end, .)
                0x08000f80                . = ALIGN (0x4)
                0x08000f80                PROVIDE (__init_array_start, .)
 *(SORT(.init_array.*))
 *(.init_array)
                0x08000f80                PROVIDE (__init_array_end, .)
                0x08000f80                . = ALIGN (0x4)
                0x08000f80                PROVIDE (__fini_array_start, .)
 *(SORT(.fini_array.*))
 *(.fini_array)
                0x08000f80                PROVIDE (__fini_array_end, .)

.flashtext
 *(.flashtext .flashtext.*)

.text           0x08000f80      0x96a
 *(.text .text.*)
 .text.CAN_Receive_IT.constprop.27
                0x08000f80      0x100 C:\Users\Marek\AppData\Local\Temp\ccijkSS7.ltrans1.ltrans.o
 .text.CEC_CAN_IRQHandler
                0x08001080      0x188 C:\Users\Marek\AppData\Local\Temp\ccijkSS7.ltrans1.ltrans.o
 .text.HAL_InitTick.constprop.36
                0x08001208       0x50 C:\Users\Marek\AppData\Local\Temp\ccijkSS7.ltrans1.ltrans.o
                0x08001208                HAL_InitTick.constprop.36
 .text.HAL_TIM_IC_CaptureCallback.constprop.14
                0x08001258       0x48 C:\Users\Marek\AppData\Local\Temp\ccijkSS7.ltrans1.ltrans.o
                0x08001258                HAL_TIM_IC_CaptureCallback.constprop.14
 .text.HAL_TIMEx_MasterConfigSynchronization.constprop.6
                0x080012a0       0x42 C:\Users\Marek\AppData\Local\Temp\ccijkSS7.ltrans1.ltrans.o
                0x080012a0                HAL_TIMEx_MasterConfigSynchronization.constprop.6
 *fill*         0x080012e2        0x2 
 .text.UART_WaitOnFlagUntilTimeout.constprop.3
                0x080012e4       0x64 C:\Users\Marek\AppData\Local\Temp\ccijkSS7.ltrans1.ltrans.o
                0x080012e4                UART_WaitOnFlagUntilTimeout.constprop.3
 .text.HAL_TIM_Base_MspInit
                0x08001348       0xa0 C:\Users\Marek\AppData\Local\Temp\ccijkSS7.ltrans1.ltrans.o
                0x08001348                HAL_TIM_Base_MspInit
 .text.TIM_Base_SetConfig
                0x080013e8       0x88 C:\Users\Marek\AppData\Local\Temp\ccijkSS7.ltrans2.ltrans.o
                0x080013e8                TIM_Base_SetConfig
 .text.HAL_RCC_GetSysClockFreq
                0x08001470       0x78 C:\Users\Marek\AppData\Local\Temp\ccijkSS7.ltrans2.ltrans.o
                0x08001470                HAL_RCC_GetSysClockFreq
 .text.HAL_GPIO_Init
                0x080014e8      0x150 C:\Users\Marek\AppData\Local\Temp\ccijkSS7.ltrans2.ltrans.o
                0x080014e8                HAL_GPIO_Init
 .text.HAL_Delay
                0x08001638       0x1c C:\Users\Marek\AppData\Local\Temp\ccijkSS7.ltrans2.ltrans.o
                0x08001638                HAL_Delay
 .text.SysTick_Handler
                0x08001654       0x10 C:\Users\Marek\AppData\Local\Temp\ccijkSS7.ltrans3.ltrans.o
                0x08001654                SysTick_Handler
 .text.PendSV_Handler
                0x08001664        0x2 C:\Users\Marek\AppData\Local\Temp\ccijkSS7.ltrans3.ltrans.o
                0x08001664                PendSV_Handler
 .text.SVC_Handler
                0x08001666        0x2 C:\Users\Marek\AppData\Local\Temp\ccijkSS7.ltrans3.ltrans.o
                0x08001666                SVC_Handler
 .text.HardFault_Handler
                0x08001668        0x2 C:\Users\Marek\AppData\Local\Temp\ccijkSS7.ltrans3.ltrans.o
                0x08001668                HardFault_Handler
 .text.NMI_Handler
                0x0800166a        0x2 C:\Users\Marek\AppData\Local\Temp\ccijkSS7.ltrans3.ltrans.o
                0x0800166a                NMI_Handler
 .text.TIM1_CC_IRQHandler
                0x0800166c       0xf8 C:\Users\Marek\AppData\Local\Temp\ccijkSS7.ltrans3.ltrans.o
                0x0800166c                TIM1_CC_IRQHandler
 .text          0x08001764       0x14 c:/program files (x86)/gnu tools arm embedded/4.9 2015q3/bin/../lib/gcc/arm-none-eabi/4.9.3/armv6-m\libgcc.a(_thumb1_case_uqi.o)
                0x08001764                __gnu_thumb1_case_uqi
 .text          0x08001778      0x120 c:/program files (x86)/gnu tools arm embedded/4.9 2015q3/bin/../lib/gcc/arm-none-eabi/4.9.3/armv6-m\libgcc.a(_udivsi3.o)
                0x08001778                __aeabi_uidiv
                0x08001778                __udivsi3
                0x08001884                __aeabi_uidivmod
 .text          0x08001898        0x4 c:/program files (x86)/gnu tools arm embedded/4.9 2015q3/bin/../lib/gcc/arm-none-eabi/4.9.3/armv6-m\libgcc.a(_dvmd_tls.o)
                0x08001898                __aeabi_idiv0
                0x08001898                __aeabi_ldiv0
 .text.memcpy   0x0800189c       0x12 c:/program files (x86)/gnu tools arm embedded/4.9 2015q3/bin/../lib/gcc/arm-none-eabi/4.9.3/../../../../arm-none-eabi/lib/armv6-m\libg_nano.a(lib_a-memcpy.o)
                0x0800189c                memcpy
 *(.rodata .rodata.* .constdata .constdata.*)
 .rodata.CSWTCH.36
                0x080018ae        0x4 C:\Users\Marek\AppData\Local\Temp\ccijkSS7.ltrans0.ltrans.o
 .rodata.AHBPrescTable
                0x080018b2       0x10 C:\Users\Marek\AppData\Local\Temp\ccijkSS7.ltrans0.ltrans.o
 .rodata.APBPrescTable
                0x080018c2        0x8 C:\Users\Marek\AppData\Local\Temp\ccijkSS7.ltrans0.ltrans.o
 .rodata        0x080018ca       0x20 C:\Users\Marek\AppData\Local\Temp\ccijkSS7.ltrans2.ltrans.o
 *(vtable)
 *(.eh_frame*)
 *(.glue_7)
 .glue_7        0x00000000        0x0 linker stubs
 *(.glue_7t)
 .glue_7t       0x00000000        0x0 linker stubs

.vfp11_veneer   0x080018ec        0x0
 .vfp11_veneer  0x00000000        0x0 linker stubs

.v4_bx          0x080018ec        0x0
 .v4_bx         0x00000000        0x0 linker stubs

.iplt           0x080018ec        0x0
 .iplt          0x00000000        0x0 c:/program files (x86)/gnu tools arm embedded/4.9 2015q3/bin/../lib/gcc/arm-none-eabi/4.9.3/../../../../arm-none-eabi/lib/armv6-m\libg_nano.a(lib_a-errno.o)

.rel.dyn        0x080018ec        0x0
 .rel.iplt      0x00000000        0x0 c:/program files (x86)/gnu tools arm embedded/4.9 2015q3/bin/../lib/gcc/arm-none-eabi/4.9.3/../../../../arm-none-eabi/lib/armv6-m\libg_nano.a(lib_a-errno.o)

.ARM.extab
 *(.ARM.extab* .gnu.linkonce.armextab.*)
                0x080018ec                . = ALIGN (0x4)
                0x080018ec                __exidx_start = .

.ARM.exidx
 *(.ARM.exidx* .gnu.linkonce.armexidx.*)
                0x080018ec                __exidx_end = .
                0x080018ec                . = ALIGN (0x4)
                0x080018ec                _etext = .
                0x080018ec                __etext = .

.data_CCMRAM    0x00000000        0x0 load address 0x080018ec
 FILL mask 0xff
 *(.data.CCMRAM .data.CCMRAM.*)
                0x00000000                . = ALIGN (0x4)
                0x080018ec                _sidata = LOADADDR (.data)

.data           0x20000000       0x18 load address 0x080018ec
 FILL mask 0xff
                0x20000000                _sdata = .
                0x20000000                __data_start__ = .
 *(.data_begin .data_begin.*)
 *(.data .data.*)
 .data._ZL13GEAR_SW_DELAY
                0x20000000        0x4 C:\Users\Marek\AppData\Local\Temp\ccijkSS7.ltrans0.ltrans.o
 .data._ZL10VALVE_TIME
                0x20000004        0x4 C:\Users\Marek\AppData\Local\Temp\ccijkSS7.ltrans0.ltrans.o
 .data._ZL15CLUTCH_SW_DELAY
                0x20000008        0x4 C:\Users\Marek\AppData\Local\Temp\ccijkSS7.ltrans0.ltrans.o
 .data._ZL13DOWN_CUT_TIME
                0x2000000c        0x4 C:\Users\Marek\AppData\Local\Temp\ccijkSS7.ltrans0.ltrans.o
 .data._ZL11UP_CUT_TIME
                0x20000010        0x4 C:\Users\Marek\AppData\Local\Temp\ccijkSS7.ltrans0.ltrans.o
 .data.SystemCoreClock
                0x20000014        0x4 C:\Users\Marek\AppData\Local\Temp\ccijkSS7.ltrans1.ltrans.o
                0x20000014                SystemCoreClock
 *(.data_end .data_end.*)
                0x20000018                . = ALIGN (0x4)
                0x20000018                _edata = .
                0x20000018                __data_end__ = .

.igot.plt       0x20000018        0x0 load address 0x08001904
 .igot.plt      0x00000000        0x0 c:/program files (x86)/gnu tools arm embedded/4.9 2015q3/bin/../lib/gcc/arm-none-eabi/4.9.3/../../../../arm-none-eabi/lib/armv6-m\libg_nano.a(lib_a-errno.o)

.bss_CCMRAM     0x00000000        0x0
 *(.bss.CCMRAM .bss.CCMRAM.*)

.bss            0x20000018      0x19c
                0x20000018                __bss_start__ = .
                0x20000018                _sbss = .
 *(.bss_begin .bss_begin.*)
 *(.bss .bss.*)
 .bss.hadc      0x20000018       0x4c C:\Users\Marek\AppData\Local\Temp\ccijkSS7.ltrans0.ltrans.o
 .bss.htim2     0x20000064       0x3c C:\Users\Marek\AppData\Local\Temp\ccijkSS7.ltrans0.ltrans.o
 .bss.tx_msg    0x200000a0       0x1c C:\Users\Marek\AppData\Local\Temp\ccijkSS7.ltrans0.ltrans.o
 .bss.clutch_on_flag
                0x200000bc        0x1 C:\Users\Marek\AppData\Local\Temp\ccijkSS7.ltrans1.ltrans.o
                0x200000bc                clutch_on_flag
 *fill*         0x200000bd        0x3 
 .bss.htim1     0x200000c0       0x3c C:\Users\Marek\AppData\Local\Temp\ccijkSS7.ltrans1.ltrans.o
                0x200000c0                htim1
 .bss.clutch_off_flag
                0x200000fc        0x1 C:\Users\Marek\AppData\Local\Temp\ccijkSS7.ltrans1.ltrans.o
                0x200000fc                clutch_off_flag
 .bss.gear_up_flag
                0x200000fd        0x1 C:\Users\Marek\AppData\Local\Temp\ccijkSS7.ltrans1.ltrans.o
                0x200000fd                gear_up_flag
 .bss.gear_down_flag
                0x200000fe        0x1 C:\Users\Marek\AppData\Local\Temp\ccijkSS7.ltrans1.ltrans.o
                0x200000fe                gear_down_flag
 *fill*         0x200000ff        0x1 
 .bss.uwTick    0x20000100        0x4 C:\Users\Marek\AppData\Local\Temp\ccijkSS7.ltrans1.ltrans.o
                0x20000100                uwTick
 .bss.hcan      0x20000104       0x40 C:\Users\Marek\AppData\Local\Temp\ccijkSS7.ltrans1.ltrans.o
                0x20000104                hcan
 .bss.huart2    0x20000144       0x70 C:\Users\Marek\AppData\Local\Temp\ccijkSS7.ltrans1.ltrans.o
                0x20000144                huart2
 *(COMMON)
 *(.bss_end .bss_end.*)
                0x200001b4                . = ALIGN (0x4)
                0x200001b4                __bss_end__ = .
                0x200001b4                _ebss = .

.noinit_CCMRAM
 *(.noinit.CCMRAM .noinit.CCMRAM.*)

.noinit         0x200001b4        0x0
                0x200001b4                _noinit = .
 *(.noinit .noinit.*)
                0x200001b4                . = ALIGN (0x4)
                0x200001b4                _end_noinit = .
                0x200001b4                PROVIDE (end, _end_noinit)
                0x200001b4                PROVIDE (_end, _end_noinit)
                0x200001b4                PROVIDE (__end, _end_noinit)
                0x200001b4                PROVIDE (__end__, _end_noinit)

._check_stack   0x200001b4      0x100
                0x200002b4                . = (. + _Minimum_Stack_Size)
 *fill*         0x200001b4      0x100 

.b1text
 *(.b1text)
 *(.b1rodata)
 *(.b1rodata.*)

.eb0text
 *(.eb0text)
 *(.eb0rodata)
 *(.eb0rodata.*)

.eb1text
 *(.eb1text)
 *(.eb1rodata)
 *(.eb1rodata.*)

.eb2text
 *(.eb2text)
 *(.eb2rodata)
 *(.eb2rodata.*)

.eb3text
 *(.eb3text)
 *(.eb3rodata)
 *(.eb3rodata.*)

.stab
 *(.stab)

.stabstr
 *(.stabstr)

.stab.excl
 *(.stab.excl)

.stab.exclstr
 *(.stab.exclstr)

.stab.index
 *(.stab.index)

.stab.indexstr
 *(.stab.indexstr)

.comment        0x00000000       0x70
 *(.comment)
 .comment       0x00000000       0x70 C:\Users\Marek\AppData\Local\Temp\ccijkSS7.ltrans0.ltrans.o
                                 0x71 (size before relaxing)
 .comment       0x00000000       0x71 C:\Users\Marek\AppData\Local\Temp\ccijkSS7.ltrans1.ltrans.o
 .comment       0x00000000       0x71 C:\Users\Marek\AppData\Local\Temp\ccijkSS7.ltrans2.ltrans.o
 .comment       0x00000000       0x71 C:\Users\Marek\AppData\Local\Temp\ccijkSS7.ltrans3.ltrans.o

.ARM.attributes
                0x00000000       0x31
 .ARM.attributes
                0x00000000       0x2f C:\Users\Marek\AppData\Local\Temp\ccijkSS7.ltrans0.ltrans.o
 .ARM.attributes
                0x0000002f       0x2f C:\Users\Marek\AppData\Local\Temp\ccijkSS7.ltrans1.ltrans.o
 .ARM.attributes
                0x0000005e       0x2f C:\Users\Marek\AppData\Local\Temp\ccijkSS7.ltrans2.ltrans.o
 .ARM.attributes
                0x0000008d       0x2f C:\Users\Marek\AppData\Local\Temp\ccijkSS7.ltrans3.ltrans.o
 .ARM.attributes
                0x000000bc       0x1e c:/program files (x86)/gnu tools arm embedded/4.9 2015q3/bin/../lib/gcc/arm-none-eabi/4.9.3/armv6-m\libgcc.a(_thumb1_case_uqi.o)
 .ARM.attributes
                0x000000da       0x1e c:/program files (x86)/gnu tools arm embedded/4.9 2015q3/bin/../lib/gcc/arm-none-eabi/4.9.3/armv6-m\libgcc.a(_udivsi3.o)
 .ARM.attributes
                0x000000f8       0x1e c:/program files (x86)/gnu tools arm embedded/4.9 2015q3/bin/../lib/gcc/arm-none-eabi/4.9.3/armv6-m\libgcc.a(_dvmd_tls.o)
 .ARM.attributes
                0x00000116       0x2c c:/program files (x86)/gnu tools arm embedded/4.9 2015q3/bin/../lib/gcc/arm-none-eabi/4.9.3/../../../../arm-none-eabi/lib/armv6-m\libg_nano.a(lib_a-memcpy.o)

.debug
 *(.debug)

.line
 *(.line)

.debug_srcinfo
 *(.debug_srcinfo)

.debug_sfnames
 *(.debug_sfnames)

.debug_aranges  0x00000000      0x108
 *(.debug_aranges)
 .debug_aranges
                0x00000000       0x20 C:\Users\Marek\AppData\Local\Temp\ccijkSS7.ltrans0.ltrans.o
 .debug_aranges
                0x00000020       0x50 C:\Users\Marek\AppData\Local\Temp\ccijkSS7.ltrans1.ltrans.o
 .debug_aranges
                0x00000070       0x38 C:\Users\Marek\AppData\Local\Temp\ccijkSS7.ltrans2.ltrans.o
 .debug_aranges
                0x000000a8       0x60 C:\Users\Marek\AppData\Local\Temp\ccijkSS7.ltrans3.ltrans.o

.debug_pubnames
 *(.debug_pubnames)

.debug_info     0x00000000     0x5848
 *(.debug_info .gnu.linkonce.wi.*)
 .debug_info    0x00000000     0x31ea C:\Users\Marek\AppData\Local\Temp\ccijkSS7.ltrans0.ltrans.o
 .debug_info    0x000031ea     0x1a6c C:\Users\Marek\AppData\Local\Temp\ccijkSS7.ltrans1.ltrans.o
 .debug_info    0x00004c56      0x511 C:\Users\Marek\AppData\Local\Temp\ccijkSS7.ltrans2.ltrans.o
 .debug_info    0x00005167      0x6e1 C:\Users\Marek\AppData\Local\Temp\ccijkSS7.ltrans3.ltrans.o

.debug_abbrev   0x00000000      0xc15
 *(.debug_abbrev)
 .debug_abbrev  0x00000000      0x485 C:\Users\Marek\AppData\Local\Temp\ccijkSS7.ltrans0.ltrans.o
 .debug_abbrev  0x00000485      0x3b5 C:\Users\Marek\AppData\Local\Temp\ccijkSS7.ltrans1.ltrans.o
 .debug_abbrev  0x0000083a      0x1f1 C:\Users\Marek\AppData\Local\Temp\ccijkSS7.ltrans2.ltrans.o
 .debug_abbrev  0x00000a2b      0x1ea C:\Users\Marek\AppData\Local\Temp\ccijkSS7.ltrans3.ltrans.o

.debug_line     0x00000000     0x1622
 *(.debug_line)
 .debug_line    0x00000000      0xba8 C:\Users\Marek\AppData\Local\Temp\ccijkSS7.ltrans0.ltrans.o
 .debug_line    0x00000ba8      0x512 C:\Users\Marek\AppData\Local\Temp\ccijkSS7.ltrans1.ltrans.o
 .debug_line    0x000010ba      0x24d C:\Users\Marek\AppData\Local\Temp\ccijkSS7.ltrans2.ltrans.o
 .debug_line    0x00001307      0x31b C:\Users\Marek\AppData\Local\Temp\ccijkSS7.ltrans3.ltrans.o

.debug_frame    0x00000000      0x258
 *(.debug_frame)
 .debug_frame   0x00000000       0x30 C:\Users\Marek\AppData\Local\Temp\ccijkSS7.ltrans0.ltrans.o
 .debug_frame   0x00000030       0xc0 C:\Users\Marek\AppData\Local\Temp\ccijkSS7.ltrans1.ltrans.o
 .debug_frame   0x000000f0       0x78 C:\Users\Marek\AppData\Local\Temp\ccijkSS7.ltrans2.ltrans.o
 .debug_frame   0x00000168       0xa8 C:\Users\Marek\AppData\Local\Temp\ccijkSS7.ltrans3.ltrans.o
 .debug_frame   0x00000210       0x20 c:/program files (x86)/gnu tools arm embedded/4.9 2015q3/bin/../lib/gcc/arm-none-eabi/4.9.3/armv6-m\libgcc.a(_udivsi3.o)
 .debug_frame   0x00000230       0x28 c:/program files (x86)/gnu tools arm embedded/4.9 2015q3/bin/../lib/gcc/arm-none-eabi/4.9.3/../../../../arm-none-eabi/lib/armv6-m\libg_nano.a(lib_a-memcpy.o)

.debug_str      0x00000000     0x1c96
 *(.debug_str)
 .debug_str     0x00000000     0x184a C:\Users\Marek\AppData\Local\Temp\ccijkSS7.ltrans0.ltrans.o
                               0x1924 (size before relaxing)
 .debug_str     0x0000184a      0x213 C:\Users\Marek\AppData\Local\Temp\ccijkSS7.ltrans1.ltrans.o
                               0x108b (size before relaxing)
 .debug_str     0x00001a5d       0x73 C:\Users\Marek\AppData\Local\Temp\ccijkSS7.ltrans2.ltrans.o
                                0x352 (size before relaxing)
 .debug_str     0x00001ad0      0x1c6 C:\Users\Marek\AppData\Local\Temp\ccijkSS7.ltrans3.ltrans.o
                                0x6f4 (size before relaxing)

.debug_loc      0x00000000     0x149b
 *(.debug_loc)
 .debug_loc     0x00000000      0xf75 C:\Users\Marek\AppData\Local\Temp\ccijkSS7.ltrans0.ltrans.o
 .debug_loc     0x00000f75      0x22c C:\Users\Marek\AppData\Local\Temp\ccijkSS7.ltrans1.ltrans.o
 .debug_loc     0x000011a1      0x2fa C:\Users\Marek\AppData\Local\Temp\ccijkSS7.ltrans2.ltrans.o

.debug_macinfo
 *(.debug_macinfo)

.debug_weaknames
 *(.debug_weaknames)

.debug_funcnames
 *(.debug_funcnames)

.debug_typenames
 *(.debug_typenames)

.debug_varnames
 *(.debug_varnames)
OUTPUT(GMU2.elf elf32-littlearm)

.debug_ranges   0x00000000      0x958
 .debug_ranges  0x00000000      0x7a0 C:\Users\Marek\AppData\Local\Temp\ccijkSS7.ltrans0.ltrans.o
 .debug_ranges  0x000007a0       0xd0 C:\Users\Marek\AppData\Local\Temp\ccijkSS7.ltrans1.ltrans.o
 .debug_ranges  0x00000870       0x68 C:\Users\Marek\AppData\Local\Temp\ccijkSS7.ltrans2.ltrans.o
 .debug_ranges  0x000008d8       0x80 C:\Users\Marek\AppData\Local\Temp\ccijkSS7.ltrans3.ltrans.o
