Archive member included because of file (symbol)

c:/program files/ac6/systemworkbench/plugins/fr.ac6.mcu.externaltools.arm-none.win32_1.3.0.201507241045/tools/compiler/bin/../lib/gcc/arm-none-eabi/4.9.3/../../../../arm-none-eabi/lib/armv7e-m/fpu\libc_nano.a(lib_a-exit.o)
                              c:/program files/ac6/systemworkbench/plugins/fr.ac6.mcu.externaltools.arm-none.win32_1.3.0.201507241045/tools/compiler/bin/../lib/gcc/arm-none-eabi/4.9.3/../../../../arm-none-eabi/lib/armv7e-m/fpu/crt0.o (exit)
c:/program files/ac6/systemworkbench/plugins/fr.ac6.mcu.externaltools.arm-none.win32_1.3.0.201507241045/tools/compiler/bin/../lib/gcc/arm-none-eabi/4.9.3/../../../../arm-none-eabi/lib/armv7e-m/fpu\libc_nano.a(lib_a-impure.o)
                              c:/program files/ac6/systemworkbench/plugins/fr.ac6.mcu.externaltools.arm-none.win32_1.3.0.201507241045/tools/compiler/bin/../lib/gcc/arm-none-eabi/4.9.3/../../../../arm-none-eabi/lib/armv7e-m/fpu\libc_nano.a(lib_a-exit.o) (_global_impure_ptr)
c:/program files/ac6/systemworkbench/plugins/fr.ac6.mcu.externaltools.arm-none.win32_1.3.0.201507241045/tools/compiler/bin/../lib/gcc/arm-none-eabi/4.9.3/../../../../arm-none-eabi/lib/armv7e-m/fpu\libc_nano.a(lib_a-init.o)
                              c:/program files/ac6/systemworkbench/plugins/fr.ac6.mcu.externaltools.arm-none.win32_1.3.0.201507241045/tools/compiler/bin/../lib/gcc/arm-none-eabi/4.9.3/../../../../arm-none-eabi/lib/armv7e-m/fpu/crt0.o (__libc_init_array)
c:/program files/ac6/systemworkbench/plugins/fr.ac6.mcu.externaltools.arm-none.win32_1.3.0.201507241045/tools/compiler/bin/../lib/gcc/arm-none-eabi/4.9.3/../../../../arm-none-eabi/lib/armv7e-m/fpu\libc_nano.a(lib_a-memcpy.o)
                              Middlewares/FreeRTOS/queue.o (memcpy)
c:/program files/ac6/systemworkbench/plugins/fr.ac6.mcu.externaltools.arm-none.win32_1.3.0.201507241045/tools/compiler/bin/../lib/gcc/arm-none-eabi/4.9.3/../../../../arm-none-eabi/lib/armv7e-m/fpu\libc_nano.a(lib_a-memset.o)
                              c:/program files/ac6/systemworkbench/plugins/fr.ac6.mcu.externaltools.arm-none.win32_1.3.0.201507241045/tools/compiler/bin/../lib/gcc/arm-none-eabi/4.9.3/../../../../arm-none-eabi/lib/armv7e-m/fpu/crt0.o (memset)
c:/program files/ac6/systemworkbench/plugins/fr.ac6.mcu.externaltools.arm-none.win32_1.3.0.201507241045/tools/compiler/bin/../lib/gcc/arm-none-eabi/4.9.3/../../../../arm-none-eabi/lib/armv7e-m/fpu\libc_nano.a(lib_a-sprintf.o)
                              Application/User/data_snapshot_saver.o (sprintf)
c:/program files/ac6/systemworkbench/plugins/fr.ac6.mcu.externaltools.arm-none.win32_1.3.0.201507241045/tools/compiler/bin/../lib/gcc/arm-none-eabi/4.9.3/../../../../arm-none-eabi/lib/armv7e-m/fpu\libc_nano.a(lib_a-strlen.o)
                              Application/User/data_snapshot_saver.o (strlen)
c:/program files/ac6/systemworkbench/plugins/fr.ac6.mcu.externaltools.arm-none.win32_1.3.0.201507241045/tools/compiler/bin/../lib/gcc/arm-none-eabi/4.9.3/../../../../arm-none-eabi/lib/armv7e-m/fpu\libc_nano.a(lib_a-nano-svfprintf.o)
                              c:/program files/ac6/systemworkbench/plugins/fr.ac6.mcu.externaltools.arm-none.win32_1.3.0.201507241045/tools/compiler/bin/../lib/gcc/arm-none-eabi/4.9.3/../../../../arm-none-eabi/lib/armv7e-m/fpu\libc_nano.a(lib_a-sprintf.o) (_svfprintf_r)
c:/program files/ac6/systemworkbench/plugins/fr.ac6.mcu.externaltools.arm-none.win32_1.3.0.201507241045/tools/compiler/bin/../lib/gcc/arm-none-eabi/4.9.3/../../../../arm-none-eabi/lib/armv7e-m/fpu\libc_nano.a(lib_a-nano-vfprintf_i.o)
                              c:/program files/ac6/systemworkbench/plugins/fr.ac6.mcu.externaltools.arm-none.win32_1.3.0.201507241045/tools/compiler/bin/../lib/gcc/arm-none-eabi/4.9.3/../../../../arm-none-eabi/lib/armv7e-m/fpu\libc_nano.a(lib_a-nano-svfprintf.o) (_printf_i)
c:/program files/ac6/systemworkbench/plugins/fr.ac6.mcu.externaltools.arm-none.win32_1.3.0.201507241045/tools/compiler/bin/../lib/gcc/arm-none-eabi/4.9.3/../../../../arm-none-eabi/lib/armv7e-m/fpu\libc_nano.a(lib_a-memchr.o)
                              c:/program files/ac6/systemworkbench/plugins/fr.ac6.mcu.externaltools.arm-none.win32_1.3.0.201507241045/tools/compiler/bin/../lib/gcc/arm-none-eabi/4.9.3/../../../../arm-none-eabi/lib/armv7e-m/fpu\libc_nano.a(lib_a-nano-svfprintf.o) (memchr)
c:/program files/ac6/systemworkbench/plugins/fr.ac6.mcu.externaltools.arm-none.win32_1.3.0.201507241045/tools/compiler/bin/../lib/gcc/arm-none-eabi/4.9.3/../../../../arm-none-eabi/lib/armv7e-m/fpu\libc_nano.a(lib_a-memmove.o)
                              c:/program files/ac6/systemworkbench/plugins/fr.ac6.mcu.externaltools.arm-none.win32_1.3.0.201507241045/tools/compiler/bin/../lib/gcc/arm-none-eabi/4.9.3/../../../../arm-none-eabi/lib/armv7e-m/fpu\libc_nano.a(lib_a-nano-svfprintf.o) (memmove)
[...]
Memory Configuration

Name             Origin             Length             Attributes
FLASH            0x08000000         0x00100000         xr
RAM              0x20000000         0x00020000         xrw
CCMRAM           0x10000000         0x00010000         rw
*default*        0x00000000         0xffffffff

Linker script and memory map

LOAD c:/program files/ac6/systemworkbench/plugins/fr.ac6.mcu.externaltools.arm-none.win32_1.3.0.201507241045/tools/compiler/bin/../lib/gcc/arm-none-eabi/4.9.3/armv7e-m/fpu/crti.o
LOAD c:/program files/ac6/systemworkbench/plugins/fr.ac6.mcu.externaltools.arm-none.win32_1.3.0.201507241045/tools/compiler/bin/../lib/gcc/arm-none-eabi/4.9.3/armv7e-m/fpu/crtbegin.o
LOAD c:/program files/ac6/systemworkbench/plugins/fr.ac6.mcu.externaltools.arm-none.win32_1.3.0.201507241045/tools/compiler/bin/../lib/gcc/arm-none-eabi/4.9.3/../../../../arm-none-eabi/lib/armv7e-m/fpu/crt0.o
LOAD c:/program files/ac6/systemworkbench/plugins/fr.ac6.mcu.externaltools.arm-none.win32_1.3.0.201507241045/tools/compiler/bin/../lib/gcc/arm-none-eabi/4.9.3/../../../../arm-none-eabi/lib/armv7e-m/fpu\libm.a
LOAD Middlewares/FreeRTOS/cmsis_os.o
LOAD Middlewares/FreeRTOS/croutine.o
LOAD Middlewares/FreeRTOS/event_groups.o
LOAD Middlewares/FreeRTOS/heap_4.o
LOAD Middlewares/FreeRTOS/list.o
LOAD Middlewares/FreeRTOS/port.o
LOAD Middlewares/FreeRTOS/queue.o
LOAD Middlewares/FreeRTOS/tasks.o
LOAD Middlewares/FreeRTOS/timers.o
LOAD Drivers/STM32F4xx_HAL_Driver/stm32f4xx_hal.o
LOAD Drivers/STM32F4xx_HAL_Driver/stm32f4xx_hal_cortex.o
LOAD Drivers/STM32F4xx_HAL_Driver/stm32f4xx_hal_dma.o
LOAD Drivers/STM32F4xx_HAL_Driver/stm32f4xx_hal_dma_ex.o
LOAD Drivers/STM32F4xx_HAL_Driver/stm32f4xx_hal_flash.o
LOAD Drivers/STM32F4xx_HAL_Driver/stm32f4xx_hal_flash_ex.o
LOAD Drivers/STM32F4xx_HAL_Driver/stm32f4xx_hal_flash_ramfunc.o
LOAD Drivers/STM32F4xx_HAL_Driver/stm32f4xx_hal_gpio.o
LOAD Drivers/STM32F4xx_HAL_Driver/stm32f4xx_hal_pwr.o
LOAD Drivers/STM32F4xx_HAL_Driver/stm32f4xx_hal_pwr_ex.o
LOAD Drivers/STM32F4xx_HAL_Driver/stm32f4xx_hal_rcc.o
LOAD Drivers/STM32F4xx_HAL_Driver/stm32f4xx_hal_rcc_ex.o
LOAD Drivers/STM32F4xx_HAL_Driver/stm32f4xx_hal_uart.o
LOAD Drivers/CMSIS/system_stm32f4xx.o
LOAD Application/User/current_data_provider.o
LOAD Application/User/data_snapshot_saver.o
LOAD Application/User/dma.o
LOAD Application/User/ecumaster.o
LOAD Application/User/freertos.o
LOAD Application/User/gpio.o
LOAD Application/User/main.o
LOAD Application/User/stm32f4xx_hal_msp.o
LOAD Application/User/stm32f4xx_it.o
LOAD Application/User/usart.o
LOAD Application/SW4STM32/startup_stm32f407xx.o
START GROUP
LOAD c:/program files/ac6/systemworkbench/plugins/fr.ac6.mcu.externaltools.arm-none.win32_1.3.0.201507241045/tools/compiler/bin/../lib/gcc/arm-none-eabi/4.9.3/armv7e-m/fpu\libgcc.a
LOAD c:/program files/ac6/systemworkbench/plugins/fr.ac6.mcu.externaltools.arm-none.win32_1.3.0.201507241045/tools/compiler/bin/../lib/gcc/arm-none-eabi/4.9.3/../../../../arm-none-eabi/lib/armv7e-m/fpu\libc_nano.a
END GROUP
START GROUP
LOAD c:/program files/ac6/systemworkbench/plugins/fr.ac6.mcu.externaltools.arm-none.win32_1.3.0.201507241045/tools/compiler/bin/../lib/gcc/arm-none-eabi/4.9.3/armv7e-m/fpu\libgcc.a
LOAD c:/program files/ac6/systemworkbench/plugins/fr.ac6.mcu.externaltools.arm-none.win32_1.3.0.201507241045/tools/compiler/bin/../lib/gcc/arm-none-eabi/4.9.3/../../../../arm-none-eabi/lib/armv7e-m/fpu\libc_nano.a
LOAD c:/program files/ac6/systemworkbench/plugins/fr.ac6.mcu.externaltools.arm-none.win32_1.3.0.201507241045/tools/compiler/bin/../lib/gcc/arm-none-eabi/4.9.3/../../../../arm-none-eabi/lib/armv7e-m/fpu\libnosys.a
END GROUP
START GROUP
LOAD c:/program files/ac6/systemworkbench/plugins/fr.ac6.mcu.externaltools.arm-none.win32_1.3.0.201507241045/tools/compiler/bin/../lib/gcc/arm-none-eabi/4.9.3/armv7e-m/fpu\libgcc.a
LOAD c:/program files/ac6/systemworkbench/plugins/fr.ac6.mcu.externaltools.arm-none.win32_1.3.0.201507241045/tools/compiler/bin/../lib/gcc/arm-none-eabi/4.9.3/../../../../arm-none-eabi/lib/armv7e-m/fpu\libc_nano.a
LOAD c:/program files/ac6/systemworkbench/plugins/fr.ac6.mcu.externaltools.arm-none.win32_1.3.0.201507241045/tools/compiler/bin/../lib/gcc/arm-none-eabi/4.9.3/../../../../arm-none-eabi/lib/armv7e-m/fpu\libnosys.a
END GROUP
LOAD c:/program files/ac6/systemworkbench/plugins/fr.ac6.mcu.externaltools.arm-none.win32_1.3.0.201507241045/tools/compiler/bin/../lib/gcc/arm-none-eabi/4.9.3/armv7e-m/fpu/crtend.o
LOAD c:/program files/ac6/systemworkbench/plugins/fr.ac6.mcu.externaltools.arm-none.win32_1.3.0.201507241045/tools/compiler/bin/../lib/gcc/arm-none-eabi/4.9.3/armv7e-m/fpu/crtn.o
                0x20020000                _estack = 0x20020000
                0x00000200                _Min_Heap_Size = 0x200
                0x00000400                _Min_Stack_Size = 0x400

.isr_vector     0x08000000      0x188
                0x08000000                . = ALIGN (0x4)
 *(.isr_vector)
 .isr_vector    0x08000000      0x188 Application/SW4STM32/startup_stm32f407xx.o
                0x08000000                g_pfnVectors
                0x08000188                . = ALIGN (0x4)

.text           0x08000188     0x4e44
                0x08000188                . = ALIGN (0x4)
 *(.text)
 .text          0x08000188       0x5c c:/program files/ac6/systemworkbench/plugins/fr.ac6.mcu.externaltools.arm-none.win32_1.3.0.201507241045/tools/compiler/bin/../lib/gcc/arm-none-eabi/4.9.3/armv7e-m/fpu/crtbegin.o
 *(.text*)
 .text.makeFreeRtosPriority
                0x080001e4       0x30 Middlewares/FreeRTOS/cmsis_os.o
 .text.inHandlerMode
                0x08000214       0x24 Middlewares/FreeRTOS/cmsis_os.o
 .text.osKernelStart
                0x08000238       0x10 Middlewares/FreeRTOS/cmsis_os.o
                0x08000238                osKernelStart
 .text.osKernelSysTick
                0x08000248       0x20 Middlewares/FreeRTOS/cmsis_os.o
                0x08000248                osKernelSysTick
 .text.osThreadCreate
                0x08000268       0x58 Middlewares/FreeRTOS/cmsis_os.o
                0x08000268                osThreadCreate
 .text.osDelay  0x080002c0       0x28 Middlewares/FreeRTOS/cmsis_os.o
                0x080002c0                osDelay
 .text.osSystickHandler
                0x080002e8       0x14 Middlewares/FreeRTOS/cmsis_os.o
                0x080002e8                osSystickHandler
 .text.osDelayUntil
                0x080002fc       0x2c Middlewares/FreeRTOS/cmsis_os.o
                0x080002fc                osDelayUntil
 .text.pvPortMalloc
                0x08000328      0x184 Middlewares/FreeRTOS/heap_4.o
                0x08000328                pvPortMalloc
 .text.vPortFree
                0x080004ac       0xb0 Middlewares/FreeRTOS/heap_4.o
                0x080004ac                vPortFree
 .text.prvHeapInit
                0x0800055c       0xc4 Middlewares/FreeRTOS/heap_4.o
 .text.prvInsertBlockIntoFreeList
                0x08000620       0xb0 Middlewares/FreeRTOS/heap_4.o
 .text.vListInitialise
                0x080006d0       0x40 Middlewares/FreeRTOS/list.o
                0x080006d0                vListInitialise
 .text.vListInitialiseItem
                0x08000710       0x18 Middlewares/FreeRTOS/list.o
                0x08000710                vListInitialiseItem
 .text.vListInsertEnd
                0x08000728       0x48 Middlewares/FreeRTOS/list.o
                0x08000728                vListInsertEnd
 .text.vListInsert
                0x08000770       0x70 Middlewares/FreeRTOS/list.o
                0x08000770                vListInsert
 .text.uxListRemove
                0x080007e0       0x54 Middlewares/FreeRTOS/list.o
                0x080007e0                uxListRemove
 .text.pxPortInitialiseStack
                0x08000834       0x64 Middlewares/FreeRTOS/port.o
                0x08000834                pxPortInitialiseStack
 .text.prvTaskExitError
                0x08000898       0x3c Middlewares/FreeRTOS/port.o
 .text.SVC_Handler
                0x080008d4       0x20 Middlewares/FreeRTOS/port.o
                0x080008d4                SVC_Handler
 .text.prvPortStartFirstTask
                0x080008f4       0x20 Middlewares/FreeRTOS/port.o
 .text.xPortStartScheduler
                0x08000914      0x118 Middlewares/FreeRTOS/port.o
                0x08000914                xPortStartScheduler
 .text.vPortEnterCritical
                0x08000a2c       0x5c Middlewares/FreeRTOS/port.o
                0x08000a2c                vPortEnterCritical
 .text.vPortExitCritical
                0x08000a88       0x4c Middlewares/FreeRTOS/port.o
                0x08000a88                vPortExitCritical
 .text.PendSV_Handler
                0x08000ad4       0x60 Middlewares/FreeRTOS/port.o
                0x08000ad4                PendSV_Handler
 .text.xPortSysTickHandler
                0x08000b34       0x44 Middlewares/FreeRTOS/port.o
                0x08000b34                xPortSysTickHandler
 .text.vPortSetupTimerInterrupt
                0x08000b78       0x34 Middlewares/FreeRTOS/port.o
                0x08000b78                vPortSetupTimerInterrupt
 .text.vPortEnableVFP
                0x08000bac       0x14 Middlewares/FreeRTOS/port.o
 .text.vPortValidateInterruptPriority
                0x08000bc0       0x78 Middlewares/FreeRTOS/port.o
                0x08000bc0                vPortValidateInterruptPriority
 .text.xTaskGenericCreate
                0x08000c38      0x1a4 Middlewares/FreeRTOS/tasks.o
                0x08000c38                xTaskGenericCreate
 .text.vTaskDelayUntil
                0x08000ddc      0x11c Middlewares/FreeRTOS/tasks.o
                0x08000ddc                vTaskDelayUntil
 .text.vTaskDelay
                0x08000ef8       0xa4 Middlewares/FreeRTOS/tasks.o
                0x08000ef8                vTaskDelay
 .text.vTaskStartScheduler
                0x08000f9c       0x80 Middlewares/FreeRTOS/tasks.o
                0x08000f9c                vTaskStartScheduler
 .text.vTaskSuspendAll
                0x0800101c       0x1c Middlewares/FreeRTOS/tasks.o
                0x0800101c                vTaskSuspendAll
 .text.xTaskResumeAll
                0x08001038      0x12c Middlewares/FreeRTOS/tasks.o
                0x08001038                xTaskResumeAll
 .text.xTaskGetTickCount
                0x08001164       0x20 Middlewares/FreeRTOS/tasks.o
                0x08001164                xTaskGetTickCount
 .text.xTaskGetTickCountFromISR
                0x08001184       0x24 Middlewares/FreeRTOS/tasks.o
                0x08001184                xTaskGetTickCountFromISR
 .text.xTaskIncrementTick
                0x080011a8      0x180 Middlewares/FreeRTOS/tasks.o
                0x080011a8                xTaskIncrementTick
 .text.vTaskSwitchContext
                0x08001328       0xb4 Middlewares/FreeRTOS/tasks.o
                0x08001328                vTaskSwitchContext
 .text.prvIdleTask
                0x080013dc       0x30 Middlewares/FreeRTOS/tasks.o
 .text.prvInitialiseTCBVariables
                0x0800140c       0xa4 Middlewares/FreeRTOS/tasks.o
 .text.prvInitialiseTaskLists
                0x080014b0       0x7c Middlewares/FreeRTOS/tasks.o
 .text.prvCheckTasksWaitingTermination
                0x0800152c       0x74 Middlewares/FreeRTOS/tasks.o
 .text.prvAddCurrentTaskToDelayedList
                0x080015a0       0x6c Middlewares/FreeRTOS/tasks.o
 .text.prvAllocateTCBAndStack
                0x0800160c       0x70 Middlewares/FreeRTOS/tasks.o
 .text.prvDeleteTCB
                0x0800167c       0x20 Middlewares/FreeRTOS/tasks.o
 .text.prvResetNextTaskUnblockTime
                0x0800169c       0x48 Middlewares/FreeRTOS/tasks.o
 .text.xTaskGetSchedulerState
                0x080016e4       0x3c Middlewares/FreeRTOS/tasks.o
                0x080016e4                xTaskGetSchedulerState
 .text.HAL_Init
                0x08001720       0x44 Drivers/STM32F4xx_HAL_Driver/stm32f4xx_hal.o
                0x08001720                HAL_Init
 .text.HAL_InitTick
                0x08001764       0x38 Drivers/STM32F4xx_HAL_Driver/stm32f4xx_hal.o
                0x08001764                HAL_InitTick
 .text.HAL_IncTick
                0x0800179c       0x1c Drivers/STM32F4xx_HAL_Driver/stm32f4xx_hal.o
                0x0800179c                HAL_IncTick
 .text.HAL_GetTick
                0x080017b8       0x18 Drivers/STM32F4xx_HAL_Driver/stm32f4xx_hal.o
                0x080017b8                HAL_GetTick
 .text.HAL_Delay
                0x080017d0       0x2c Drivers/STM32F4xx_HAL_Driver/stm32f4xx_hal.o
                0x080017d0                HAL_Delay
 .text.NVIC_SetPriorityGrouping
                0x080017fc       0x48 Drivers/STM32F4xx_HAL_Driver/stm32f4xx_hal_cortex.o
 .text.NVIC_GetPriorityGrouping
                0x08001844       0x1c Drivers/STM32F4xx_HAL_Driver/stm32f4xx_hal_cortex.o
 .text.NVIC_EnableIRQ
                0x08001860       0x30 Drivers/STM32F4xx_HAL_Driver/stm32f4xx_hal_cortex.o
 .text.NVIC_SetPriority
                0x08001890       0x54 Drivers/STM32F4xx_HAL_Driver/stm32f4xx_hal_cortex.o
 .text.NVIC_EncodePriority
                0x080018e4       0x64 Drivers/STM32F4xx_HAL_Driver/stm32f4xx_hal_cortex.o
 .text.SysTick_Config
                0x08001948       0x44 Drivers/STM32F4xx_HAL_Driver/stm32f4xx_hal_cortex.o
 .text.HAL_NVIC_SetPriorityGrouping
                0x0800198c       0x14 Drivers/STM32F4xx_HAL_Driver/stm32f4xx_hal_cortex.o
                0x0800198c                HAL_NVIC_SetPriorityGrouping
 .text.HAL_NVIC_SetPriority
                0x080019a0       0x38 Drivers/STM32F4xx_HAL_Driver/stm32f4xx_hal_cortex.o
                0x080019a0                HAL_NVIC_SetPriority
 .text.HAL_NVIC_EnableIRQ
                0x080019d8       0x1c Drivers/STM32F4xx_HAL_Driver/stm32f4xx_hal_cortex.o
                0x080019d8                HAL_NVIC_EnableIRQ
 .text.HAL_SYSTICK_Config
                0x080019f4       0x18 Drivers/STM32F4xx_HAL_Driver/stm32f4xx_hal_cortex.o
                0x080019f4                HAL_SYSTICK_Config
 .text.HAL_SYSTICK_CLKSourceConfig
                0x08001a0c       0x38 Drivers/STM32F4xx_HAL_Driver/stm32f4xx_hal_cortex.o
                0x08001a0c                HAL_SYSTICK_CLKSourceConfig
 .text.HAL_DMA_Init
                0x08001a44       0xd8 Drivers/STM32F4xx_HAL_Driver/stm32f4xx_hal_dma.o
                0x08001a44                HAL_DMA_Init
 .text.HAL_DMA_Start_IT
                0x08001b1c       0x84 Drivers/STM32F4xx_HAL_Driver/stm32f4xx_hal_dma.o
                0x08001b1c                HAL_DMA_Start_IT
 .text.HAL_DMA_IRQHandler
                0x08001ba0      0x2f4 Drivers/STM32F4xx_HAL_Driver/stm32f4xx_hal_dma.o
                0x08001ba0                HAL_DMA_IRQHandler
 .text.HAL_DMA_GetState
                0x08001e94       0x1c Drivers/STM32F4xx_HAL_Driver/stm32f4xx_hal_dma.o
                0x08001e94                HAL_DMA_GetState
 .text.DMA_SetConfig
                0x08001eb0       0x5c Drivers/STM32F4xx_HAL_Driver/stm32f4xx_hal_dma.o
 .text.DMA_CalcBaseAndBitshift
                0x08001f0c       0x6c Drivers/STM32F4xx_HAL_Driver/stm32f4xx_hal_dma.o
 .text.HAL_GPIO_Init
                0x08001f78      0x338 Drivers/STM32F4xx_HAL_Driver/stm32f4xx_hal_gpio.o
                0x08001f78                HAL_GPIO_Init
 .text.HAL_GPIO_TogglePin
                0x080022b0       0x24 Drivers/STM32F4xx_HAL_Driver/stm32f4xx_hal_gpio.o
                0x080022b0                HAL_GPIO_TogglePin
 .text.HAL_RCC_OscConfig
                0x080022d4      0x48c Drivers/STM32F4xx_HAL_Driver/stm32f4xx_hal_rcc.o
                0x080022d4                HAL_RCC_OscConfig
 .text.HAL_RCC_ClockConfig
                0x08002760      0x31c Drivers/STM32F4xx_HAL_Driver/stm32f4xx_hal_rcc.o
                0x08002760                HAL_RCC_ClockConfig
 .text.HAL_RCC_GetSysClockFreq
                0x08002a7c       0xfc Drivers/STM32F4xx_HAL_Driver/stm32f4xx_hal_rcc.o
                0x08002a7c                HAL_RCC_GetSysClockFreq
 .text.HAL_RCC_GetHCLKFreq
                0x08002b78       0x50 Drivers/STM32F4xx_HAL_Driver/stm32f4xx_hal_rcc.o
                0x08002b78                HAL_RCC_GetHCLKFreq
 .text.HAL_RCC_GetPCLK1Freq
                0x08002bc8       0x44 Drivers/STM32F4xx_HAL_Driver/stm32f4xx_hal_rcc.o
                0x08002bc8                HAL_RCC_GetPCLK1Freq
 .text.HAL_RCC_GetPCLK2Freq
                0x08002c0c       0x44 Drivers/STM32F4xx_HAL_Driver/stm32f4xx_hal_rcc.o
                0x08002c0c                HAL_RCC_GetPCLK2Freq
 .text.HAL_UART_Init
                0x08002c50       0x94 Drivers/STM32F4xx_HAL_Driver/stm32f4xx_hal_uart.o
                0x08002c50                HAL_UART_Init
 .text.HAL_UART_Transmit_DMA
                0x08002ce4       0xfc Drivers/STM32F4xx_HAL_Driver/stm32f4xx_hal_uart.o
                0x08002ce4                HAL_UART_Transmit_DMA
 .text.HAL_UART_Receive_DMA
                0x08002de0       0xe8 Drivers/STM32F4xx_HAL_Driver/stm32f4xx_hal_uart.o
                0x08002de0                HAL_UART_Receive_DMA
 .text.HAL_UART_IRQHandler
                0x08002ec8      0x1f8 Drivers/STM32F4xx_HAL_Driver/stm32f4xx_hal_uart.o
                0x08002ec8                HAL_UART_IRQHandler
 .text.HAL_UART_TxCpltCallback
                0x080030c0       0x14 Drivers/STM32F4xx_HAL_Driver/stm32f4xx_hal_uart.o
                0x080030c0                HAL_UART_TxCpltCallback
 .text.HAL_UART_TxHalfCpltCallback
                0x080030d4       0x14 Drivers/STM32F4xx_HAL_Driver/stm32f4xx_hal_uart.o
                0x080030d4                HAL_UART_TxHalfCpltCallback
 .text.HAL_UART_RxCpltCallback
                0x080030e8       0x14 Drivers/STM32F4xx_HAL_Driver/stm32f4xx_hal_uart.o
                0x080030e8                HAL_UART_RxCpltCallback
 .text.HAL_UART_RxHalfCpltCallback
                0x080030fc       0x14 Drivers/STM32F4xx_HAL_Driver/stm32f4xx_hal_uart.o
                0x080030fc                HAL_UART_RxHalfCpltCallback
 .text.HAL_UART_ErrorCallback
                0x08003110       0x14 Drivers/STM32F4xx_HAL_Driver/stm32f4xx_hal_uart.o
                0x08003110                HAL_UART_ErrorCallback
 .text.UART_DMATransmitCplt
                0x08003124       0x50 Drivers/STM32F4xx_HAL_Driver/stm32f4xx_hal_uart.o
 .text.UART_DMATxHalfCplt
                0x08003174       0x1c Drivers/STM32F4xx_HAL_Driver/stm32f4xx_hal_uart.o
 .text.UART_DMAReceiveCplt
                0x08003190       0x5c Drivers/STM32F4xx_HAL_Driver/stm32f4xx_hal_uart.o
 .text.UART_DMARxHalfCplt
                0x080031ec       0x1c Drivers/STM32F4xx_HAL_Driver/stm32f4xx_hal_uart.o
 .text.UART_DMAError
                0x08003208       0x3c Drivers/STM32F4xx_HAL_Driver/stm32f4xx_hal_uart.o
 .text.UART_Transmit_IT
                0x08003244       0xb8 Drivers/STM32F4xx_HAL_Driver/stm32f4xx_hal_uart.o
 .text.UART_EndTransmit_IT
                0x080032fc       0x68 Drivers/STM32F4xx_HAL_Driver/stm32f4xx_hal_uart.o
 .text.UART_Receive_IT
                0x08003364      0x128 Drivers/STM32F4xx_HAL_Driver/stm32f4xx_hal_uart.o
 .text.UART_SetConfig
                0x0800348c      0x2d4 Drivers/STM32F4xx_HAL_Driver/stm32f4xx_hal_uart.o
 .text.SystemInit
                0x08003760       0x6c Drivers/CMSIS/system_stm32f4xx.o
                0x08003760                SystemInit
 .text.saveCurrentData
                0x080037cc       0x28 Application/User/current_data_provider.o
                0x080037cc                saveCurrentData
 .text.getCurrentData
                0x080037f4       0x14 Application/User/current_data_provider.o
                0x080037f4                getCurrentData
 .text.saveActualData
                0x08003808       0xcc Application/User/data_snapshot_saver.o
                0x08003808                saveActualData
 .text.MX_DMA_Init
                0x080038d4       0x60 Application/User/dma.o
                0x080038d4                MX_DMA_Init
 .text.ECU_receivedByteNotification
                0x08003934       0x20 Application/User/ecumaster.o
                0x08003934                ECU_receivedByteNotification
 .text.ECU_getNextReceivedBytePointer
                0x08003954       0x24 Application/User/ecumaster.o
                0x08003954                ECU_getNextReceivedBytePointer
 .text.ECU_saveCurrentData
                0x08003978      0x650 Application/User/ecumaster.o
                0x08003978                ECU_saveCurrentData
 .text.MX_FREERTOS_Init
                0x08003fc8       0xb0 Application/User/freertos.o
                0x08003fc8                MX_FREERTOS_Init
 .text.StartDefaultTask
                0x08004078       0x10 Application/User/freertos.o
                0x08004078                StartDefaultTask
 .text.StartSaveActualDataTask
                0x08004088       0x24 Application/User/freertos.o
                0x08004088                StartSaveActualDataTask
 .text.StartSaveActualBytesFromECUTask
                0x080040ac       0x24 Application/User/freertos.o
                0x080040ac                StartSaveActualBytesFromECUTask
 .text.StartLedBlinkingTask
                0x080040d0       0x20 Application/User/freertos.o
                0x080040d0                StartLedBlinkingTask
 .text.MX_GPIO_Init
                0x080040f0      0x13c Application/User/gpio.o
                0x080040f0                MX_GPIO_Init
 .text.main     0x0800422c       0x3c Application/User/main.o
                0x0800422c                main
 .text.SystemClock_Config
                0x08004268       0xc0 Application/User/main.o
                0x08004268                SystemClock_Config
 .text.HAL_MspInit
                0x08004328       0x18 Application/User/stm32f4xx_hal_msp.o
                0x08004328                HAL_MspInit
 .text.SysTick_Handler
                0x08004340       0x10 Application/User/stm32f4xx_it.o
                0x08004340                SysTick_Handler
 .text.DMA1_Stream6_IRQHandler
                0x08004350       0x10 Application/User/stm32f4xx_it.o
                0x08004350                DMA1_Stream6_IRQHandler
 .text.USART1_IRQHandler
                0x08004360       0x48 Application/User/stm32f4xx_it.o
                0x08004360                USART1_IRQHandler
 .text.USART2_IRQHandler
                0x080043a8       0x10 Application/User/stm32f4xx_it.o
                0x080043a8                USART2_IRQHandler
 .text.DMA2_Stream2_IRQHandler
                0x080043b8       0x10 Application/User/stm32f4xx_it.o
                0x080043b8                DMA2_Stream2_IRQHandler
 .text.MX_USART1_UART_Init
                0x080043c8       0x48 Application/User/usart.o
                0x080043c8                MX_USART1_UART_Init
 .text.MX_USART2_UART_Init
                0x08004410       0x48 Application/User/usart.o
                0x08004410                MX_USART2_UART_Init
 .text.HAL_UART_MspInit
                0x08004458      0x184 Application/User/usart.o
                0x08004458                HAL_UART_MspInit
 .text.UART2_TransmitData
                0x080045dc       0x64 Application/User/usart.o
                0x080045dc                UART2_TransmitData
 .text.UART1_ReceiveDataFromECU_DMA
                0x08004640       0x6c Application/User/usart.o
                0x08004640                UART1_ReceiveDataFromECU_DMA
 .text.Reset_Handler
                0x080046ac       0x50 Application/SW4STM32/startup_stm32f407xx.o
                0x080046ac                Reset_Handler
 .text.Default_Handler
                0x080046fc        0x2 Application/SW4STM32/startup_stm32f407xx.o
                0x080046fc                RTC_Alarm_IRQHandler
                0x080046fc                HASH_RNG_IRQHandler
                0x080046fc                EXTI2_IRQHandler
                0x080046fc                TIM8_CC_IRQHandler
                0x080046fc                DebugMon_Handler
                0x080046fc                TIM1_CC_IRQHandler
                0x080046fc                DMA2_Stream5_IRQHandler
                0x080046fc                HardFault_Handler
                0x080046fc                DMA1_Stream5_IRQHandler
                0x080046fc                PVD_IRQHandler
                0x080046fc                SDIO_IRQHandler
                0x080046fc                TAMP_STAMP_IRQHandler
                0x080046fc                NMI_Handler
                0x080046fc                CAN2_RX1_IRQHandler
                0x080046fc                EXTI3_IRQHandler
                0x080046fc                TIM8_TRG_COM_TIM14_IRQHandler
                0x080046fc                TIM1_UP_TIM10_IRQHandler
                0x080046fc                TIM8_UP_TIM13_IRQHandler
                0x080046fc                I2C3_ER_IRQHandler
                0x080046fc                EXTI0_IRQHandler
                0x080046fc                I2C2_EV_IRQHandler
                0x080046fc                DMA1_Stream2_IRQHandler
                0x080046fc                CAN1_RX0_IRQHandler
                0x080046fc                FPU_IRQHandler
                0x080046fc                OTG_HS_WKUP_IRQHandler
                0x080046fc                UsageFault_Handler
                0x080046fc                CAN2_SCE_IRQHandler
                0x080046fc                SPI1_IRQHandler
                0x080046fc                TIM6_DAC_IRQHandler
                0x080046fc                TIM1_BRK_TIM9_IRQHandler
                0x080046fc                DCMI_IRQHandler
                0x080046fc                CAN2_RX0_IRQHandler
                0x080046fc                DMA2_Stream3_IRQHandler
                0x080046fc                USART6_IRQHandler
                0x080046fc                USART3_IRQHandler
                0x080046fc                CAN1_RX1_IRQHandler
                0x080046fc                UART5_IRQHandler
                0x080046fc                DMA2_Stream0_IRQHandler
                0x080046fc                TIM4_IRQHandler
                0x080046fc                I2C1_EV_IRQHandler
                0x080046fc                DMA1_Stream1_IRQHandler
                0x080046fc                UART4_IRQHandler
                0x080046fc                TIM3_IRQHandler
                0x080046fc                RCC_IRQHandler
                0x080046fc                TIM8_BRK_TIM12_IRQHandler
                0x080046fc                Default_Handler
                0x080046fc                EXTI15_10_IRQHandler
                0x080046fc                ADC_IRQHandler
                0x080046fc                DMA1_Stream7_IRQHandler
                0x080046fc                TIM7_IRQHandler
                0x080046fc                CAN2_TX_IRQHandler
                0x080046fc                TIM5_IRQHandler
                0x080046fc                DMA2_Stream7_IRQHandler
                0x080046fc                I2C3_EV_IRQHandler
                0x080046fc                EXTI9_5_IRQHandler
                0x080046fc                RTC_WKUP_IRQHandler
                0x080046fc                ETH_WKUP_IRQHandler
                0x080046fc                SPI2_IRQHandler
                0x080046fc                OTG_HS_EP1_IN_IRQHandler
                0x080046fc                MemManage_Handler
                0x080046fc                DMA1_Stream0_IRQHandler
                0x080046fc                CAN1_TX_IRQHandler
                0x080046fc                EXTI4_IRQHandler
                0x080046fc                FSMC_IRQHandler
                0x080046fc                ETH_IRQHandler
                0x080046fc                OTG_HS_EP1_OUT_IRQHandler
                0x080046fc                WWDG_IRQHandler
                0x080046fc                TIM2_IRQHandler
                0x080046fc                OTG_FS_WKUP_IRQHandler
                0x080046fc                TIM1_TRG_COM_TIM11_IRQHandler
                0x080046fc                OTG_HS_IRQHandler
                0x080046fc                EXTI1_IRQHandler
                0x080046fc                I2C2_ER_IRQHandler
                0x080046fc                DMA2_Stream1_IRQHandler
                0x080046fc                CAN1_SCE_IRQHandler
                0x080046fc                FLASH_IRQHandler
                0x080046fc                DMA2_Stream4_IRQHandler
                0x080046fc                BusFault_Handler
                0x080046fc                OTG_FS_IRQHandler
                0x080046fc                SPI3_IRQHandler
                0x080046fc                DMA1_Stream4_IRQHandler
                0x080046fc                I2C1_ER_IRQHandler
                0x080046fc                DMA2_Stream6_IRQHandler
                0x080046fc                DMA1_Stream3_IRQHandler
 *fill*         0x080046fe        0x2 
 .text.__libc_init_array
                0x08004700       0x4c c:/program files/ac6/systemworkbench/plugins/fr.ac6.mcu.externaltools.arm-none.win32_1.3.0.201507241045/tools/compiler/bin/../lib/gcc/arm-none-eabi/4.9.3/../../../../arm-none-eabi/lib/armv7e-m/fpu\libc_nano.a(lib_a-init.o)
                0x08004700                __libc_init_array
 .text.memcpy   0x0800474c       0x16 c:/program files/ac6/systemworkbench/plugins/fr.ac6.mcu.externaltools.arm-none.win32_1.3.0.201507241045/tools/compiler/bin/../lib/gcc/arm-none-eabi/4.9.3/../../../../arm-none-eabi/lib/armv7e-m/fpu\libc_nano.a(lib_a-memcpy.o)
                0x0800474c                memcpy
 .text.memset   0x08004762       0x10 c:/program files/ac6/systemworkbench/plugins/fr.ac6.mcu.externaltools.arm-none.win32_1.3.0.201507241045/tools/compiler/bin/../lib/gcc/arm-none-eabi/4.9.3/../../../../arm-none-eabi/lib/armv7e-m/fpu\libc_nano.a(lib_a-memset.o)
                0x08004762                memset
 *fill*         0x08004772        0x2 
 .text.sprintf  0x08004774       0x48 c:/program files/ac6/systemworkbench/plugins/fr.ac6.mcu.externaltools.arm-none.win32_1.3.0.201507241045/tools/compiler/bin/../lib/gcc/arm-none-eabi/4.9.3/../../../../arm-none-eabi/lib/armv7e-m/fpu\libc_nano.a(lib_a-sprintf.o)
                0x08004774                siprintf
                0x08004774                sprintf
 .text.strlen   0x080047bc       0x10 c:/program files/ac6/systemworkbench/plugins/fr.ac6.mcu.externaltools.arm-none.win32_1.3.0.201507241045/tools/compiler/bin/../lib/gcc/arm-none-eabi/4.9.3/../../../../arm-none-eabi/lib/armv7e-m/fpu\libc_nano.a(lib_a-strlen.o)
                0x080047bc                strlen
 .text.__ssputs_r
                0x080047cc       0xb2 c:/program files/ac6/systemworkbench/plugins/fr.ac6.mcu.externaltools.arm-none.win32_1.3.0.201507241045/tools/compiler/bin/../lib/gcc/arm-none-eabi/4.9.3/../../../../arm-none-eabi/lib/armv7e-m/fpu\libc_nano.a(lib_a-nano-svfprintf.o)
                0x080047cc                __ssputs_r
 *fill*         0x0800487e        0x2 
 .text._svfprintf_r
                0x08004880      0x1e4 c:/program files/ac6/systemworkbench/plugins/fr.ac6.mcu.externaltools.arm-none.win32_1.3.0.201507241045/tools/compiler/bin/../lib/gcc/arm-none-eabi/4.9.3/../../../../arm-none-eabi/lib/armv7e-m/fpu\libc_nano.a(lib_a-nano-svfprintf.o)
                0x08004880                _svfiprintf_r
                0x08004880                _svfprintf_r
 .text._printf_common
                0x08004a64       0xea c:/program files/ac6/systemworkbench/plugins/fr.ac6.mcu.externaltools.arm-none.win32_1.3.0.201507241045/tools/compiler/bin/../lib/gcc/arm-none-eabi/4.9.3/../../../../arm-none-eabi/lib/armv7e-m/fpu\libc_nano.a(lib_a-nano-vfprintf_i.o)
                0x08004a64                _printf_common
 *fill*         0x08004b4e        0x2 
 .text._printf_i
                0x08004b50      0x240 c:/program files/ac6/systemworkbench/plugins/fr.ac6.mcu.externaltools.arm-none.win32_1.3.0.201507241045/tools/compiler/bin/../lib/gcc/arm-none-eabi/4.9.3/../../../../arm-none-eabi/lib/armv7e-m/fpu\libc_nano.a(lib_a-nano-vfprintf_i.o)
                0x08004b50                _printf_i
 .text.memchr   0x08004d90       0x1e c:/program files/ac6/systemworkbench/plugins/fr.ac6.mcu.externaltools.arm-none.win32_1.3.0.201507241045/tools/compiler/bin/../lib/gcc/arm-none-eabi/4.9.3/../../../../arm-none-eabi/lib/armv7e-m/fpu\libc_nano.a(lib_a-memchr.o)
                0x08004d90                memchr
 .text.memmove  0x08004dae       0x36 c:/program files/ac6/systemworkbench/plugins/fr.ac6.mcu.externaltools.arm-none.win32_1.3.0.201507241045/tools/compiler/bin/../lib/gcc/arm-none-eabi/4.9.3/../../../../arm-none-eabi/lib/armv7e-m/fpu\libc_nano.a(lib_a-memmove.o)
                0x08004dae                memmove
 .text._free_r  0x08004de4       0x88 c:/program files/ac6/systemworkbench/plugins/fr.ac6.mcu.externaltools.arm-none.win32_1.3.0.201507241045/tools/compiler/bin/../lib/gcc/arm-none-eabi/4.9.3/../../../../arm-none-eabi/lib/armv7e-m/fpu\libc_nano.a(lib_a-nano-freer.o)
                0x08004de4                _free_r
 .text._malloc_r
                0x08004e6c       0xac c:/program files/ac6/systemworkbench/plugins/fr.ac6.mcu.externaltools.arm-none.win32_1.3.0.201507241045/tools/compiler/bin/../lib/gcc/arm-none-eabi/4.9.3/../../../../arm-none-eabi/lib/armv7e-m/fpu\libc_nano.a(lib_a-nano-mallocr.o)
                0x08004e6c                _malloc_r
 .text._realloc_r
                0x08004f18       0x4c c:/program files/ac6/systemworkbench/plugins/fr.ac6.mcu.externaltools.arm-none.win32_1.3.0.201507241045/tools/compiler/bin/../lib/gcc/arm-none-eabi/4.9.3/../../../../arm-none-eabi/lib/armv7e-m/fpu\libc_nano.a(lib_a-nano-reallocr.o)
                0x08004f18                _realloc_r
 .text._sbrk_r  0x08004f64       0x20 c:/program files/ac6/systemworkbench/plugins/fr.ac6.mcu.externaltools.arm-none.win32_1.3.0.201507241045/tools/compiler/bin/../lib/gcc/arm-none-eabi/4.9.3/../../../../arm-none-eabi/lib/armv7e-m/fpu\libc_nano.a(lib_a-sbrkr.o)
                0x08004f64                _sbrk_r
 .text._malloc_usable_size_r
                0x08004f84       0x14 c:/program files/ac6/systemworkbench/plugins/fr.ac6.mcu.externaltools.arm-none.win32_1.3.0.201507241045/tools/compiler/bin/../lib/gcc/arm-none-eabi/4.9.3/../../../../arm-none-eabi/lib/armv7e-m/fpu\libc_nano.a(lib_a-nano-msizer.o)
                0x08004f84                _malloc_usable_size_r
 .text._sbrk    0x08004f98       0x1c c:/program files/ac6/systemworkbench/plugins/fr.ac6.mcu.externaltools.arm-none.win32_1.3.0.201507241045/tools/compiler/bin/../lib/gcc/arm-none-eabi/4.9.3/../../../../arm-none-eabi/lib/armv7e-m/fpu\libnosys.a(sbrk.o)
                0x08004f98                _sbrk
 *(.glue_7)
 .glue_7        0x00000000        0x0 linker stubs
 *(.glue_7t)
 .glue_7t       0x00000000        0x0 linker stubs
 *(.eh_frame)
 .eh_frame      0x08004fb4        0x0 c:/program files/ac6/systemworkbench/plugins/fr.ac6.mcu.externaltools.arm-none.win32_1.3.0.201507241045/tools/compiler/bin/../lib/gcc/arm-none-eabi/4.9.3/armv7e-m/fpu/crtbegin.o
 *(.init)
 .init          0x08004fb4        0x4 c:/program files/ac6/systemworkbench/plugins/fr.ac6.mcu.externaltools.arm-none.win32_1.3.0.201507241045/tools/compiler/bin/../lib/gcc/arm-none-eabi/4.9.3/armv7e-m/fpu/crti.o
                0x08004fb4                _init
 .init          0x08004fb8        0x8 c:/program files/ac6/systemworkbench/plugins/fr.ac6.mcu.externaltools.arm-none.win32_1.3.0.201507241045/tools/compiler/bin/../lib/gcc/arm-none-eabi/4.9.3/armv7e-m/fpu/crtn.o
 *(.fini)
 .fini          0x08004fc0        0x4 c:/program files/ac6/systemworkbench/plugins/fr.ac6.mcu.externaltools.arm-none.win32_1.3.0.201507241045/tools/compiler/bin/../lib/gcc/arm-none-eabi/4.9.3/armv7e-m/fpu/crti.o
                0x08004fc0                _fini
 .fini          0x08004fc4        0x8 c:/program files/ac6/systemworkbench/plugins/fr.ac6.mcu.externaltools.arm-none.win32_1.3.0.201507241045/tools/compiler/bin/../lib/gcc/arm-none-eabi/4.9.3/armv7e-m/fpu/crtn.o
                0x08004fcc                . = ALIGN (0x4)
                0x08004fcc                _etext = .

.vfp11_veneer   0x08004fcc        0x0
 .vfp11_veneer  0x00000000        0x0 linker stubs

.v4_bx          0x08004fcc        0x0
 .v4_bx         0x00000000        0x0 linker stubs

.iplt           0x08004fcc        0x0
 .iplt          0x00000000        0x0 c:/program files/ac6/systemworkbench/plugins/fr.ac6.mcu.externaltools.arm-none.win32_1.3.0.201507241045/tools/compiler/bin/../lib/gcc/arm-none-eabi/4.9.3/armv7e-m/fpu/crtbegin.o

.rodata         0x08004fcc      0x124
                0x08004fcc                . = ALIGN (0x4)
 *(.rodata)
 .rodata        0x08004fcc        0x8 Middlewares/FreeRTOS/tasks.o
 .rodata        0x08004fd4        0x8 Drivers/STM32F4xx_HAL_Driver/stm32f4xx_hal_dma.o
 .rodata        0x08004fdc       0x10 Drivers/STM32F4xx_HAL_Driver/stm32f4xx_hal_rcc.o
                0x08004fdc                APBAHBPrescTable
 .rodata        0x08004fec       0x30 Application/User/data_snapshot_saver.o
 .rodata        0x0800501c       0x9c Application/User/freertos.o
 *(.rodata*)
 .rodata.str1.1
                0x080050b8        0x2 c:/program files/ac6/systemworkbench/plugins/fr.ac6.mcu.externaltools.arm-none.win32_1.3.0.201507241045/tools/compiler/bin/../lib/gcc/arm-none-eabi/4.9.3/../../../../arm-none-eabi/lib/armv7e-m/fpu\libc_nano.a(lib_a-impure.o)
 .rodata.str1.1
                0x080050ba       0x11 c:/program files/ac6/systemworkbench/plugins/fr.ac6.mcu.externaltools.arm-none.win32_1.3.0.201507241045/tools/compiler/bin/../lib/gcc/arm-none-eabi/4.9.3/../../../../arm-none-eabi/lib/armv7e-m/fpu\libc_nano.a(lib_a-nano-svfprintf.o)
 .rodata.str1.1
                0x080050cb       0x22 c:/program files/ac6/systemworkbench/plugins/fr.ac6.mcu.externaltools.arm-none.win32_1.3.0.201507241045/tools/compiler/bin/../lib/gcc/arm-none-eabi/4.9.3/../../../../arm-none-eabi/lib/armv7e-m/fpu\libc_nano.a(lib_a-nano-vfprintf_i.o)
                0x080050f0                . = ALIGN (0x4)
 *fill*         0x080050ed        0x3 

.rel.dyn        0x080050f0        0x0
 .rel.iplt      0x00000000        0x0 c:/program files/ac6/systemworkbench/plugins/fr.ac6.mcu.externaltools.arm-none.win32_1.3.0.201507241045/tools/compiler/bin/../lib/gcc/arm-none-eabi/4.9.3/armv7e-m/fpu/crtbegin.o

.ARM.extab
 *(.ARM.extab* .gnu.linkonce.armextab.*)

.ARM            0x080050f0        0x0
                0x080050f0                __exidx_start = .
 *(.ARM.exidx*)
                0x080050f0                __exidx_end = .

.preinit_array  0x080050f0        0x0
                0x080050f0                PROVIDE (__preinit_array_start, .)
 *(.preinit_array*)
                0x080050f0                PROVIDE (__preinit_array_end, .)

.init_array     0x080050f0        0x4
                0x080050f0                PROVIDE (__init_array_start, .)
 *(SORT(.init_array.*))
 *(.init_array*)
 .init_array    0x080050f0        0x4 c:/program files/ac6/systemworkbench/plugins/fr.ac6.mcu.externaltools.arm-none.win32_1.3.0.201507241045/tools/compiler/bin/../lib/gcc/arm-none-eabi/4.9.3/armv7e-m/fpu/crtbegin.o
                0x080050f4                PROVIDE (__init_array_end, .)

.fini_array     0x080050f4        0x4
                0x080050f4                PROVIDE (__fini_array_start, .)
 *(SORT(.fini_array.*))
 *(.fini_array*)
 .fini_array    0x080050f4        0x4 c:/program files/ac6/systemworkbench/plugins/fr.ac6.mcu.externaltools.arm-none.win32_1.3.0.201507241045/tools/compiler/bin/../lib/gcc/arm-none-eabi/4.9.3/armv7e-m/fpu/crtbegin.o
                0x080050f8                PROVIDE (__fini_array_end, .)
                0x080050f8                _sidata = LOADADDR (.data)

.data           0x20000000       0x70 load address 0x080050f8
                0x20000000                . = ALIGN (0x4)
                0x20000000                _sdata = .
 *(.data)
 .data          0x20000000        0x4 Middlewares/FreeRTOS/port.o
 .data          0x20000004        0x4 Middlewares/FreeRTOS/tasks.o
 .data          0x20000008        0x4 Drivers/CMSIS/system_stm32f4xx.o
                0x20000008                SystemCoreClock
 *(.data*)
 .data.impure_data
                0x2000000c       0x60 c:/program files/ac6/systemworkbench/plugins/fr.ac6.mcu.externaltools.arm-none.win32_1.3.0.201507241045/tools/compiler/bin/../lib/gcc/arm-none-eabi/4.9.3/../../../../arm-none-eabi/lib/armv7e-m/fpu\libc_nano.a(lib_a-impure.o)
 .data._impure_ptr
                0x2000006c        0x4 c:/program files/ac6/systemworkbench/plugins/fr.ac6.mcu.externaltools.arm-none.win32_1.3.0.201507241045/tools/compiler/bin/../lib/gcc/arm-none-eabi/4.9.3/../../../../arm-none-eabi/lib/armv7e-m/fpu\libc_nano.a(lib_a-impure.o)
                0x2000006c                _impure_ptr
                0x20000070                . = ALIGN (0x4)
                0x20000070                _edata = .
                0x08005168                _siccmram = LOADADDR (.ccmram)

.jcr            0x20000070        0x0 load address 0x08005168
 .jcr           0x20000070        0x0 c:/program files/ac6/systemworkbench/plugins/fr.ac6.mcu.externaltools.arm-none.win32_1.3.0.201507241045/tools/compiler/bin/../lib/gcc/arm-none-eabi/4.9.3/armv7e-m/fpu/crtbegin.o

.igot.plt       0x20000070        0x0 load address 0x08005168
 .igot.plt      0x00000000        0x0 c:/program files/ac6/systemworkbench/plugins/fr.ac6.mcu.externaltools.arm-none.win32_1.3.0.201507241045/tools/compiler/bin/../lib/gcc/arm-none-eabi/4.9.3/armv7e-m/fpu/crtbegin.o

.ccmram         0x10000000        0x0 load address 0x08005168
                0x10000000                . = ALIGN (0x4)
                0x10000000                _sccmram = .
 *(.ccmram)
 *(.ccmram*)
                0x10000000                . = ALIGN (0x4)
                0x10000000                _eccmram = .
                0x10000000                . = ALIGN (0x4)

.bss            0x20000070     0x45b8
                0x20000070                _sbss = .
                0x20000070                __bss_start__ = _sbss
 *(.bss)
 .bss           0x20000070       0x1c c:/program files/ac6/systemworkbench/plugins/fr.ac6.mcu.externaltools.arm-none.win32_1.3.0.201507241045/tools/compiler/bin/../lib/gcc/arm-none-eabi/4.9.3/armv7e-m/fpu/crtbegin.o
 .bss           0x2000008c     0x3c18 Middlewares/FreeRTOS/heap_4.o
 .bss           0x20003ca4        0x8 Middlewares/FreeRTOS/port.o
 .bss           0x20003cac      0x124 Middlewares/FreeRTOS/tasks.o
                0x20003cac                pxCurrentTCB
 .bss           0x20003dd0        0x4 Drivers/STM32F4xx_HAL_Driver/stm32f4xx_hal.o
 .bss           0x20003dd4      0x504 Application/User/ecumaster.o
 *(.bss*)
 .bss.__malloc_sbrk_start
                0x200042d8        0x4 c:/program files/ac6/systemworkbench/plugins/fr.ac6.mcu.externaltools.arm-none.win32_1.3.0.201507241045/tools/compiler/bin/../lib/gcc/arm-none-eabi/4.9.3/../../../../arm-none-eabi/lib/armv7e-m/fpu\libc_nano.a(lib_a-nano-mallocr.o)
                0x200042d8                __malloc_sbrk_start
 .bss.__malloc_free_list
                0x200042dc        0x4 c:/program files/ac6/systemworkbench/plugins/fr.ac6.mcu.externaltools.arm-none.win32_1.3.0.201507241045/tools/compiler/bin/../lib/gcc/arm-none-eabi/4.9.3/../../../../arm-none-eabi/lib/armv7e-m/fpu\libc_nano.a(lib_a-nano-mallocr.o)
                0x200042dc                __malloc_free_list
 .bss.heap_end.4079
                0x200042e0        0x4 c:/program files/ac6/systemworkbench/plugins/fr.ac6.mcu.externaltools.arm-none.win32_1.3.0.201507241045/tools/compiler/bin/../lib/gcc/arm-none-eabi/4.9.3/../../../../arm-none-eabi/lib/armv7e-m/fpu\libnosys.a(sbrk.o)
 *(COMMON)
 COMMON         0x200042e4      0x200 Application/User/current_data_provider.o
                0x200042e4                currentData
 COMMON         0x200044e4       0x10 Application/User/freertos.o
                0x200044e4                defaultTaskHandle
                0x200044e8                saveActualBytesFromECUTaskHandle
                0x200044ec                ledBlinkingTaskHandle
                0x200044f0                saveActualDataTaskHandle
 COMMON         0x200044f4      0x130 Application/User/usart.o
                0x200044f4                hdma_usart1_rx
                0x2000454c                hdma_usart2_tx
                0x200045a4                huart1
                0x200045e4                huart2
 COMMON         0x20004624        0x4 c:/program files/ac6/systemworkbench/plugins/fr.ac6.mcu.externaltools.arm-none.win32_1.3.0.201507241045/tools/compiler/bin/../lib/gcc/arm-none-eabi/4.9.3/../../../../arm-none-eabi/lib/armv7e-m/fpu\libc_nano.a(lib_a-reent.o)
                0x20004624                errno
                0x20004628                . = ALIGN (0x4)
                0x20004628                _ebss = .
                0x20004628                __bss_end__ = _ebss

._user_heap_stack
                0x20004628      0x600
                0x20004628                . = ALIGN (0x8)
                0x20004628                PROVIDE (end, .)
                0x20004628                PROVIDE (_end, .)
                0x20004828                . = (. + _Min_Heap_Size)
 *fill*         0x20004628      0x200 
                0x20004c28                . = (. + _Min_Stack_Size)
 *fill*         0x20004828      0x400 
                0x20004c28                . = ALIGN (0x8)

/DISCARD/
 libc.a(*)
 libm.a(*)
 libgcc.a(*)

.ARM.attributes
                0x00000000       0x30
 *(.ARM.attributes)
 .ARM.attributes
                0x00000000       0x22 c:/program files/ac6/systemworkbench/plugins/fr.ac6.mcu.externaltools.arm-none.win32_1.3.0.201507241045/tools/compiler/bin/../lib/gcc/arm-none-eabi/4.9.3/armv7e-m/fpu/crti.o
 .ARM.attributes
                0x00000022       0x34 c:/program files/ac6/systemworkbench/plugins/fr.ac6.mcu.externaltools.arm-none.win32_1.3.0.201507241045/tools/compiler/bin/../lib/gcc/arm-none-eabi/4.9.3/armv7e-m/fpu/crtbegin.o
 .ARM.attributes
                0x00000056       0x39 Middlewares/FreeRTOS/cmsis_os.o
 .ARM.attributes
                0x0000008f       0x39 Middlewares/FreeRTOS/heap_4.o
 .ARM.attributes
                0x000000c8       0x39 Middlewares/FreeRTOS/list.o
 .ARM.attributes
                0x00000101       0x39 Middlewares/FreeRTOS/port.o
 .ARM.attributes
                0x0000013a       0x39 Middlewares/FreeRTOS/tasks.o
 .ARM.attributes
                0x00000173       0x39 Drivers/STM32F4xx_HAL_Driver/stm32f4xx_hal.o
 .ARM.attributes
                0x000001ac       0x39 Drivers/STM32F4xx_HAL_Driver/stm32f4xx_hal_cortex.o
 .ARM.attributes
                0x000001e5       0x39 Drivers/STM32F4xx_HAL_Driver/stm32f4xx_hal_dma.o
 .ARM.attributes
                0x0000021e       0x39 Drivers/STM32F4xx_HAL_Driver/stm32f4xx_hal_gpio.o
 .ARM.attributes
                0x00000257       0x39 Drivers/STM32F4xx_HAL_Driver/stm32f4xx_hal_rcc.o
 .ARM.attributes
                0x00000290       0x39 Drivers/STM32F4xx_HAL_Driver/stm32f4xx_hal_uart.o
 .ARM.attributes
                0x000002c9       0x39 Drivers/CMSIS/system_stm32f4xx.o
 .ARM.attributes
                0x00000302       0x39 Application/User/current_data_provider.o
 .ARM.attributes
                0x0000033b       0x39 Application/User/data_snapshot_saver.o
 .ARM.attributes
                0x00000374       0x39 Application/User/dma.o
 .ARM.attributes
                0x000003ad       0x39 Application/User/ecumaster.o
 .ARM.attributes
                0x000003e6       0x39 Application/User/freertos.o
 .ARM.attributes
                0x0000041f       0x39 Application/User/gpio.o
 .ARM.attributes
                0x00000458       0x39 Application/User/main.o
 .ARM.attributes
                0x00000491       0x39 Application/User/stm32f4xx_hal_msp.o
 .ARM.attributes
                0x000004ca       0x39 Application/User/stm32f4xx_it.o
 .ARM.attributes
                0x00000503       0x39 Application/User/usart.o
 .ARM.attributes
                0x0000053c       0x21 Application/SW4STM32/startup_stm32f407xx.o
 .ARM.attributes
                0x0000055d       0x34 c:/program files/ac6/systemworkbench/plugins/fr.ac6.mcu.externaltools.arm-none.win32_1.3.0.201507241045/tools/compiler/bin/../lib/gcc/arm-none-eabi/4.9.3/../../../../arm-none-eabi/lib/armv7e-m/fpu\libc_nano.a(lib_a-impure.o)
 .ARM.attributes
                0x00000591       0x34 c:/program files/ac6/systemworkbench/plugins/fr.ac6.mcu.externaltools.arm-none.win32_1.3.0.201507241045/tools/compiler/bin/../lib/gcc/arm-none-eabi/4.9.3/../../../../arm-none-eabi/lib/armv7e-m/fpu\libc_nano.a(lib_a-init.o)
 .ARM.attributes
                0x000005c5       0x34 c:/program files/ac6/systemworkbench/plugins/fr.ac6.mcu.externaltools.arm-none.win32_1.3.0.201507241045/tools/compiler/bin/../lib/gcc/arm-none-eabi/4.9.3/../../../../arm-none-eabi/lib/armv7e-m/fpu\libc_nano.a(lib_a-memcpy.o)
 .ARM.attributes
                0x000005f9       0x34 c:/program files/ac6/systemworkbench/plugins/fr.ac6.mcu.externaltools.arm-none.win32_1.3.0.201507241045/tools/compiler/bin/../lib/gcc/arm-none-eabi/4.9.3/../../../../arm-none-eabi/lib/armv7e-m/fpu\libc_nano.a(lib_a-memset.o)
 .ARM.attributes
                0x0000062d       0x34 c:/program files/ac6/systemworkbench/plugins/fr.ac6.mcu.externaltools.arm-none.win32_1.3.0.201507241045/tools/compiler/bin/../lib/gcc/arm-none-eabi/4.9.3/../../../../arm-none-eabi/lib/armv7e-m/fpu\libc_nano.a(lib_a-sprintf.o)
 .ARM.attributes
                0x00000661       0x34 c:/program files/ac6/systemworkbench/plugins/fr.ac6.mcu.externaltools.arm-none.win32_1.3.0.201507241045/tools/compiler/bin/../lib/gcc/arm-none-eabi/4.9.3/../../../../arm-none-eabi/lib/armv7e-m/fpu\libc_nano.a(lib_a-strlen.o)
 .ARM.attributes
                0x00000695       0x34 c:/program files/ac6/systemworkbench/plugins/fr.ac6.mcu.externaltools.arm-none.win32_1.3.0.201507241045/tools/compiler/bin/../lib/gcc/arm-none-eabi/4.9.3/../../../../arm-none-eabi/lib/armv7e-m/fpu\libc_nano.a(lib_a-nano-svfprintf.o)
 .ARM.attributes
                0x000006c9       0x34 c:/program files/ac6/systemworkbench/plugins/fr.ac6.mcu.externaltools.arm-none.win32_1.3.0.201507241045/tools/compiler/bin/../lib/gcc/arm-none-eabi/4.9.3/../../../../arm-none-eabi/lib/armv7e-m/fpu\libc_nano.a(lib_a-nano-vfprintf_i.o)
 .ARM.attributes
                0x000006fd       0x34 c:/program files/ac6/systemworkbench/plugins/fr.ac6.mcu.externaltools.arm-none.win32_1.3.0.201507241045/tools/compiler/bin/../lib/gcc/arm-none-eabi/4.9.3/../../../../arm-none-eabi/lib/armv7e-m/fpu\libc_nano.a(lib_a-memchr.o)
 .ARM.attributes
                0x00000731       0x34 c:/program files/ac6/systemworkbench/plugins/fr.ac6.mcu.externaltools.arm-none.win32_1.3.0.201507241045/tools/compiler/bin/../lib/gcc/arm-none-eabi/4.9.3/../../../../arm-none-eabi/lib/armv7e-m/fpu\libc_nano.a(lib_a-memmove.o)
 .ARM.attributes
                0x00000765       0x34 c:/program files/ac6/systemworkbench/plugins/fr.ac6.mcu.externaltools.arm-none.win32_1.3.0.201507241045/tools/compiler/bin/../lib/gcc/arm-none-eabi/4.9.3/../../../../arm-none-eabi/lib/armv7e-m/fpu\libc_nano.a(lib_a-nano-freer.o)
 .ARM.attributes
                0x00000799       0x34 c:/program files/ac6/systemworkbench/plugins/fr.ac6.mcu.externaltools.arm-none.win32_1.3.0.201507241045/tools/compiler/bin/../lib/gcc/arm-none-eabi/4.9.3/../../../../arm-none-eabi/lib/armv7e-m/fpu\libc_nano.a(lib_a-nano-mallocr.o)
 .ARM.attributes
                0x000007cd       0x34 c:/program files/ac6/systemworkbench/plugins/fr.ac6.mcu.externaltools.arm-none.win32_1.3.0.201507241045/tools/compiler/bin/../lib/gcc/arm-none-eabi/4.9.3/../../../../arm-none-eabi/lib/armv7e-m/fpu\libc_nano.a(lib_a-nano-reallocr.o)
 .ARM.attributes
                0x00000801       0x34 c:/program files/ac6/systemworkbench/plugins/fr.ac6.mcu.externaltools.arm-none.win32_1.3.0.201507241045/tools/compiler/bin/../lib/gcc/arm-none-eabi/4.9.3/../../../../arm-none-eabi/lib/armv7e-m/fpu\libc_nano.a(lib_a-sbrkr.o)
 .ARM.attributes
                0x00000835       0x34 c:/program files/ac6/systemworkbench/plugins/fr.ac6.mcu.externaltools.arm-none.win32_1.3.0.201507241045/tools/compiler/bin/../lib/gcc/arm-none-eabi/4.9.3/../../../../arm-none-eabi/lib/armv7e-m/fpu\libc_nano.a(lib_a-nano-msizer.o)
 .ARM.attributes
                0x00000869       0x34 c:/program files/ac6/systemworkbench/plugins/fr.ac6.mcu.externaltools.arm-none.win32_1.3.0.201507241045/tools/compiler/bin/../lib/gcc/arm-none-eabi/4.9.3/../../../../arm-none-eabi/lib/armv7e-m/fpu\libc_nano.a(lib_a-reent.o)
 .ARM.attributes
                0x0000089d       0x34 c:/program files/ac6/systemworkbench/plugins/fr.ac6.mcu.externaltools.arm-none.win32_1.3.0.201507241045/tools/compiler/bin/../lib/gcc/arm-none-eabi/4.9.3/../../../../arm-none-eabi/lib/armv7e-m/fpu\libnosys.a(sbrk.o)
 .ARM.attributes
                0x000008d1       0x22 c:/program files/ac6/systemworkbench/plugins/fr.ac6.mcu.externaltools.arm-none.win32_1.3.0.201507241045/tools/compiler/bin/../lib/gcc/arm-none-eabi/4.9.3/armv7e-m/fpu/crtn.o
OUTPUT(Uart1DMA Configuration.elf elf32-littlearm)

.debug_info     0x00000000     0xa93d
 .debug_info    0x00000000     0x1221 Middlewares/FreeRTOS/cmsis_os.o
 .debug_info    0x00001221      0x3cf Middlewares/FreeRTOS/heap_4.o
 .debug_info    0x000015f0      0x2a1 Middlewares/FreeRTOS/list.o
 .debug_info    0x00001891      0x533 Middlewares/FreeRTOS/port.o
 .debug_info    0x00001dc4     0x1bed Middlewares/FreeRTOS/tasks.o
 .debug_info    0x000039b1      0x847 Drivers/STM32F4xx_HAL_Driver/stm32f4xx_hal.o
 .debug_info    0x000041f8      0xd08 Drivers/STM32F4xx_HAL_Driver/stm32f4xx_hal_cortex.o
 .debug_info    0x00004f00      0x6ee Drivers/STM32F4xx_HAL_Driver/stm32f4xx_hal_dma.o
 .debug_info    0x000055ee      0x6fc Drivers/STM32F4xx_HAL_Driver/stm32f4xx_hal_gpio.o
 .debug_info    0x00005cea      0xb15 Drivers/STM32F4xx_HAL_Driver/stm32f4xx_hal_rcc.o
 .debug_info    0x000067ff      0xeeb Drivers/STM32F4xx_HAL_Driver/stm32f4xx_hal_uart.o
 .debug_info    0x000076ea      0x4a4 Drivers/CMSIS/system_stm32f4xx.o
 .debug_info    0x00007b8e      0x11b Application/User/current_data_provider.o
 .debug_info    0x00007ca9      0x1d4 Application/User/data_snapshot_saver.o
 .debug_info    0x00007e7d      0x4e5 Application/User/dma.o
 .debug_info    0x00008362      0x238 Application/User/ecumaster.o
 .debug_info    0x0000859a      0x3a9 Application/User/freertos.o
 .debug_info    0x00008943      0x429 Application/User/gpio.o
 .debug_info    0x00008d6c      0x690 Application/User/main.o
 .debug_info    0x000093fc      0x2fc Application/User/stm32f4xx_hal_msp.o
 .debug_info    0x000096f8      0x5cf Application/User/stm32f4xx_it.o
 .debug_info    0x00009cc7      0xb93 Application/User/usart.o
 .debug_info    0x0000a85a       0xe3 Application/SW4STM32/startup_stm32f407xx.o

.debug_abbrev   0x00000000     0x221f
 .debug_abbrev  0x00000000      0x2d8 Middlewares/FreeRTOS/cmsis_os.o
 .debug_abbrev  0x000002d8      0x1bc Middlewares/FreeRTOS/heap_4.o
 .debug_abbrev  0x00000494       0xc1 Middlewares/FreeRTOS/list.o
 .debug_abbrev  0x00000555      0x1d1 Middlewares/FreeRTOS/port.o
 .debug_abbrev  0x00000726      0x281 Middlewares/FreeRTOS/tasks.o
 .debug_abbrev  0x000009a7      0x1f1 Drivers/STM32F4xx_HAL_Driver/stm32f4xx_hal.o
 .debug_abbrev  0x00000b98      0x2c1 Drivers/STM32F4xx_HAL_Driver/stm32f4xx_hal_cortex.o
 .debug_abbrev  0x00000e59      0x207 Drivers/STM32F4xx_HAL_Driver/stm32f4xx_hal_dma.o
 .debug_abbrev  0x00001060      0x1ad Drivers/STM32F4xx_HAL_Driver/stm32f4xx_hal_gpio.o
 .debug_abbrev  0x0000120d      0x297 Drivers/STM32F4xx_HAL_Driver/stm32f4xx_hal_rcc.o
 .debug_abbrev  0x000014a4      0x218 Drivers/STM32F4xx_HAL_Driver/stm32f4xx_hal_uart.o
 .debug_abbrev  0x000016bc      0x104 Drivers/CMSIS/system_stm32f4xx.o
 .debug_abbrev  0x000017c0       0xae Application/User/current_data_provider.o
 .debug_abbrev  0x0000186e       0xda Application/User/data_snapshot_saver.o
 .debug_abbrev  0x00001948       0xef Application/User/dma.o
 .debug_abbrev  0x00001a37      0x116 Application/User/ecumaster.o
 .debug_abbrev  0x00001b4d      0x136 Application/User/freertos.o
 .debug_abbrev  0x00001c83      0x104 Application/User/gpio.o
 .debug_abbrev  0x00001d87      0x13f Application/User/main.o
 .debug_abbrev  0x00001ec6       0x80 Application/User/stm32f4xx_hal_msp.o
 .debug_abbrev  0x00001f46      0x146 Application/User/stm32f4xx_it.o
 .debug_abbrev  0x0000208c      0x181 Application/User/usart.o
 .debug_abbrev  0x0000220d       0x12 Application/SW4STM32/startup_stm32f407xx.o

.debug_aranges  0x00000000      0xb08
 .debug_aranges
                0x00000000      0x1b0 Middlewares/FreeRTOS/cmsis_os.o
 .debug_aranges
                0x000001b0       0x50 Middlewares/FreeRTOS/heap_4.o
 .debug_aranges
                0x00000200       0x40 Middlewares/FreeRTOS/list.o
 .debug_aranges
                0x00000240       0x80 Middlewares/FreeRTOS/port.o
 .debug_aranges
                0x000002c0      0x1b0 Middlewares/FreeRTOS/tasks.o
 .debug_aranges
                0x00000470       0xc0 Drivers/STM32F4xx_HAL_Driver/stm32f4xx_hal.o
 .debug_aranges
                0x00000530      0x108 Drivers/STM32F4xx_HAL_Driver/stm32f4xx_hal_cortex.o
 .debug_aranges
                0x00000638       0x70 Drivers/STM32F4xx_HAL_Driver/stm32f4xx_hal_dma.o
 .debug_aranges
                0x000006a8       0x58 Drivers/STM32F4xx_HAL_Driver/stm32f4xx_hal_gpio.o
 .debug_aranges
                0x00000700       0x88 Drivers/STM32F4xx_HAL_Driver/stm32f4xx_hal_rcc.o
 .debug_aranges
                0x00000788      0x150 Drivers/STM32F4xx_HAL_Driver/stm32f4xx_hal_uart.o
 .debug_aranges
                0x000008d8       0x28 Drivers/CMSIS/system_stm32f4xx.o
 .debug_aranges
                0x00000900       0x28 Application/User/current_data_provider.o
 .debug_aranges
                0x00000928       0x20 Application/User/data_snapshot_saver.o
 .debug_aranges
                0x00000948       0x20 Application/User/dma.o
 .debug_aranges
                0x00000968       0x48 Application/User/ecumaster.o
 .debug_aranges
                0x000009b0       0x40 Application/User/freertos.o
 .debug_aranges
                0x000009f0       0x20 Application/User/gpio.o
 .debug_aranges
                0x00000a10       0x28 Application/User/main.o
 .debug_aranges
                0x00000a38       0x20 Application/User/stm32f4xx_hal_msp.o
 .debug_aranges
                0x00000a58       0x40 Application/User/stm32f4xx_it.o
 .debug_aranges
                0x00000a98       0x48 Application/User/usart.o
 .debug_aranges
                0x00000ae0       0x28 Application/SW4STM32/startup_stm32f407xx.o

.debug_ranges   0x00000000      0x9a0
 .debug_ranges  0x00000000      0x1a0 Middlewares/FreeRTOS/cmsis_os.o
 .debug_ranges  0x000001a0       0x40 Middlewares/FreeRTOS/heap_4.o
 .debug_ranges  0x000001e0       0x30 Middlewares/FreeRTOS/list.o
 .debug_ranges  0x00000210       0x70 Middlewares/FreeRTOS/port.o
 .debug_ranges  0x00000280      0x1a0 Middlewares/FreeRTOS/tasks.o
 .debug_ranges  0x00000420       0xb0 Drivers/STM32F4xx_HAL_Driver/stm32f4xx_hal.o
 .debug_ranges  0x000004d0       0xf8 Drivers/STM32F4xx_HAL_Driver/stm32f4xx_hal_cortex.o
 .debug_ranges  0x000005c8       0x60 Drivers/STM32F4xx_HAL_Driver/stm32f4xx_hal_dma.o
 .debug_ranges  0x00000628       0x48 Drivers/STM32F4xx_HAL_Driver/stm32f4xx_hal_gpio.o
 .debug_ranges  0x00000670       0x78 Drivers/STM32F4xx_HAL_Driver/stm32f4xx_hal_rcc.o
 .debug_ranges  0x000006e8      0x140 Drivers/STM32F4xx_HAL_Driver/stm32f4xx_hal_uart.o
 .debug_ranges  0x00000828       0x18 Drivers/CMSIS/system_stm32f4xx.o
 .debug_ranges  0x00000840       0x18 Application/User/current_data_provider.o
 .debug_ranges  0x00000858       0x10 Application/User/data_snapshot_saver.o
 .debug_ranges  0x00000868       0x10 Application/User/dma.o
 .debug_ranges  0x00000878       0x38 Application/User/ecumaster.o
 .debug_ranges  0x000008b0       0x30 Application/User/freertos.o
 .debug_ranges  0x000008e0       0x10 Application/User/gpio.o
 .debug_ranges  0x000008f0       0x18 Application/User/main.o
 .debug_ranges  0x00000908       0x10 Application/User/stm32f4xx_hal_msp.o
 .debug_ranges  0x00000918       0x30 Application/User/stm32f4xx_it.o
 .debug_ranges  0x00000948       0x38 Application/User/usart.o
 .debug_ranges  0x00000980       0x20 Application/SW4STM32/startup_stm32f407xx.o

.debug_macro    0x00000000    0x14c6e
 .debug_macro   0x00000000      0x1c4 Middlewares/FreeRTOS/cmsis_os.o
 .debug_macro   0x000001c4      0x880 Middlewares/FreeRTOS/cmsis_os.o
 .debug_macro   0x00000a44       0x58 Middlewares/FreeRTOS/cmsis_os.o
 .debug_macro   0x00000a9c       0x22 Middlewares/FreeRTOS/cmsis_os.o
 .debug_macro   0x00000abe       0x35 Middlewares/FreeRTOS/cmsis_os.o
 .debug_macro   0x00000af3       0x9c Middlewares/FreeRTOS/cmsis_os.o
 .debug_macro   0x00000b8f      0x166 Middlewares/FreeRTOS/cmsis_os.o
 .debug_macro   0x00000cf5       0x4a Middlewares/FreeRTOS/cmsis_os.o
 .debug_macro   0x00000d3f       0x52 Middlewares/FreeRTOS/cmsis_os.o
 .debug_macro   0x00000d91       0x16 Middlewares/FreeRTOS/cmsis_os.o
 .debug_macro   0x00000da7       0x43 Middlewares/FreeRTOS/cmsis_os.o
 .debug_macro   0x00000dea      0x180 Middlewares/FreeRTOS/cmsis_os.o
 .debug_macro   0x00000f6a      0x29d Middlewares/FreeRTOS/cmsis_os.o
 .debug_macro   0x00001207       0x10 Middlewares/FreeRTOS/cmsis_os.o
 .debug_macro   0x00001217       0x35 Middlewares/FreeRTOS/cmsis_os.o
 .debug_macro   0x0000124c       0x16 Middlewares/FreeRTOS/cmsis_os.o
 .debug_macro   0x00001262       0x1c Middlewares/FreeRTOS/cmsis_os.o
 .debug_macro   0x0000127e      0x1f7 Middlewares/FreeRTOS/cmsis_os.o
 .debug_macro   0x00001475       0x94 Middlewares/FreeRTOS/cmsis_os.o
 .debug_macro   0x00001509       0xd8 Middlewares/FreeRTOS/cmsis_os.o
 .debug_macro   0x000015e1       0x5e Middlewares/FreeRTOS/cmsis_os.o
 .debug_macro   0x0000163f       0xe4 Middlewares/FreeRTOS/cmsis_os.o
 .debug_macro   0x00001723       0x10 Middlewares/FreeRTOS/cmsis_os.o
 .debug_macro   0x00001733       0x1f Middlewares/FreeRTOS/cmsis_os.o
 .debug_macro   0x00001752      0x322 Middlewares/FreeRTOS/cmsis_os.o
 .debug_macro   0x00001a74       0xc0 Middlewares/FreeRTOS/cmsis_os.o
 .debug_macro   0x00001b34       0x8c Middlewares/FreeRTOS/cmsis_os.o
 .debug_macro   0x00001bc0       0x91 Middlewares/FreeRTOS/cmsis_os.o
 .debug_macro   0x00001c51       0xb0 Middlewares/FreeRTOS/cmsis_os.o
 .debug_macro   0x00001d01       0x7f Middlewares/FreeRTOS/cmsis_os.o
 .debug_macro   0x00001d80       0xcf Middlewares/FreeRTOS/cmsis_os.o
 .debug_macro   0x00001e4f      0x193 Middlewares/FreeRTOS/heap_4.o
 .debug_macro   0x00001fe2      0x16c Middlewares/FreeRTOS/list.o
 .debug_macro   0x0000214e      0x18d Middlewares/FreeRTOS/port.o
 .debug_macro   0x000022db      0x21a Middlewares/FreeRTOS/tasks.o
 .debug_macro   0x000024f5       0x16 Middlewares/FreeRTOS/tasks.o
 .debug_macro   0x0000250b      0x2b3 Drivers/STM32F4xx_HAL_Driver/stm32f4xx_hal.o
 .debug_macro   0x000027be      0x19c Drivers/STM32F4xx_HAL_Driver/stm32f4xx_hal.o
 .debug_macro   0x0000295a       0x2e Drivers/STM32F4xx_HAL_Driver/stm32f4xx_hal.o
 .debug_macro   0x00002988       0x28 Drivers/STM32F4xx_HAL_Driver/stm32f4xx_hal.o
 .debug_macro   0x000029b0       0x3b Drivers/STM32F4xx_HAL_Driver/stm32f4xx_hal.o
 .debug_macro   0x000029eb       0x34 Drivers/STM32F4xx_HAL_Driver/stm32f4xx_hal.o
 .debug_macro   0x00002a1f       0x26 Drivers/STM32F4xx_HAL_Driver/stm32f4xx_hal.o
 .debug_macro   0x00002a45      0xe43 Drivers/STM32F4xx_HAL_Driver/stm32f4xx_hal.o
 .debug_macro   0x00003888     0x9335 Drivers/STM32F4xx_HAL_Driver/stm32f4xx_hal.o
 .debug_macro   0x0000cbbd       0x43 Drivers/STM32F4xx_HAL_Driver/stm32f4xx_hal.o
 .debug_macro   0x0000cc00     0x3222 Drivers/STM32F4xx_HAL_Driver/stm32f4xx_hal.o
 .debug_macro   0x0000fe22       0x16 Drivers/STM32F4xx_HAL_Driver/stm32f4xx_hal.o
 .debug_macro   0x0000fe38       0x97 Drivers/STM32F4xx_HAL_Driver/stm32f4xx_hal.o
 .debug_macro   0x0000fecf       0xef Drivers/STM32F4xx_HAL_Driver/stm32f4xx_hal.o
 .debug_macro   0x0000ffbe       0x10 Drivers/STM32F4xx_HAL_Driver/stm32f4xx_hal.o
 .debug_macro   0x0000ffce       0x10 Drivers/STM32F4xx_HAL_Driver/stm32f4xx_hal.o
 .debug_macro   0x0000ffde       0x22 Drivers/STM32F4xx_HAL_Driver/stm32f4xx_hal.o
 .debug_macro   0x00010000       0xbd Drivers/STM32F4xx_HAL_Driver/stm32f4xx_hal.o
 .debug_macro   0x000100bd       0x16 Drivers/STM32F4xx_HAL_Driver/stm32f4xx_hal.o
 .debug_macro   0x000100d3      0x196 Drivers/STM32F4xx_HAL_Driver/stm32f4xx_hal.o
 .debug_macro   0x00010269       0x50 Drivers/STM32F4xx_HAL_Driver/stm32f4xx_hal.o
 .debug_macro   0x000102b9      0x71f Drivers/STM32F4xx_HAL_Driver/stm32f4xx_hal.o
 .debug_macro   0x000109d8      0x8b5 Drivers/STM32F4xx_HAL_Driver/stm32f4xx_hal.o
 .debug_macro   0x0001128d      0x11e Drivers/STM32F4xx_HAL_Driver/stm32f4xx_hal.o
 .debug_macro   0x000113ab      0x13e Drivers/STM32F4xx_HAL_Driver/stm32f4xx_hal.o
 .debug_macro   0x000114e9       0x27 Drivers/STM32F4xx_HAL_Driver/stm32f4xx_hal.o
 .debug_macro   0x00011510      0x272 Drivers/STM32F4xx_HAL_Driver/stm32f4xx_hal.o
 .debug_macro   0x00011782       0x5f Drivers/STM32F4xx_HAL_Driver/stm32f4xx_hal.o
 .debug_macro   0x000117e1      0x241 Drivers/STM32F4xx_HAL_Driver/stm32f4xx_hal.o
 .debug_macro   0x00011a22      0x13a Drivers/STM32F4xx_HAL_Driver/stm32f4xx_hal.o
 .debug_macro   0x00011b5c      0x21e Drivers/STM32F4xx_HAL_Driver/stm32f4xx_hal.o
 .debug_macro   0x00011d7a       0x2e Drivers/STM32F4xx_HAL_Driver/stm32f4xx_hal.o
 .debug_macro   0x00011da8      0x11e Drivers/STM32F4xx_HAL_Driver/stm32f4xx_hal.o
 .debug_macro   0x00011ec6       0x7f Drivers/STM32F4xx_HAL_Driver/stm32f4xx_hal.o
 .debug_macro   0x00011f45       0x89 Drivers/STM32F4xx_HAL_Driver/stm32f4xx_hal.o
 .debug_macro   0x00011fce      0x287 Drivers/STM32F4xx_HAL_Driver/stm32f4xx_hal.o
 .debug_macro   0x00012255      0x125 Drivers/STM32F4xx_HAL_Driver/stm32f4xx_hal.o
 .debug_macro   0x0001237a      0x265 Drivers/STM32F4xx_HAL_Driver/stm32f4xx_hal_cortex.o
 .debug_macro   0x000125df      0x26c Drivers/STM32F4xx_HAL_Driver/stm32f4xx_hal_dma.o
 .debug_macro   0x0001284b      0x29d Drivers/STM32F4xx_HAL_Driver/stm32f4xx_hal_gpio.o
 .debug_macro   0x00012ae8      0x28f Drivers/STM32F4xx_HAL_Driver/stm32f4xx_hal_rcc.o
 .debug_macro   0x00012d77      0x26d Drivers/STM32F4xx_HAL_Driver/stm32f4xx_hal_uart.o
 .debug_macro   0x00012fe4      0x26b Drivers/CMSIS/system_stm32f4xx.o
 .debug_macro   0x0001324f       0x5b Application/User/current_data_provider.o
 .debug_macro   0x000132aa      0x2b0 Application/User/data_snapshot_saver.o
 .debug_macro   0x0001355a       0x10 Application/User/data_snapshot_saver.o
 .debug_macro   0x0001356a       0x1c Application/User/data_snapshot_saver.o
 .debug_macro   0x00013586       0xca Application/User/data_snapshot_saver.o
 .debug_macro   0x00013650      0x26f Application/User/dma.o
 .debug_macro   0x000138bf      0x12c Application/User/ecumaster.o
 .debug_macro   0x000139eb       0x16 Application/User/ecumaster.o
 .debug_macro   0x00013a01       0x10 Application/User/ecumaster.o
 .debug_macro   0x00013a11      0x355 Application/User/freertos.o
 .debug_macro   0x00013d66      0x26f Application/User/gpio.o
 .debug_macro   0x00013fd5      0x38b Application/User/main.o
 .debug_macro   0x00014360       0xd8 Application/User/main.o
 .debug_macro   0x00014438      0x265 Application/User/stm32f4xx_hal_msp.o
 .debug_macro   0x0001469d      0x345 Application/User/stm32f4xx_it.o
 .debug_macro   0x000149e2      0x28c Application/User/usart.o

.debug_line     0x00000000     0xb460
 .debug_line    0x00000000      0xb26 Middlewares/FreeRTOS/cmsis_os.o
 .debug_line    0x00000b26      0x634 Middlewares/FreeRTOS/heap_4.o
 .debug_line    0x0000115a      0x54a Middlewares/FreeRTOS/list.o
 .debug_line    0x000016a4      0x64e Middlewares/FreeRTOS/port.o
 .debug_line    0x00001cf2     0x1020 Middlewares/FreeRTOS/tasks.o
 .debug_line    0x00002d12      0x850 Drivers/STM32F4xx_HAL_Driver/stm32f4xx_hal.o
 .debug_line    0x00003562      0x982 Drivers/STM32F4xx_HAL_Driver/stm32f4xx_hal_cortex.o
 .debug_line    0x00003ee4      0x888 Drivers/STM32F4xx_HAL_Driver/stm32f4xx_hal_dma.o
 .debug_line    0x0000476c      0x89d Drivers/STM32F4xx_HAL_Driver/stm32f4xx_hal_gpio.o
 .debug_line    0x00005009      0x9de Drivers/STM32F4xx_HAL_Driver/stm32f4xx_hal_rcc.o
 .debug_line    0x000059e7      0xd45 Drivers/STM32F4xx_HAL_Driver/stm32f4xx_hal_uart.o
 .debug_line    0x0000672c      0x6f4 Drivers/CMSIS/system_stm32f4xx.o
 .debug_line    0x00006e20      0x31a Application/User/current_data_provider.o
 .debug_line    0x0000713a      0x778 Application/User/data_snapshot_saver.o
 .debug_line    0x000078b2      0x698 Application/User/dma.o
 .debug_line    0x00007f4a      0x3e2 Application/User/ecumaster.o
 .debug_line    0x0000832c      0x92b Application/User/freertos.o
 .debug_line    0x00008c57      0x6b0 Application/User/gpio.o
 .debug_line    0x00009307      0x91c Application/User/main.o
 .debug_line    0x00009c23      0x699 Application/User/stm32f4xx_hal_msp.o
 .debug_line    0x0000a2bc      0x8ee Application/User/stm32f4xx_it.o
 .debug_line    0x0000abaa      0x7e5 Application/User/usart.o
 .debug_line    0x0000b38f       0xd1 Application/SW4STM32/startup_stm32f407xx.o

.debug_str      0x00000000    0x78fc2
 .debug_str     0x00000000     0xaa64 Middlewares/FreeRTOS/cmsis_os.o
                               0xacfd (size before relaxing)
 .debug_str     0x0000aa64      0x3c4 Middlewares/FreeRTOS/heap_4.o
                               0x8803 (size before relaxing)
 .debug_str     0x0000ae28      0x167 Middlewares/FreeRTOS/list.o
                               0x80f6 (size before relaxing)
 .debug_str     0x0000af8f      0x831 Middlewares/FreeRTOS/port.o
                               0x6b7a (size before relaxing)
 .debug_str     0x0000b7c0     0x1179 Middlewares/FreeRTOS/tasks.o
                               0xa08d (size before relaxing)
 .debug_str     0x0000c939    0x6a578 Drivers/STM32F4xx_HAL_Driver/stm32f4xx_hal.o
                              0x6fe8a (size before relaxing)
 .debug_str     0x00076eb1      0x3ec Drivers/STM32F4xx_HAL_Driver/stm32f4xx_hal_cortex.o
                              0x6fd47 (size before relaxing)
 .debug_str     0x0007729d      0x46a Drivers/STM32F4xx_HAL_Driver/stm32f4xx_hal_dma.o
                              0x6f7dc (size before relaxing)
 .debug_str     0x00077707      0x2fd Drivers/STM32F4xx_HAL_Driver/stm32f4xx_hal_gpio.o
                              0x6f764 (size before relaxing)
 .debug_str     0x00077a04      0x3c4 Drivers/STM32F4xx_HAL_Driver/stm32f4xx_hal_rcc.o
                              0x6f8e2 (size before relaxing)
 .debug_str     0x00077dc8      0x549 Drivers/STM32F4xx_HAL_Driver/stm32f4xx_hal_uart.o
                              0x6fb8f (size before relaxing)
 .debug_str     0x00078311       0xac Drivers/CMSIS/system_stm32f4xx.o
                              0x6f515 (size before relaxing)
 .debug_str     0x000783bd       0x81 Application/User/current_data_provider.o
                               0x30cc (size before relaxing)
 .debug_str     0x0007843e      0x309 Application/User/data_snapshot_saver.o
                              0x6f647 (size before relaxing)
 .debug_str     0x00078747       0x45 Application/User/dma.o
                              0x6f913 (size before relaxing)
 .debug_str     0x0007878c      0x416 Application/User/ecumaster.o
                               0x36f8 (size before relaxing)
 .debug_str     0x00078ba2      0x1a0 Application/User/freertos.o
                              0x742bc (size before relaxing)
 .debug_str     0x00078d42       0x3e Application/User/gpio.o
                              0x6f4a4 (size before relaxing)
 .debug_str     0x00078d80       0x76 Application/User/main.o
                              0x747a3 (size before relaxing)
 .debug_str     0x00078df6       0x3e Application/User/stm32f4xx_hal_msp.o
                              0x6f815 (size before relaxing)
 .debug_str     0x00078e34       0xf1 Application/User/stm32f4xx_it.o
                              0x744f6 (size before relaxing)
 .debug_str     0x00078f25       0x9d Application/User/usart.o
                              0x6ff4c (size before relaxing)

.comment        0x00000000       0x70
 .comment       0x00000000       0x70 Middlewares/FreeRTOS/cmsis_os.o
                                 0x71 (size before relaxing)
 .comment       0x00000000       0x71 Middlewares/FreeRTOS/heap_4.o
 .comment       0x00000000       0x71 Middlewares/FreeRTOS/list.o
 .comment       0x00000000       0x71 Middlewares/FreeRTOS/port.o
 .comment       0x00000000       0x71 Middlewares/FreeRTOS/tasks.o
 .comment       0x00000000       0x71 Drivers/STM32F4xx_HAL_Driver/stm32f4xx_hal.o
 .comment       0x00000000       0x71 Drivers/STM32F4xx_HAL_Driver/stm32f4xx_hal_cortex.o
 .comment       0x00000000       0x71 Drivers/STM32F4xx_HAL_Driver/stm32f4xx_hal_dma.o
 .comment       0x00000000       0x71 Drivers/STM32F4xx_HAL_Driver/stm32f4xx_hal_gpio.o
 .comment       0x00000000       0x71 Drivers/STM32F4xx_HAL_Driver/stm32f4xx_hal_rcc.o
 .comment       0x00000000       0x71 Drivers/STM32F4xx_HAL_Driver/stm32f4xx_hal_uart.o
 .comment       0x00000000       0x71 Drivers/CMSIS/system_stm32f4xx.o
 .comment       0x00000000       0x71 Application/User/current_data_provider.o
 .comment       0x00000000       0x71 Application/User/data_snapshot_saver.o
 .comment       0x00000000       0x71 Application/User/dma.o
 .comment       0x00000000       0x71 Application/User/ecumaster.o
 .comment       0x00000000       0x71 Application/User/freertos.o
 .comment       0x00000000       0x71 Application/User/gpio.o
 .comment       0x00000000       0x71 Application/User/main.o
 .comment       0x00000000       0x71 Application/User/stm32f4xx_hal_msp.o
 .comment       0x00000000       0x71 Application/User/stm32f4xx_it.o
 .comment       0x00000000       0x71 Application/User/usart.o

.debug_frame    0x00000000     0x2c88
 .debug_frame   0x00000000      0x740 Middlewares/FreeRTOS/cmsis_os.o
 .debug_frame   0x00000740      0x108 Middlewares/FreeRTOS/heap_4.o
 .debug_frame   0x00000848       0xd8 Middlewares/FreeRTOS/list.o
 .debug_frame   0x00000920      0x19c Middlewares/FreeRTOS/port.o
 .debug_frame   0x00000abc      0x75c Middlewares/FreeRTOS/tasks.o
 .debug_frame   0x00001218      0x2c0 Drivers/STM32F4xx_HAL_Driver/stm32f4xx_hal.o
 .debug_frame   0x000014d8      0x450 Drivers/STM32F4xx_HAL_Driver/stm32f4xx_hal_cortex.o
 .debug_frame   0x00001928      0x1b4 Drivers/STM32F4xx_HAL_Driver/stm32f4xx_hal_dma.o
 .debug_frame   0x00001adc      0x14c Drivers/STM32F4xx_HAL_Driver/stm32f4xx_hal_gpio.o
 .debug_frame   0x00001c28      0x204 Drivers/STM32F4xx_HAL_Driver/stm32f4xx_hal_rcc.o
 .debug_frame   0x00001e2c      0x5e8 Drivers/STM32F4xx_HAL_Driver/stm32f4xx_hal_uart.o
 .debug_frame   0x00002414       0x58 Drivers/CMSIS/system_stm32f4xx.o
 .debug_frame   0x0000246c       0x58 Application/User/current_data_provider.o
 .debug_frame   0x000024c4       0x38 Application/User/data_snapshot_saver.o
 .debug_frame   0x000024fc       0x34 Application/User/dma.o
 .debug_frame   0x00002530       0xd8 Application/User/ecumaster.o
 .debug_frame   0x00002608       0xb8 Application/User/freertos.o
 .debug_frame   0x000026c0       0x34 Application/User/gpio.o
 .debug_frame   0x000026f4       0x58 Application/User/main.o
 .debug_frame   0x0000274c       0x2c Application/User/stm32f4xx_hal_msp.o
 .debug_frame   0x00002778       0xa4 Application/User/stm32f4xx_it.o
 .debug_frame   0x0000281c       0xd8 Application/User/usart.o
 .debug_frame   0x000028f4       0x2c c:/program files/ac6/systemworkbench/plugins/fr.ac6.mcu.externaltools.arm-none.win32_1.3.0.201507241045/tools/compiler/bin/../lib/gcc/arm-none-eabi/4.9.3/../../../../arm-none-eabi/lib/armv7e-m/fpu\libc_nano.a(lib_a-init.o)
 .debug_frame   0x00002920       0x28 c:/program files/ac6/systemworkbench/plugins/fr.ac6.mcu.externaltools.arm-none.win32_1.3.0.201507241045/tools/compiler/bin/../lib/gcc/arm-none-eabi/4.9.3/../../../../arm-none-eabi/lib/armv7e-m/fpu\libc_nano.a(lib_a-memcpy.o)
 .debug_frame   0x00002948       0x20 c:/program files/ac6/systemworkbench/plugins/fr.ac6.mcu.externaltools.arm-none.win32_1.3.0.201507241045/tools/compiler/bin/../lib/gcc/arm-none-eabi/4.9.3/../../../../arm-none-eabi/lib/armv7e-m/fpu\libc_nano.a(lib_a-memset.o)
 .debug_frame   0x00002968       0x70 c:/program files/ac6/systemworkbench/plugins/fr.ac6.mcu.externaltools.arm-none.win32_1.3.0.201507241045/tools/compiler/bin/../lib/gcc/arm-none-eabi/4.9.3/../../../../arm-none-eabi/lib/armv7e-m/fpu\libc_nano.a(lib_a-sprintf.o)
 .debug_frame   0x000029d8       0x20 c:/program files/ac6/systemworkbench/plugins/fr.ac6.mcu.externaltools.arm-none.win32_1.3.0.201507241045/tools/compiler/bin/../lib/gcc/arm-none-eabi/4.9.3/../../../../arm-none-eabi/lib/armv7e-m/fpu\libc_nano.a(lib_a-strlen.o)
 .debug_frame   0x000029f8       0x8c c:/program files/ac6/systemworkbench/plugins/fr.ac6.mcu.externaltools.arm-none.win32_1.3.0.201507241045/tools/compiler/bin/../lib/gcc/arm-none-eabi/4.9.3/../../../../arm-none-eabi/lib/armv7e-m/fpu\libc_nano.a(lib_a-nano-svfprintf.o)
 .debug_frame   0x00002a84       0x58 c:/program files/ac6/systemworkbench/plugins/fr.ac6.mcu.externaltools.arm-none.win32_1.3.0.201507241045/tools/compiler/bin/../lib/gcc/arm-none-eabi/4.9.3/../../../../arm-none-eabi/lib/armv7e-m/fpu\libc_nano.a(lib_a-nano-vfprintf_i.o)
 .debug_frame   0x00002adc       0x28 c:/program files/ac6/systemworkbench/plugins/fr.ac6.mcu.externaltools.arm-none.win32_1.3.0.201507241045/tools/compiler/bin/../lib/gcc/arm-none-eabi/4.9.3/../../../../arm-none-eabi/lib/armv7e-m/fpu\libc_nano.a(lib_a-memchr.o)
 .debug_frame   0x00002b04       0x28 c:/program files/ac6/systemworkbench/plugins/fr.ac6.mcu.externaltools.arm-none.win32_1.3.0.201507241045/tools/compiler/bin/../lib/gcc/arm-none-eabi/4.9.3/../../../../arm-none-eabi/lib/armv7e-m/fpu\libc_nano.a(lib_a-memmove.o)
 .debug_frame   0x00002b2c       0x2c c:/program files/ac6/systemworkbench/plugins/fr.ac6.mcu.externaltools.arm-none.win32_1.3.0.201507241045/tools/compiler/bin/../lib/gcc/arm-none-eabi/4.9.3/../../../../arm-none-eabi/lib/armv7e-m/fpu\libc_nano.a(lib_a-nano-freer.o)
 .debug_frame   0x00002b58       0x2c c:/program files/ac6/systemworkbench/plugins/fr.ac6.mcu.externaltools.arm-none.win32_1.3.0.201507241045/tools/compiler/bin/../lib/gcc/arm-none-eabi/4.9.3/../../../../arm-none-eabi/lib/armv7e-m/fpu\libc_nano.a(lib_a-nano-mallocr.o)
 .debug_frame   0x00002b84       0x3c c:/program files/ac6/systemworkbench/plugins/fr.ac6.mcu.externaltools.arm-none.win32_1.3.0.201507241045/tools/compiler/bin/../lib/gcc/arm-none-eabi/4.9.3/../../../../arm-none-eabi/lib/armv7e-m/fpu\libc_nano.a(lib_a-nano-reallocr.o)
 .debug_frame   0x00002bc0       0x2c c:/program files/ac6/systemworkbench/plugins/fr.ac6.mcu.externaltools.arm-none.win32_1.3.0.201507241045/tools/compiler/bin/../lib/gcc/arm-none-eabi/4.9.3/../../../../arm-none-eabi/lib/armv7e-m/fpu\libc_nano.a(lib_a-sbrkr.o)
 .debug_frame   0x00002bec       0x20 c:/program files/ac6/systemworkbench/plugins/fr.ac6.mcu.externaltools.arm-none.win32_1.3.0.201507241045/tools/compiler/bin/../lib/gcc/arm-none-eabi/4.9.3/../../../../arm-none-eabi/lib/armv7e-m/fpu\libc_nano.a(lib_a-nano-msizer.o)
 .debug_frame   0x00002c0c       0x5c c:/program files/ac6/systemworkbench/plugins/fr.ac6.mcu.externaltools.arm-none.win32_1.3.0.201507241045/tools/compiler/bin/../lib/gcc/arm-none-eabi/4.9.3/../../../../arm-none-eabi/lib/armv7e-m/fpu\libc_nano.a(lib_a-reent.o)
 .debug_frame   0x00002c68       0x20 c:/program files/ac6/systemworkbench/plugins/fr.ac6.mcu.externaltools.arm-none.win32_1.3.0.201507241045/tools/compiler/bin/../lib/gcc/arm-none-eabi/4.9.3/../../../../arm-none-eabi/lib/armv7e-m/fpu\libnosys.a(sbrk.o)
