Archive member included because of file (symbol)

c:/program files/ac6/systemworkbench/plugins/fr.ac6.mcu.externaltools.arm-none.win32_1.3.0.201507241045/tools/compiler/bin/../lib/gcc/arm-none-eabi/4.9.3/../../../../arm-none-eabi/lib/armv7e-m/fpu\libc_nano.a(lib_a-exit.o)
                              c:/program files/ac6/systemworkbench/plugins/fr.ac6.mcu.externaltools.arm-none.win32_1.3.0.201507241045/tools/compiler/bin/../lib/gcc/arm-none-eabi/4.9.3/../../../../arm-none-eabi/lib/armv7e-m/fpu/crt0.o (exit)
c:/program files/ac6/systemworkbench/plugins/fr.ac6.mcu.externaltools.arm-none.win32_1.3.0.201507241045/tools/compiler/bin/../lib/gcc/arm-none-eabi/4.9.3/../../../../arm-none-eabi/lib/armv7e-m/fpu\libc_nano.a(lib_a-impure.o)
                              c:/program files/ac6/systemworkbench/plugins/fr.ac6.mcu.externaltools.arm-none.win32_1.3.0.201507241045/tools/compiler/bin/../lib/gcc/arm-none-eabi/4.9.3/../../../../arm-none-eabi/lib/armv7e-m/fpu\libc_nano.a(lib_a-exit.o) (_global_impure_ptr)
c:/program files/ac6/systemworkbench/plugins/fr.ac6.mcu.externaltools.arm-none.win32_1.3.0.201507241045/tools/compiler/bin/../lib/gcc/arm-none-eabi/4.9.3/../../../../arm-none-eabi/lib/armv7e-m/fpu\libc_nano.a(lib_a-init.o)
                              c:/program files/ac6/systemworkbench/plugins/fr.ac6.mcu.externaltools.arm-none.win32_1.3.0.201507241045/tools/compiler/bin/../lib/gcc/arm-none-eabi/4.9.3/../../../../arm-none-eabi/lib/armv7e-m/fpu/crt0.o (__libc_init_array)
c:/program files/ac6/systemworkbench/plugins/fr.ac6.mcu.externaltools.arm-none.win32_1.3.0.201507241045/tools/compiler/bin/../lib/gcc/arm-none-eabi/4.9.3/../../../../arm-none-eabi/lib/armv7e-m/fpu\libc_nano.a(lib_a-memcpy.o)
                              Middlewares/FreeRTOS/queue.o (memcpy)
c:/program files/ac6/systemworkbench/plugins/fr.ac6.mcu.externaltools.arm-none.win32_1.3.0.201507241045/tools/compiler/bin/../lib/gcc/arm-none-eabi/4.9.3/../../../../arm-none-eabi/lib/armv7e-m/fpu\libc_nano.a(lib_a-memset.o)
                              c:/program files/ac6/systemworkbench/plugins/fr.ac6.mcu.externaltools.arm-none.win32_1.3.0.201507241045/tools/compiler/bin/../lib/gcc/arm-none-eabi/4.9.3/../../../../arm-none-eabi/lib/armv7e-m/fpu/crt0.o (memset)
c:/program files/ac6/systemworkbench/plugins/fr.ac6.mcu.externaltools.arm-none.win32_1.3.0.201507241045/tools/compiler/bin/../lib/gcc/arm-none-eabi/4.9.3/../../../../arm-none-eabi/lib/armv7e-m/fpu\libc_nano.a(lib_a-sprintf.o)
                              Application/User/telemetry.o (sprintf)
c:/program files/ac6/systemworkbench/plugins/fr.ac6.mcu.externaltools.arm-none.win32_1.3.0.201507241045/tools/compiler/bin/../lib/gcc/arm-none-eabi/4.9.3/../../../../arm-none-eabi/lib/armv7e-m/fpu\libc_nano.a(lib_a-strcpy.o)
                              Application/User/sd_card_saver.o (strcpy)
c:/program files/ac6/systemworkbench/plugins/fr.ac6.mcu.externaltools.arm-none.win32_1.3.0.201507241045/tools/compiler/bin/../lib/gcc/arm-none-eabi/4.9.3/../../../../arm-none-eabi/lib/armv7e-m/fpu\libc_nano.a(lib_a-strlen.o)
                              Application/User/itoa.o (strlen)
c:/program files/ac6/systemworkbench/plugins/fr.ac6.mcu.externaltools.arm-none.win32_1.3.0.201507241045/tools/compiler/bin/../lib/gcc/arm-none-eabi/4.9.3/../../../../arm-none-eabi/lib/armv7e-m/fpu\libc_nano.a(lib_a-nano-svfprintf.o)
                              c:/program files/ac6/systemworkbench/plugins/fr.ac6.mcu.externaltools.arm-none.win32_1.3.0.201507241045/tools/compiler/bin/../lib/gcc/arm-none-eabi/4.9.3/../../../../arm-none-eabi/lib/armv7e-m/fpu\libc_nano.a(lib_a-sprintf.o) (_svfprintf_r)
c:/program files/ac6/systemworkbench/plugins/fr.ac6.mcu.externaltools.arm-none.win32_1.3.0.201507241045/tools/compiler/bin/../lib/gcc/arm-none-eabi/4.9.3/../../../../arm-none-eabi/lib/armv7e-m/fpu\libc_nano.a(lib_a-nano-vfprintf_i.o)
                              c:/program files/ac6/systemworkbench/plugins/fr.ac6.mcu.externaltools.arm-none.win32_1.3.0.201507241045/tools/compiler/bin/../lib/gcc/arm-none-eabi/4.9.3/../../../../arm-none-eabi/lib/armv7e-m/fpu\libc_nano.a(lib_a-nano-svfprintf.o) (_printf_i)
c:/program files/ac6/systemworkbench/plugins/fr.ac6.mcu.externaltools.arm-none.win32_1.3.0.201507241045/tools/compiler/bin/../lib/gcc/arm-none-eabi/4.9.3/../../../../arm-none-eabi/lib/armv7e-m/fpu\libc_nano.a(lib_a-memchr.o)
                              c:/program files/ac6/systemworkbench/plugins/fr.ac6.mcu.externaltools.arm-none.win32_1.3.0.201507241045/tools/compiler/bin/../lib/gcc/arm-none-eabi/4.9.3/../../../../arm-none-eabi/lib/armv7e-m/fpu\libc_nano.a(lib_a-nano-svfprintf.o) (memchr)
c:/program files/ac6/systemworkbench/plugins/fr.ac6.mcu.externaltools.arm-none.win32_1.3.0.201507241045/tools/compiler/bin/../lib/gcc/arm-none-eabi/4.9.3/../../../../arm-none-eabi/lib/armv7e-m/fpu\libc_nano.a(lib_a-memmove.o)
[...]
Memory Configuration

Name             Origin             Length             Attributes
FLASH            0x08000000         0x00100000         xr
RAM              0x20000000         0x00020000         xrw
CCMRAM           0x10000000         0x00010000         rw
*default*        0x00000000         0xffffffff

Linker script and memory map

LOAD c:/program files/ac6/systemworkbench/plugins/fr.ac6.mcu.externaltools.arm-none.win32_1.3.0.201507241045/tools/compiler/bin/../lib/gcc/arm-none-eabi/4.9.3/armv7e-m/fpu/crti.o
LOAD c:/program files/ac6/systemworkbench/plugins/fr.ac6.mcu.externaltools.arm-none.win32_1.3.0.201507241045/tools/compiler/bin/../lib/gcc/arm-none-eabi/4.9.3/armv7e-m/fpu/crtbegin.o
LOAD c:/program files/ac6/systemworkbench/plugins/fr.ac6.mcu.externaltools.arm-none.win32_1.3.0.201507241045/tools/compiler/bin/../lib/gcc/arm-none-eabi/4.9.3/../../../../arm-none-eabi/lib/armv7e-m/fpu/crt0.o
LOAD c:/program files/ac6/systemworkbench/plugins/fr.ac6.mcu.externaltools.arm-none.win32_1.3.0.201507241045/tools/compiler/bin/../lib/gcc/arm-none-eabi/4.9.3/../../../../arm-none-eabi/lib/armv7e-m/fpu\libm.a
LOAD Middlewares/FreeRTOS/cmsis_os.o
LOAD Middlewares/FreeRTOS/croutine.o
LOAD Middlewares/FreeRTOS/event_groups.o
LOAD Middlewares/FreeRTOS/heap_4.o
LOAD Middlewares/FreeRTOS/list.o
LOAD Middlewares/FreeRTOS/port.o
LOAD Middlewares/FreeRTOS/queue.o
LOAD Middlewares/FreeRTOS/tasks.o
LOAD Middlewares/FreeRTOS/timers.o
LOAD Middlewares/FatFs/diskio.o
LOAD Middlewares/FatFs/ff.o
LOAD Middlewares/FatFs/ff_gen_drv.o
LOAD Middlewares/FatFs/sd_diskio.o
LOAD Middlewares/FatFs/syscall.o
LOAD Drivers/STM32F4xx_HAL_Driver/stm32f4xx_hal.o
LOAD Drivers/STM32F4xx_HAL_Driver/stm32f4xx_hal_can.o
LOAD Drivers/STM32F4xx_HAL_Driver/stm32f4xx_hal_cortex.o
LOAD Drivers/STM32F4xx_HAL_Driver/stm32f4xx_hal_dma.o
LOAD Drivers/STM32F4xx_HAL_Driver/stm32f4xx_hal_dma_ex.o
LOAD Drivers/STM32F4xx_HAL_Driver/stm32f4xx_hal_flash.o
LOAD Drivers/STM32F4xx_HAL_Driver/stm32f4xx_hal_flash_ex.o
LOAD Drivers/STM32F4xx_HAL_Driver/stm32f4xx_hal_flash_ramfunc.o
LOAD Drivers/STM32F4xx_HAL_Driver/stm32f4xx_hal_gpio.o
LOAD Drivers/STM32F4xx_HAL_Driver/stm32f4xx_hal_pwr.o
LOAD Drivers/STM32F4xx_HAL_Driver/stm32f4xx_hal_pwr_ex.o
LOAD Drivers/STM32F4xx_HAL_Driver/stm32f4xx_hal_rcc.o
LOAD Drivers/STM32F4xx_HAL_Driver/stm32f4xx_hal_rcc_ex.o
LOAD Drivers/STM32F4xx_HAL_Driver/stm32f4xx_hal_rtc.o
LOAD Drivers/STM32F4xx_HAL_Driver/stm32f4xx_hal_rtc_ex.o
LOAD Drivers/STM32F4xx_HAL_Driver/stm32f4xx_hal_sd.o
LOAD Drivers/STM32F4xx_HAL_Driver/stm32f4xx_hal_tim.o
LOAD Drivers/STM32F4xx_HAL_Driver/stm32f4xx_hal_tim_ex.o
LOAD Drivers/STM32F4xx_HAL_Driver/stm32f4xx_hal_uart.o
LOAD Drivers/STM32F4xx_HAL_Driver/stm32f4xx_ll_sdmmc.o
LOAD Drivers/CMSIS/system_stm32f4xx.o
LOAD Application/User/bsp_driver_sd.o
LOAD Application/User/current_data_provider.o
LOAD Application/User/dashboard.o
LOAD Application/User/data_snapshot_maker.o
LOAD Application/User/ecumaster.o
LOAD Application/User/error_logger.o
LOAD Application/User/fatfs.o
LOAD Application/User/freertos.o
LOAD Application/User/itoa.o
LOAD Application/User/logged_data_types.o
LOAD Application/User/main.o
LOAD Application/User/sd_card_saver.o
LOAD Application/User/stm32f4xx_hal_msp.o
LOAD Application/User/stm32f4xx_hal_timebase_TIM.o
LOAD Application/User/stm32f4xx_it.o
LOAD Application/User/telemetry.o
LOAD Application/User/uart_wrapper.o
LOAD Application/SW4STM32/startup_stm32f407xx.o
START GROUP
LOAD c:/program files/ac6/systemworkbench/plugins/fr.ac6.mcu.externaltools.arm-none.win32_1.3.0.201507241045/tools/compiler/bin/../lib/gcc/arm-none-eabi/4.9.3/armv7e-m/fpu\libgcc.a
LOAD c:/program files/ac6/systemworkbench/plugins/fr.ac6.mcu.externaltools.arm-none.win32_1.3.0.201507241045/tools/compiler/bin/../lib/gcc/arm-none-eabi/4.9.3/../../../../arm-none-eabi/lib/armv7e-m/fpu\libc_nano.a
END GROUP
START GROUP
LOAD c:/program files/ac6/systemworkbench/plugins/fr.ac6.mcu.externaltools.arm-none.win32_1.3.0.201507241045/tools/compiler/bin/../lib/gcc/arm-none-eabi/4.9.3/armv7e-m/fpu\libgcc.a
LOAD c:/program files/ac6/systemworkbench/plugins/fr.ac6.mcu.externaltools.arm-none.win32_1.3.0.201507241045/tools/compiler/bin/../lib/gcc/arm-none-eabi/4.9.3/../../../../arm-none-eabi/lib/armv7e-m/fpu\libc_nano.a
LOAD c:/program files/ac6/systemworkbench/plugins/fr.ac6.mcu.externaltools.arm-none.win32_1.3.0.201507241045/tools/compiler/bin/../lib/gcc/arm-none-eabi/4.9.3/../../../../arm-none-eabi/lib/armv7e-m/fpu\libnosys.a
END GROUP
START GROUP
LOAD c:/program files/ac6/systemworkbench/plugins/fr.ac6.mcu.externaltools.arm-none.win32_1.3.0.201507241045/tools/compiler/bin/../lib/gcc/arm-none-eabi/4.9.3/armv7e-m/fpu\libgcc.a
LOAD c:/program files/ac6/systemworkbench/plugins/fr.ac6.mcu.externaltools.arm-none.win32_1.3.0.201507241045/tools/compiler/bin/../lib/gcc/arm-none-eabi/4.9.3/../../../../arm-none-eabi/lib/armv7e-m/fpu\libc_nano.a
LOAD c:/program files/ac6/systemworkbench/plugins/fr.ac6.mcu.externaltools.arm-none.win32_1.3.0.201507241045/tools/compiler/bin/../lib/gcc/arm-none-eabi/4.9.3/../../../../arm-none-eabi/lib/armv7e-m/fpu\libnosys.a
END GROUP
LOAD c:/program files/ac6/systemworkbench/plugins/fr.ac6.mcu.externaltools.arm-none.win32_1.3.0.201507241045/tools/compiler/bin/../lib/gcc/arm-none-eabi/4.9.3/armv7e-m/fpu/crtend.o
LOAD c:/program files/ac6/systemworkbench/plugins/fr.ac6.mcu.externaltools.arm-none.win32_1.3.0.201507241045/tools/compiler/bin/../lib/gcc/arm-none-eabi/4.9.3/armv7e-m/fpu/crtn.o
                0x20020000                _estack = 0x20020000
                0x00000400                _Min_Heap_Size = 0x400
                0x00000200                _Min_Stack_Size = 0x200

.isr_vector     0x08000000      0x188
                0x08000000                . = ALIGN (0x4)
 *(.isr_vector)
 .isr_vector    0x08000000      0x188 Application/SW4STM32/startup_stm32f407xx.o
                0x08000000                g_pfnVectors
                0x08000188                . = ALIGN (0x4)

.text           0x08000188     0xcd84
                0x08000188                . = ALIGN (0x4)
 *(.text)
 .text          0x08000188       0x5c c:/program files/ac6/systemworkbench/plugins/fr.ac6.mcu.externaltools.arm-none.win32_1.3.0.201507241045/tools/compiler/bin/../lib/gcc/arm-none-eabi/4.9.3/armv7e-m/fpu/crtbegin.o
 *(.text*)
 .text.makeFreeRtosPriority
                0x080001e4       0x30 Middlewares/FreeRTOS/cmsis_os.o
 .text.inHandlerMode
                0x08000214       0x24 Middlewares/FreeRTOS/cmsis_os.o
 .text.osKernelStart
                0x08000238       0x10 Middlewares/FreeRTOS/cmsis_os.o
                0x08000238                osKernelStart
 .text.osKernelSysTick
                0x08000248       0x20 Middlewares/FreeRTOS/cmsis_os.o
                0x08000248                osKernelSysTick
 .text.osThreadCreate
                0x08000268       0x58 Middlewares/FreeRTOS/cmsis_os.o
                0x08000268                osThreadCreate
 .text.osDelay  0x080002c0       0x28 Middlewares/FreeRTOS/cmsis_os.o
                0x080002c0                osDelay
 .text.osMutexCreate
                0x080002e8       0x18 Middlewares/FreeRTOS/cmsis_os.o
                0x080002e8                osMutexCreate
 .text.osMutexWait
                0x08000300       0xa0 Middlewares/FreeRTOS/cmsis_os.o
                0x08000300                osMutexWait
 .text.osMutexRelease
                0x080003a0       0x6c Middlewares/FreeRTOS/cmsis_os.o
                0x080003a0                osMutexRelease
 .text.osSemaphoreCreate
                0x0800040c       0x48 Middlewares/FreeRTOS/cmsis_os.o
                0x0800040c                osSemaphoreCreate
 .text.osSemaphoreWait
                0x08000454       0xa0 Middlewares/FreeRTOS/cmsis_os.o
                0x08000454                osSemaphoreWait
 .text.osSemaphoreRelease
                0x080004f4       0x6c Middlewares/FreeRTOS/cmsis_os.o
                0x080004f4                osSemaphoreRelease
 .text.osSemaphoreDelete
                0x08000560       0x28 Middlewares/FreeRTOS/cmsis_os.o
                0x08000560                osSemaphoreDelete
 .text.osSystickHandler
                0x08000588       0x14 Middlewares/FreeRTOS/cmsis_os.o
                0x08000588                osSystickHandler
 .text.osDelayUntil
                0x0800059c       0x2c Middlewares/FreeRTOS/cmsis_os.o
                0x0800059c                osDelayUntil
 .text.pvPortMalloc
                0x080005c8      0x184 Middlewares/FreeRTOS/heap_4.o
                0x080005c8                pvPortMalloc
 .text.vPortFree
                0x0800074c       0xb0 Middlewares/FreeRTOS/heap_4.o
                0x0800074c                vPortFree
 .text.prvHeapInit
                0x080007fc       0xc4 Middlewares/FreeRTOS/heap_4.o
 .text.prvInsertBlockIntoFreeList
                0x080008c0       0xb0 Middlewares/FreeRTOS/heap_4.o
 .text.vListInitialise
                0x08000970       0x40 Middlewares/FreeRTOS/list.o
                0x08000970                vListInitialise
 .text.vListInitialiseItem
                0x080009b0       0x18 Middlewares/FreeRTOS/list.o
                0x080009b0                vListInitialiseItem
 .text.vListInsertEnd
                0x080009c8       0x48 Middlewares/FreeRTOS/list.o
                0x080009c8                vListInsertEnd
 .text.vListInsert
                0x08000a10       0x70 Middlewares/FreeRTOS/list.o
                0x08000a10                vListInsert
 .text.uxListRemove
                0x08000a80       0x54 Middlewares/FreeRTOS/list.o
                0x08000a80                uxListRemove
 .text.pxPortInitialiseStack
                0x08000ad4       0x64 Middlewares/FreeRTOS/port.o
                0x08000ad4                pxPortInitialiseStack
 .text.prvTaskExitError
                0x08000b38       0x3c Middlewares/FreeRTOS/port.o
 .text.SVC_Handler
                0x08000b74       0x20 Middlewares/FreeRTOS/port.o
                0x08000b74                SVC_Handler
 .text.prvPortStartFirstTask
                0x08000b94       0x20 Middlewares/FreeRTOS/port.o
 .text.xPortStartScheduler
                0x08000bb4      0x118 Middlewares/FreeRTOS/port.o
                0x08000bb4                xPortStartScheduler
 .text.vPortEnterCritical
                0x08000ccc       0x5c Middlewares/FreeRTOS/port.o
                0x08000ccc                vPortEnterCritical
 .text.vPortExitCritical
                0x08000d28       0x4c Middlewares/FreeRTOS/port.o
                0x08000d28                vPortExitCritical
 .text.PendSV_Handler
                0x08000d74       0x60 Middlewares/FreeRTOS/port.o
                0x08000d74                PendSV_Handler
 .text.xPortSysTickHandler
                0x08000dd4       0x44 Middlewares/FreeRTOS/port.o
                0x08000dd4                xPortSysTickHandler
 .text.vPortSetupTimerInterrupt
                0x08000e18       0x34 Middlewares/FreeRTOS/port.o
                0x08000e18                vPortSetupTimerInterrupt
 .text.vPortEnableVFP
                0x08000e4c       0x14 Middlewares/FreeRTOS/port.o
 .text.vPortValidateInterruptPriority
                0x08000e60       0x78 Middlewares/FreeRTOS/port.o
                0x08000e60                vPortValidateInterruptPriority
 .text.xQueueGenericReset
                0x08000ed8       0xd0 Middlewares/FreeRTOS/queue.o
                0x08000ed8                xQueueGenericReset
 .text.xQueueGenericCreate
                0x08000fa8       0xb8 Middlewares/FreeRTOS/queue.o
                0x08000fa8                xQueueGenericCreate
 .text.xQueueCreateMutex
                0x08001060       0xa0 Middlewares/FreeRTOS/queue.o
                0x08001060                xQueueCreateMutex
 .text.xQueueCreateCountingSemaphore
                0x08001100       0x7c Middlewares/FreeRTOS/queue.o
                0x08001100                xQueueCreateCountingSemaphore
 .text.xQueueGenericSend
                0x0800117c      0x1ec Middlewares/FreeRTOS/queue.o
                0x0800117c                xQueueGenericSend
 .text.xQueueGiveFromISR
                0x08001368      0x100 Middlewares/FreeRTOS/queue.o
                0x08001368                xQueueGiveFromISR
 .text.xQueueGenericReceive
                0x08001468      0x20c Middlewares/FreeRTOS/queue.o
                0x08001468                xQueueGenericReceive
 .text.xQueueReceiveFromISR
                0x08001674       0xe8 Middlewares/FreeRTOS/queue.o
                0x08001674                xQueueReceiveFromISR
 .text.vQueueDelete
                0x0800175c       0x38 Middlewares/FreeRTOS/queue.o
                0x0800175c                vQueueDelete
 .text.prvCopyDataToQueue
                0x08001794       0xdc Middlewares/FreeRTOS/queue.o
 .text.prvCopyDataFromQueue
                0x08001870       0x4c Middlewares/FreeRTOS/queue.o
 .text.prvUnlockQueue
                0x080018bc       0x98 Middlewares/FreeRTOS/queue.o
 .text.prvIsQueueEmpty
                0x08001954       0x2c Middlewares/FreeRTOS/queue.o
 .text.prvIsQueueFull
                0x08001980       0x30 Middlewares/FreeRTOS/queue.o
 .text.vQueueUnregisterQueue
                0x080019b0       0x44 Middlewares/FreeRTOS/queue.o
                0x080019b0                vQueueUnregisterQueue
 .text.xTaskGenericCreate
                0x080019f4      0x1a4 Middlewares/FreeRTOS/tasks.o
                0x080019f4                xTaskGenericCreate
 .text.vTaskDelayUntil
                0x08001b98      0x11c Middlewares/FreeRTOS/tasks.o
                0x08001b98                vTaskDelayUntil
 .text.vTaskDelay
                0x08001cb4       0xa4 Middlewares/FreeRTOS/tasks.o
                0x08001cb4                vTaskDelay
 .text.vTaskStartScheduler
                0x08001d58       0x80 Middlewares/FreeRTOS/tasks.o
                0x08001d58                vTaskStartScheduler
 .text.vTaskSuspendAll
                0x08001dd8       0x1c Middlewares/FreeRTOS/tasks.o
                0x08001dd8                vTaskSuspendAll
 .text.xTaskResumeAll
                0x08001df4      0x12c Middlewares/FreeRTOS/tasks.o
                0x08001df4                xTaskResumeAll
 .text.xTaskGetTickCount
                0x08001f20       0x20 Middlewares/FreeRTOS/tasks.o
                0x08001f20                xTaskGetTickCount
 .text.xTaskGetTickCountFromISR
                0x08001f40       0x24 Middlewares/FreeRTOS/tasks.o
                0x08001f40                xTaskGetTickCountFromISR
 .text.xTaskIncrementTick
                0x08001f64      0x180 Middlewares/FreeRTOS/tasks.o
                0x08001f64                xTaskIncrementTick
 .text.vTaskSwitchContext
                0x080020e4       0xb4 Middlewares/FreeRTOS/tasks.o
                0x080020e4                vTaskSwitchContext
 .text.vTaskPlaceOnEventList
                0x08002198       0x9c Middlewares/FreeRTOS/tasks.o
                0x08002198                vTaskPlaceOnEventList
 .text.xTaskRemoveFromEventList
                0x08002234       0xc8 Middlewares/FreeRTOS/tasks.o
                0x08002234                xTaskRemoveFromEventList
 .text.vTaskSetTimeOutState
                0x080022fc       0x44 Middlewares/FreeRTOS/tasks.o
                0x080022fc                vTaskSetTimeOutState
 .text.xTaskCheckForTimeOut
                0x08002340       0xbc Middlewares/FreeRTOS/tasks.o
                0x08002340                xTaskCheckForTimeOut
 .text.vTaskMissedYield
                0x080023fc       0x18 Middlewares/FreeRTOS/tasks.o
                0x080023fc                vTaskMissedYield
 .text.prvIdleTask
                0x08002414       0x30 Middlewares/FreeRTOS/tasks.o
 .text.prvInitialiseTCBVariables
                0x08002444       0xa4 Middlewares/FreeRTOS/tasks.o
 .text.prvInitialiseTaskLists
                0x080024e8       0x7c Middlewares/FreeRTOS/tasks.o
 .text.prvCheckTasksWaitingTermination
                0x08002564       0x74 Middlewares/FreeRTOS/tasks.o
 .text.prvAddCurrentTaskToDelayedList
                0x080025d8       0x6c Middlewares/FreeRTOS/tasks.o
 .text.prvAllocateTCBAndStack
                0x08002644       0x70 Middlewares/FreeRTOS/tasks.o
 .text.prvDeleteTCB
                0x080026b4       0x20 Middlewares/FreeRTOS/tasks.o
 .text.prvResetNextTaskUnblockTime
                0x080026d4       0x48 Middlewares/FreeRTOS/tasks.o
 .text.xTaskGetSchedulerState
                0x0800271c       0x3c Middlewares/FreeRTOS/tasks.o
                0x0800271c                xTaskGetSchedulerState
 .text.vTaskPriorityInherit
                0x08002758       0xf0 Middlewares/FreeRTOS/tasks.o
                0x08002758                vTaskPriorityInherit
 .text.xTaskPriorityDisinherit
                0x08002848      0x10c Middlewares/FreeRTOS/tasks.o
                0x08002848                xTaskPriorityDisinherit
 .text.pvTaskIncrementMutexHeldCount
                0x08002954       0x28 Middlewares/FreeRTOS/tasks.o
                0x08002954                pvTaskIncrementMutexHeldCount
 .text.disk_status
                0x0800297c       0x34 Middlewares/FatFs/diskio.o
                0x0800297c                disk_status
 .text.disk_initialize
                0x080029b0       0x4c Middlewares/FatFs/diskio.o
                0x080029b0                disk_initialize
 .text.disk_read
                0x080029fc       0x40 Middlewares/FatFs/diskio.o
                0x080029fc                disk_read
 .text.disk_write
                0x08002a3c       0x40 Middlewares/FatFs/diskio.o
                0x08002a3c                disk_write
 .text.disk_ioctl
                0x08002a7c       0x40 Middlewares/FatFs/diskio.o
                0x08002a7c                disk_ioctl
 .text.mem_cpy  0x08002abc       0x3c Middlewares/FatFs/ff.o
 .text.mem_set  0x08002af8       0x34 Middlewares/FatFs/ff.o
 .text.mem_cmp  0x08002b2c       0x50 Middlewares/FatFs/ff.o
 .text.chk_chr  0x08002b7c       0x38 Middlewares/FatFs/ff.o
 .text.lock_fs  0x08002bb4       0x20 Middlewares/FatFs/ff.o
 .text.unlock_fs
                0x08002bd4       0x3c Middlewares/FatFs/ff.o
 .text.chk_lock
                0x08002c10       0xd8 Middlewares/FatFs/ff.o
 .text.enq_lock
                0x08002ce8       0x48 Middlewares/FatFs/ff.o
 .text.inc_lock
                0x08002d30      0x168 Middlewares/FatFs/ff.o
 .text.dec_lock
                0x08002e98       0x88 Middlewares/FatFs/ff.o
 .text.clear_lock
                0x08002f20       0x50 Middlewares/FatFs/ff.o
 .text.sync_window
                0x08002f70       0x9c Middlewares/FatFs/ff.o
 .text.move_window
                0x0800300c       0x60 Middlewares/FatFs/ff.o
 .text.sync_fs  0x0800306c      0x160 Middlewares/FatFs/ff.o
 .text.clust2sect
                0x080031cc       0x44 Middlewares/FatFs/ff.o
                0x080031cc                clust2sect
 .text.get_fat  0x08003210      0x168 Middlewares/FatFs/ff.o
                0x08003210                get_fat
 .text.put_fat  0x08003378      0x20c Middlewares/FatFs/ff.o
                0x08003378                put_fat
 .text.remove_chain
                0x08003584       0xb0 Middlewares/FatFs/ff.o
 .text.create_chain
                0x08003634      0x140 Middlewares/FatFs/ff.o
 .text.clmt_clust
                0x08003774       0x6c Middlewares/FatFs/ff.o
 .text.dir_sdi  0x080037e0      0x128 Middlewares/FatFs/ff.o
 .text.dir_next
                0x08003908      0x1ec Middlewares/FatFs/ff.o
 .text.dir_alloc
                0x08003af4       0x94 Middlewares/FatFs/ff.o
 .text.ld_clust
                0x08003b88       0x5c Middlewares/FatFs/ff.o
 .text.st_clust
                0x08003be4       0x4c Middlewares/FatFs/ff.o
 .text.dir_find
                0x08003c30       0x9c Middlewares/FatFs/ff.o
 .text.dir_register
                0x08003ccc       0x74 Middlewares/FatFs/ff.o
 .text.create_name
                0x08003d40      0x180 Middlewares/FatFs/ff.o
 .text.follow_path
                0x08003ec0       0xd8 Middlewares/FatFs/ff.o
 .text.get_ldnumber
                0x08003f98       0x88 Middlewares/FatFs/ff.o
 .text.check_fs
                0x08004020       0xc8 Middlewares/FatFs/ff.o
 .text.find_volume
                0x080040e8      0x5a8 Middlewares/FatFs/ff.o
 .text.validate
                0x08004690       0x7c Middlewares/FatFs/ff.o
 .text.f_mount  0x0800470c       0xd0 Middlewares/FatFs/ff.o
                0x0800470c                f_mount
 .text.f_open   0x080047dc      0x42c Middlewares/FatFs/ff.o
                0x080047dc                f_open
 .text.f_write  0x08004c08      0x3f8 Middlewares/FatFs/ff.o
                0x08004c08                f_write
 .text.f_sync   0x08005000      0x198 Middlewares/FatFs/ff.o
                0x08005000                f_sync
 .text.f_close  0x08005198       0x60 Middlewares/FatFs/ff.o
                0x08005198                f_close
 .text.FATFS_LinkDriverEx
                0x080051f8       0x98 Middlewares/FatFs/ff_gen_drv.o
                0x080051f8                FATFS_LinkDriverEx
 .text.FATFS_LinkDriver
                0x08005290       0x20 Middlewares/FatFs/ff_gen_drv.o
                0x08005290                FATFS_LinkDriver
 .text.SD_initialize
                0x080052b0       0x3c Middlewares/FatFs/sd_diskio.o
                0x080052b0                SD_initialize
 .text.SD_status
                0x080052ec       0x3c Middlewares/FatFs/sd_diskio.o
                0x080052ec                SD_status
 .text.SD_read  0x08005328       0x44 Middlewares/FatFs/sd_diskio.o
                0x08005328                SD_read
 .text.SD_write
                0x0800536c       0x44 Middlewares/FatFs/sd_diskio.o
                0x0800536c                SD_write
 .text.SD_ioctl
                0x080053b0       0xa0 Middlewares/FatFs/sd_diskio.o
                0x080053b0                SD_ioctl
 .text.ff_cre_syncobj
                0x08005450       0x3c Middlewares/FatFs/syscall.o
                0x08005450                ff_cre_syncobj
 .text.ff_del_syncobj
                0x0800548c       0x18 Middlewares/FatFs/syscall.o
                0x0800548c                ff_del_syncobj
 .text.ff_req_grant
                0x080054a4       0x2c Middlewares/FatFs/syscall.o
                0x080054a4                ff_req_grant
 .text.ff_rel_grant
                0x080054d0       0x14 Middlewares/FatFs/syscall.o
                0x080054d0                ff_rel_grant
 .text.HAL_Init
                0x080054e4       0x44 Drivers/STM32F4xx_HAL_Driver/stm32f4xx_hal.o
                0x080054e4                HAL_Init
 .text.HAL_IncTick
                0x08005528       0x1c Drivers/STM32F4xx_HAL_Driver/stm32f4xx_hal.o
                0x08005528                HAL_IncTick
 .text.HAL_GetTick
                0x08005544       0x18 Drivers/STM32F4xx_HAL_Driver/stm32f4xx_hal.o
                0x08005544                HAL_GetTick
 .text.HAL_Delay
                0x0800555c       0x2c Drivers/STM32F4xx_HAL_Driver/stm32f4xx_hal.o
                0x0800555c                HAL_Delay
 .text.HAL_CAN_Init
                0x08005588      0x254 Drivers/STM32F4xx_HAL_Driver/stm32f4xx_hal_can.o
                0x08005588                HAL_CAN_Init
 .text.HAL_CAN_Transmit
                0x080057dc      0x2e4 Drivers/STM32F4xx_HAL_Driver/stm32f4xx_hal_can.o
                0x080057dc                HAL_CAN_Transmit
 .text.HAL_CAN_Receive
                0x08005ac0      0x26c Drivers/STM32F4xx_HAL_Driver/stm32f4xx_hal_can.o
                0x08005ac0                HAL_CAN_Receive
 .text.HAL_CAN_IRQHandler
                0x08005d2c      0x32c Drivers/STM32F4xx_HAL_Driver/stm32f4xx_hal_can.o
                0x08005d2c                HAL_CAN_IRQHandler
 .text.HAL_CAN_TxCpltCallback
                0x08006058       0x14 Drivers/STM32F4xx_HAL_Driver/stm32f4xx_hal_can.o
                0x08006058                HAL_CAN_TxCpltCallback
 .text.HAL_CAN_RxCpltCallback
                0x0800606c       0x14 Drivers/STM32F4xx_HAL_Driver/stm32f4xx_hal_can.o
                0x0800606c                HAL_CAN_RxCpltCallback
 .text.HAL_CAN_ErrorCallback
                0x08006080       0x14 Drivers/STM32F4xx_HAL_Driver/stm32f4xx_hal_can.o
                0x08006080                HAL_CAN_ErrorCallback
 .text.CAN_Transmit_IT
                0x08006094       0xa4 Drivers/STM32F4xx_HAL_Driver/stm32f4xx_hal_can.o
 .text.CAN_Receive_IT
                0x08006138      0x234 Drivers/STM32F4xx_HAL_Driver/stm32f4xx_hal_can.o
 .text.NVIC_SetPriorityGrouping
                0x0800636c       0x48 Drivers/STM32F4xx_HAL_Driver/stm32f4xx_hal_cortex.o
 .text.NVIC_GetPriorityGrouping
                0x080063b4       0x1c Drivers/STM32F4xx_HAL_Driver/stm32f4xx_hal_cortex.o
 .text.NVIC_EnableIRQ
                0x080063d0       0x30 Drivers/STM32F4xx_HAL_Driver/stm32f4xx_hal_cortex.o
 .text.NVIC_SetPriority
                0x08006400       0x54 Drivers/STM32F4xx_HAL_Driver/stm32f4xx_hal_cortex.o
 .text.NVIC_EncodePriority
                0x08006454       0x64 Drivers/STM32F4xx_HAL_Driver/stm32f4xx_hal_cortex.o
 .text.SysTick_Config
                0x080064b8       0x44 Drivers/STM32F4xx_HAL_Driver/stm32f4xx_hal_cortex.o
 .text.HAL_NVIC_SetPriorityGrouping
                0x080064fc       0x14 Drivers/STM32F4xx_HAL_Driver/stm32f4xx_hal_cortex.o
                0x080064fc                HAL_NVIC_SetPriorityGrouping
 .text.HAL_NVIC_SetPriority
                0x08006510       0x38 Drivers/STM32F4xx_HAL_Driver/stm32f4xx_hal_cortex.o
                0x08006510                HAL_NVIC_SetPriority
 .text.HAL_NVIC_EnableIRQ
                0x08006548       0x1c Drivers/STM32F4xx_HAL_Driver/stm32f4xx_hal_cortex.o
                0x08006548                HAL_NVIC_EnableIRQ
 .text.HAL_SYSTICK_Config
                0x08006564       0x18 Drivers/STM32F4xx_HAL_Driver/stm32f4xx_hal_cortex.o
                0x08006564                HAL_SYSTICK_Config
 .text.HAL_SYSTICK_CLKSourceConfig
                0x0800657c       0x38 Drivers/STM32F4xx_HAL_Driver/stm32f4xx_hal_cortex.o
                0x0800657c                HAL_SYSTICK_CLKSourceConfig
 .text.HAL_DMA_Init
                0x080065b4       0xd8 Drivers/STM32F4xx_HAL_Driver/stm32f4xx_hal_dma.o
                0x080065b4                HAL_DMA_Init
 .text.HAL_DMA_Start_IT
                0x0800668c       0x84 Drivers/STM32F4xx_HAL_Driver/stm32f4xx_hal_dma.o
                0x0800668c                HAL_DMA_Start_IT
 .text.HAL_DMA_IRQHandler
                0x08006710      0x2f4 Drivers/STM32F4xx_HAL_Driver/stm32f4xx_hal_dma.o
                0x08006710                HAL_DMA_IRQHandler
 .text.HAL_DMA_GetState
                0x08006a04       0x1c Drivers/STM32F4xx_HAL_Driver/stm32f4xx_hal_dma.o
                0x08006a04                HAL_DMA_GetState
 .text.DMA_SetConfig
                0x08006a20       0x5c Drivers/STM32F4xx_HAL_Driver/stm32f4xx_hal_dma.o
 .text.DMA_CalcBaseAndBitshift
                0x08006a7c       0x6c Drivers/STM32F4xx_HAL_Driver/stm32f4xx_hal_dma.o
 .text.HAL_GPIO_Init
                0x08006ae8      0x33c Drivers/STM32F4xx_HAL_Driver/stm32f4xx_hal_gpio.o
                0x08006ae8                HAL_GPIO_Init
 .text.HAL_GPIO_ReadPin
                0x08006e24       0x30 Drivers/STM32F4xx_HAL_Driver/stm32f4xx_hal_gpio.o
                0x08006e24                HAL_GPIO_ReadPin
 .text.HAL_GPIO_WritePin
                0x08006e54       0x30 Drivers/STM32F4xx_HAL_Driver/stm32f4xx_hal_gpio.o
                0x08006e54                HAL_GPIO_WritePin
 .text.HAL_GPIO_TogglePin
                0x08006e84       0x24 Drivers/STM32F4xx_HAL_Driver/stm32f4xx_hal_gpio.o
                0x08006e84                HAL_GPIO_TogglePin
 .text.HAL_RCC_OscConfig
                0x08006ea8      0x424 Drivers/STM32F4xx_HAL_Driver/stm32f4xx_hal_rcc.o
                0x08006ea8                HAL_RCC_OscConfig
 .text.HAL_RCC_ClockConfig
                0x080072cc      0x1e8 Drivers/STM32F4xx_HAL_Driver/stm32f4xx_hal_rcc.o
                0x080072cc                HAL_RCC_ClockConfig
 .text.HAL_RCC_GetSysClockFreq
                0x080074b4       0xfc Drivers/STM32F4xx_HAL_Driver/stm32f4xx_hal_rcc.o
                0x080074b4                HAL_RCC_GetSysClockFreq
 .text.HAL_RCC_GetHCLKFreq
                0x080075b0       0x50 Drivers/STM32F4xx_HAL_Driver/stm32f4xx_hal_rcc.o
                0x080075b0                HAL_RCC_GetHCLKFreq
 .text.HAL_RCC_GetPCLK1Freq
                0x08007600       0x44 Drivers/STM32F4xx_HAL_Driver/stm32f4xx_hal_rcc.o
                0x08007600                HAL_RCC_GetPCLK1Freq
 .text.HAL_RCC_GetPCLK2Freq
                0x08007644       0x44 Drivers/STM32F4xx_HAL_Driver/stm32f4xx_hal_rcc.o
                0x08007644                HAL_RCC_GetPCLK2Freq
 .text.HAL_RCC_GetClockConfig
                0x08007688       0x60 Drivers/STM32F4xx_HAL_Driver/stm32f4xx_hal_rcc.o
                0x08007688                HAL_RCC_GetClockConfig
 .text.HAL_RCCEx_PeriphCLKConfig
                0x080076e8      0x1d0 Drivers/STM32F4xx_HAL_Driver/stm32f4xx_hal_rcc_ex.o
                0x080076e8                HAL_RCCEx_PeriphCLKConfig
 .text.HAL_RTC_Init
                0x080078b8       0xf8 Drivers/STM32F4xx_HAL_Driver/stm32f4xx_hal_rtc.o
                0x080078b8                HAL_RTC_Init
 .text.HAL_RTC_SetTime
                0x080079b0      0x18c Drivers/STM32F4xx_HAL_Driver/stm32f4xx_hal_rtc.o
                0x080079b0                HAL_RTC_SetTime
 .text.HAL_RTC_GetTime
                0x08007b3c       0xb8 Drivers/STM32F4xx_HAL_Driver/stm32f4xx_hal_rtc.o
                0x08007b3c                HAL_RTC_GetTime
 .text.HAL_RTC_SetDate
                0x08007bf4      0x16c Drivers/STM32F4xx_HAL_Driver/stm32f4xx_hal_rtc.o
                0x08007bf4                HAL_RTC_SetDate
 .text.HAL_RTC_GetDate
                0x08007d60       0xa0 Drivers/STM32F4xx_HAL_Driver/stm32f4xx_hal_rtc.o
                0x08007d60                HAL_RTC_GetDate
 .text.HAL_RTC_WaitForSynchro
                0x08007e00       0x50 Drivers/STM32F4xx_HAL_Driver/stm32f4xx_hal_rtc.o
                0x08007e00                HAL_RTC_WaitForSynchro
 .text.RTC_EnterInitMode
                0x08007e50       0x58 Drivers/STM32F4xx_HAL_Driver/stm32f4xx_hal_rtc.o
                0x08007e50                RTC_EnterInitMode
 .text.RTC_ByteToBcd2
                0x08007ea8       0x3c Drivers/STM32F4xx_HAL_Driver/stm32f4xx_hal_rtc.o
                0x08007ea8                RTC_ByteToBcd2
 .text.RTC_Bcd2ToByte
                0x08007ee4       0x3c Drivers/STM32F4xx_HAL_Driver/stm32f4xx_hal_rtc.o
                0x08007ee4                RTC_Bcd2ToByte
 .text.HAL_RTCEx_SetTimeStamp
                0x08007f20       0xac Drivers/STM32F4xx_HAL_Driver/stm32f4xx_hal_rtc_ex.o
                0x08007f20                HAL_RTCEx_SetTimeStamp
 .text.HAL_SD_Init
                0x08007fcc       0xec Drivers/STM32F4xx_HAL_Driver/stm32f4xx_hal_sd.o
                0x08007fcc                HAL_SD_Init
 .text.HAL_SD_ReadBlocks
                0x080080b8      0x2c4 Drivers/STM32F4xx_HAL_Driver/stm32f4xx_hal_sd.o
                0x080080b8                HAL_SD_ReadBlocks
 .text.HAL_SD_WriteBlocks
                0x0800837c      0x39c Drivers/STM32F4xx_HAL_Driver/stm32f4xx_hal_sd.o
                0x0800837c                HAL_SD_WriteBlocks
 .text.HAL_SD_IRQHandler
                0x08008718      0x104 Drivers/STM32F4xx_HAL_Driver/stm32f4xx_hal_sd.o
                0x08008718                HAL_SD_IRQHandler
 .text.HAL_SD_XferCpltCallback
                0x0800881c       0x14 Drivers/STM32F4xx_HAL_Driver/stm32f4xx_hal_sd.o
                0x0800881c                HAL_SD_XferCpltCallback
 .text.HAL_SD_XferErrorCallback
                0x08008830       0x14 Drivers/STM32F4xx_HAL_Driver/stm32f4xx_hal_sd.o
                0x08008830                HAL_SD_XferErrorCallback
 .text.HAL_SD_Get_CardInfo
                0x08008844      0x624 Drivers/STM32F4xx_HAL_Driver/stm32f4xx_hal_sd.o
                0x08008844                HAL_SD_Get_CardInfo
 .text.HAL_SD_StopTransfer
                0x08008e68       0x48 Drivers/STM32F4xx_HAL_Driver/stm32f4xx_hal_sd.o
                0x08008e68                HAL_SD_StopTransfer
 .text.HAL_SD_GetStatus
                0x08008eb0       0x34 Drivers/STM32F4xx_HAL_Driver/stm32f4xx_hal_sd.o
                0x08008eb0                HAL_SD_GetStatus
 .text.SD_GetState
                0x08008ee4       0x38 Drivers/STM32F4xx_HAL_Driver/stm32f4xx_hal_sd.o
 .text.SD_Initialize_Cards
                0x08008f1c      0x188 Drivers/STM32F4xx_HAL_Driver/stm32f4xx_hal_sd.o
 .text.SD_Select_Deselect
                0x080090a4       0x54 Drivers/STM32F4xx_HAL_Driver/stm32f4xx_hal_sd.o
 .text.SD_PowerON
                0x080090f8      0x1c8 Drivers/STM32F4xx_HAL_Driver/stm32f4xx_hal_sd.o
 .text.SD_SendStatus
                0x080092c0       0x74 Drivers/STM32F4xx_HAL_Driver/stm32f4xx_hal_sd.o
 .text.SD_CmdError
                0x08009334       0x78 Drivers/STM32F4xx_HAL_Driver/stm32f4xx_hal_sd.o
 .text.SD_CmdResp7Error
                0x080093ac       0xb0 Drivers/STM32F4xx_HAL_Driver/stm32f4xx_hal_sd.o
 .text.SD_CmdResp1Error
                0x0800945c      0x1ac Drivers/STM32F4xx_HAL_Driver/stm32f4xx_hal_sd.o
 .text.SD_CmdResp3Error
                0x08009608       0x54 Drivers/STM32F4xx_HAL_Driver/stm32f4xx_hal_sd.o
 .text.SD_CmdResp2Error
                0x0800965c       0x70 Drivers/STM32F4xx_HAL_Driver/stm32f4xx_hal_sd.o
 .text.SD_CmdResp6Error
                0x080096cc       0xd8 Drivers/STM32F4xx_HAL_Driver/stm32f4xx_hal_sd.o
 .text.SD_IsCardProgramming
                0x080097a4      0x1f8 Drivers/STM32F4xx_HAL_Driver/stm32f4xx_hal_sd.o
 .text.HAL_TIM_Base_Init
                0x0800999c       0x58 Drivers/STM32F4xx_HAL_Driver/stm32f4xx_hal_tim.o
                0x0800999c                HAL_TIM_Base_Init
 .text.HAL_TIM_Base_MspInit
                0x080099f4       0x14 Drivers/STM32F4xx_HAL_Driver/stm32f4xx_hal_tim.o
                0x080099f4                HAL_TIM_Base_MspInit
 .text.HAL_TIM_Base_Start_IT
                0x08009a08       0x38 Drivers/STM32F4xx_HAL_Driver/stm32f4xx_hal_tim.o
                0x08009a08                HAL_TIM_Base_Start_IT
 .text.HAL_TIM_IRQHandler
                0x08009a40      0x210 Drivers/STM32F4xx_HAL_Driver/stm32f4xx_hal_tim.o
                0x08009a40                HAL_TIM_IRQHandler
 .text.HAL_TIM_OC_DelayElapsedCallback
                0x08009c50       0x14 Drivers/STM32F4xx_HAL_Driver/stm32f4xx_hal_tim.o
                0x08009c50                HAL_TIM_OC_DelayElapsedCallback
 .text.HAL_TIM_IC_CaptureCallback
                0x08009c64       0x14 Drivers/STM32F4xx_HAL_Driver/stm32f4xx_hal_tim.o
                0x08009c64                HAL_TIM_IC_CaptureCallback
 .text.HAL_TIM_PWM_PulseFinishedCallback
                0x08009c78       0x14 Drivers/STM32F4xx_HAL_Driver/stm32f4xx_hal_tim.o
                0x08009c78                HAL_TIM_PWM_PulseFinishedCallback
 .text.HAL_TIM_TriggerCallback
                0x08009c8c       0x14 Drivers/STM32F4xx_HAL_Driver/stm32f4xx_hal_tim.o
                0x08009c8c                HAL_TIM_TriggerCallback
 .text.TIM_Base_SetConfig
                0x08009ca0      0x150 Drivers/STM32F4xx_HAL_Driver/stm32f4xx_hal_tim.o
                0x08009ca0                TIM_Base_SetConfig
 .text.HAL_TIMEx_CommutationCallback
                0x08009df0       0x14 Drivers/STM32F4xx_HAL_Driver/stm32f4xx_hal_tim_ex.o
                0x08009df0                HAL_TIMEx_CommutationCallback
 .text.HAL_TIMEx_BreakCallback
                0x08009e04       0x14 Drivers/STM32F4xx_HAL_Driver/stm32f4xx_hal_tim_ex.o
                0x08009e04                HAL_TIMEx_BreakCallback
 .text.HAL_UART_Init
                0x08009e18       0x9c Drivers/STM32F4xx_HAL_Driver/stm32f4xx_hal_uart.o
                0x08009e18                HAL_UART_Init
 .text.HAL_UART_Receive_DMA
                0x08009eb4       0xc4 Drivers/STM32F4xx_HAL_Driver/stm32f4xx_hal_uart.o
                0x08009eb4                HAL_UART_Receive_DMA
 .text.HAL_UART_IRQHandler
                0x08009f78      0x210 Drivers/STM32F4xx_HAL_Driver/stm32f4xx_hal_uart.o
                0x08009f78                HAL_UART_IRQHandler
 .text.HAL_UART_TxCpltCallback
                0x0800a188       0x14 Drivers/STM32F4xx_HAL_Driver/stm32f4xx_hal_uart.o
                0x0800a188                HAL_UART_TxCpltCallback
 .text.HAL_UART_RxCpltCallback
                0x0800a19c       0x14 Drivers/STM32F4xx_HAL_Driver/stm32f4xx_hal_uart.o
                0x0800a19c                HAL_UART_RxCpltCallback
 .text.HAL_UART_RxHalfCpltCallback
                0x0800a1b0       0x14 Drivers/STM32F4xx_HAL_Driver/stm32f4xx_hal_uart.o
                0x0800a1b0                HAL_UART_RxHalfCpltCallback
 .text.HAL_UART_ErrorCallback
                0x0800a1c4       0x14 Drivers/STM32F4xx_HAL_Driver/stm32f4xx_hal_uart.o
                0x0800a1c4                HAL_UART_ErrorCallback
 .text.UART_DMAReceiveCplt
                0x0800a1d8       0x48 Drivers/STM32F4xx_HAL_Driver/stm32f4xx_hal_uart.o
 .text.UART_DMARxHalfCplt
                0x0800a220       0x1c Drivers/STM32F4xx_HAL_Driver/stm32f4xx_hal_uart.o
 .text.UART_DMAError
                0x0800a23c       0x44 Drivers/STM32F4xx_HAL_Driver/stm32f4xx_hal_uart.o
 .text.UART_Transmit_IT
                0x0800a280       0xac Drivers/STM32F4xx_HAL_Driver/stm32f4xx_hal_uart.o
 .text.UART_EndTransmit_IT
                0x0800a32c       0x30 Drivers/STM32F4xx_HAL_Driver/stm32f4xx_hal_uart.o
 .text.UART_Receive_IT
                0x0800a35c      0x104 Drivers/STM32F4xx_HAL_Driver/stm32f4xx_hal_uart.o
 .text.UART_SetConfig
                0x0800a460      0x434 Drivers/STM32F4xx_HAL_Driver/stm32f4xx_hal_uart.o
 .text.SDIO_Init
                0x0800a894       0x58 Drivers/STM32F4xx_HAL_Driver/stm32f4xx_ll_sdmmc.o
                0x0800a894                SDIO_Init
 .text.SDIO_ReadFIFO
                0x0800a8ec       0x1c Drivers/STM32F4xx_HAL_Driver/stm32f4xx_ll_sdmmc.o
                0x0800a8ec                SDIO_ReadFIFO
 .text.SDIO_WriteFIFO
                0x0800a908       0x24 Drivers/STM32F4xx_HAL_Driver/stm32f4xx_ll_sdmmc.o
                0x0800a908                SDIO_WriteFIFO
 .text.SDIO_PowerState_ON
                0x0800a92c       0x1c Drivers/STM32F4xx_HAL_Driver/stm32f4xx_ll_sdmmc.o
                0x0800a92c                SDIO_PowerState_ON
 .text.SDIO_GetPowerState
                0x0800a948       0x1c Drivers/STM32F4xx_HAL_Driver/stm32f4xx_ll_sdmmc.o
                0x0800a948                SDIO_GetPowerState
 .text.SDIO_SendCommand
                0x0800a964       0x54 Drivers/STM32F4xx_HAL_Driver/stm32f4xx_ll_sdmmc.o
                0x0800a964                SDIO_SendCommand
 .text.SDIO_GetCommandResponse
                0x0800a9b8       0x1c Drivers/STM32F4xx_HAL_Driver/stm32f4xx_ll_sdmmc.o
                0x0800a9b8                SDIO_GetCommandResponse
 .text.SDIO_GetResponse
                0x0800a9d4       0x28 Drivers/STM32F4xx_HAL_Driver/stm32f4xx_ll_sdmmc.o
                0x0800a9d4                SDIO_GetResponse
 .text.SDIO_DataConfig
                0x0800a9fc       0x58 Drivers/STM32F4xx_HAL_Driver/stm32f4xx_ll_sdmmc.o
                0x0800a9fc                SDIO_DataConfig
 .text.SystemInit
                0x0800aa54       0x6c Drivers/CMSIS/system_stm32f4xx.o
                0x0800aa54                SystemInit
 .text.BSP_SD_Init
                0x0800aac0       0x38 Application/User/bsp_driver_sd.o
                0x0800aac0                BSP_SD_Init
 .text.BSP_SD_ReadBlocks
                0x0800aaf8       0x38 Application/User/bsp_driver_sd.o
                0x0800aaf8                BSP_SD_ReadBlocks
 .text.BSP_SD_WriteBlocks
                0x0800ab30       0x38 Application/User/bsp_driver_sd.o
                0x0800ab30                BSP_SD_WriteBlocks
 .text.BSP_SD_GetStatus
                0x0800ab68       0x14 Application/User/bsp_driver_sd.o
                0x0800ab68                BSP_SD_GetStatus
 .text.BSP_SD_GetCardInfo
                0x0800ab7c       0x1c Application/User/bsp_driver_sd.o
                0x0800ab7c                BSP_SD_GetCardInfo
 .text.BSP_SD_IsDetected
                0x0800ab98       0x1c Application/User/bsp_driver_sd.o
                0x0800ab98                BSP_SD_IsDetected
 .text.saveCurrentData
                0x0800abb4       0x28 Application/User/current_data_provider.o
                0x0800abb4                saveCurrentData
 .text.getCurrentData
                0x0800abdc       0x14 Application/User/current_data_provider.o
                0x0800abdc                getCurrentData
 .text.SnapshotMaker_makeSnapshot
                0x0800abf0       0xe0 Application/User/data_snapshot_maker.o
                0x0800abf0                SnapshotMaker_makeSnapshot
 .text.SnapshotMaker_getLeftSnapshotPointer
                0x0800acd0       0x3c Application/User/data_snapshot_maker.o
                0x0800acd0                SnapshotMaker_getLeftSnapshotPointer
 .text.SnapshotMaker_leftSnaphotReadNotification
                0x0800ad0c       0x20 Application/User/data_snapshot_maker.o
                0x0800ad0c                SnapshotMaker_leftSnaphotReadNotification
 .text.ECU_receivedByteNotification
                0x0800ad2c       0x20 Application/User/ecumaster.o
                0x0800ad2c                ECU_receivedByteNotification
 .text.ECU_getNextReceivedBytePointer
                0x0800ad4c       0x24 Application/User/ecumaster.o
                0x0800ad4c                ECU_getNextReceivedBytePointer
 .text.ECU_saveCurrentData
                0x0800ad70      0x690 Application/User/ecumaster.o
                0x0800ad70                ECU_saveCurrentData
 .text.LOG_warning
                0x0800b400       0x14 Application/User/error_logger.o
                0x0800b400                LOG_warning
 .text.MX_FATFS_Init
                0x0800b414       0x24 Application/User/fatfs.o
                0x0800b414                MX_FATFS_Init
 .text.get_fattime
                0x0800b438       0x10 Application/User/fatfs.o
                0x0800b438                get_fattime
 .text.reverse  0x0800b448       0x58 Application/User/itoa.o
 .text.itoa     0x0800b4a0       0x90 Application/User/itoa.o
                0x0800b4a0                itoa
 .text.DataTypes_initDefaults
                0x0800b530      0x6bc Application/User/logged_data_types.o
                0x0800b530                DataTypes_initDefaults
 .text.main     0x0800bbec      0x174 Application/User/main.o
                0x0800bbec                main
 .text.SystemClock_Config
                0x0800bd60       0xe0 Application/User/main.o
                0x0800bd60                SystemClock_Config
 .text.MX_CAN1_Init
                0x0800be40       0x64 Application/User/main.o
 .text.MX_RTC_Init
                0x0800bea4       0x8c Application/User/main.o
 .text.MX_SDIO_SD_Init
                0x0800bf30       0x40 Application/User/main.o
 .text.MX_USART1_UART_Init
                0x0800bf70       0x48 Application/User/main.o
 .text.MX_USART2_UART_Init
                0x0800bfb8       0x48 Application/User/main.o
 .text.MX_DMA_Init
                0x0800c000       0x68 Application/User/main.o
 .text.MX_GPIO_Init
                0x0800c068      0x14c Application/User/main.o
 .text.StartMakeDataSnaphotTask
                0x0800c1b4       0x24 Application/User/main.o
                0x0800c1b4                StartMakeDataSnaphotTask
 .text.StartSaveActualBytesFromECUTask
                0x0800c1d8       0x24 Application/User/main.o
                0x0800c1d8                StartSaveActualBytesFromECUTask
 .text.StartLedBlinkingTask
                0x0800c1fc       0x20 Application/User/main.o
                0x0800c1fc                StartLedBlinkingTask
 .text.StartSDCardSaverTask
                0x0800c21c       0xe4 Application/User/main.o
                0x0800c21c                StartSDCardSaverTask
 .text.StartDefaultTask
                0x0800c300       0x14 Application/User/main.o
                0x0800c300                StartDefaultTask
 .text.SDCardSaver_checkIferror
                0x0800c314       0x40 Application/User/sd_card_saver.o
                0x0800c314                SDCardSaver_checkIferror
 .text.SDCardSaver_checkIferrorWithBytesWritten
                0x0800c354       0x3c Application/User/sd_card_saver.o
                0x0800c354                SDCardSaver_checkIferrorWithBytesWritten
 .text.SDCardSaver_isSDCardInSlot
                0x0800c390       0x24 Application/User/sd_card_saver.o
                0x0800c390                SDCardSaver_isSDCardInSlot
 .text.SDCardSaver_init
                0x0800c3b4       0x54 Application/User/sd_card_saver.o
                0x0800c3b4                SDCardSaver_init
 .text.actualDate
                0x0800c408       0x40 Application/User/sd_card_saver.o
                0x0800c408                actualDate
 .text.actualTime
                0x0800c448       0x34 Application/User/sd_card_saver.o
                0x0800c448                actualTime
 .text.saveFirstLine
                0x0800c47c       0xd8 Application/User/sd_card_saver.o
                0x0800c47c                saveFirstLine
 .text.SDCardSaver_initNewFile
                0x0800c554      0x22c Application/User/sd_card_saver.o
                0x0800c554                SDCardSaver_initNewFile
 .text.SDCardSaver_saveAllUnsavedData
                0x0800c780      0x114 Application/User/sd_card_saver.o
                0x0800c780                SDCardSaver_saveAllUnsavedData
 .text.SDCardSaver_stopSaving
                0x0800c894       0x2c Application/User/sd_card_saver.o
                0x0800c894                SDCardSaver_stopSaving
 .text.SDCardSaver_shouldRecordData
                0x0800c8c0       0x70 Application/User/sd_card_saver.o
                0x0800c8c0                SDCardSaver_shouldRecordData
 .text.HAL_MspInit
                0x0800c930       0x18 Application/User/stm32f4xx_hal_msp.o
                0x0800c930                HAL_MspInit
 .text.HAL_CAN_MspInit
                0x0800c948       0x84 Application/User/stm32f4xx_hal_msp.o
                0x0800c948                HAL_CAN_MspInit
 .text.HAL_RTC_MspInit
                0x0800c9cc       0x2c Application/User/stm32f4xx_hal_msp.o
                0x0800c9cc                HAL_RTC_MspInit
 .text.HAL_SD_MspInit
                0x0800c9f8       0x98 Application/User/stm32f4xx_hal_msp.o
                0x0800c9f8                HAL_SD_MspInit
 .text.HAL_UART_MspInit
                0x0800ca90      0x184 Application/User/stm32f4xx_hal_msp.o
                0x0800ca90                HAL_UART_MspInit
 .text.HAL_InitTick
                0x0800cc14       0xb4 Application/User/stm32f4xx_hal_timebase_TIM.o
                0x0800cc14                HAL_InitTick
 .text.HAL_TIM_PeriodElapsedCallback
                0x0800ccc8       0x14 Application/User/stm32f4xx_hal_timebase_TIM.o
                0x0800ccc8                HAL_TIM_PeriodElapsedCallback
 .text.SysTick_Handler
                0x0800ccdc        0xc Application/User/stm32f4xx_it.o
                0x0800ccdc                SysTick_Handler
 .text.DMA1_Stream6_IRQHandler
                0x0800cce8       0x10 Application/User/stm32f4xx_it.o
                0x0800cce8                DMA1_Stream6_IRQHandler
 .text.CAN1_RX0_IRQHandler
                0x0800ccf8       0x10 Application/User/stm32f4xx_it.o
                0x0800ccf8                CAN1_RX0_IRQHandler
 .text.CAN1_RX1_IRQHandler
                0x0800cd08       0x10 Application/User/stm32f4xx_it.o
                0x0800cd08                CAN1_RX1_IRQHandler
 .text.USART1_IRQHandler
                0x0800cd18       0x48 Application/User/stm32f4xx_it.o
                0x0800cd18                USART1_IRQHandler
 .text.USART2_IRQHandler
                0x0800cd60       0x10 Application/User/stm32f4xx_it.o
                0x0800cd60                USART2_IRQHandler
 .text.TIM8_TRG_COM_TIM14_IRQHandler
                0x0800cd70       0x10 Application/User/stm32f4xx_it.o
                0x0800cd70                TIM8_TRG_COM_TIM14_IRQHandler
 .text.SDIO_IRQHandler
                0x0800cd80       0x10 Application/User/stm32f4xx_it.o
                0x0800cd80                SDIO_IRQHandler
 .text.DMA2_Stream2_IRQHandler
                0x0800cd90       0x10 Application/User/stm32f4xx_it.o
                0x0800cd90                DMA2_Stream2_IRQHandler
 .text.UART1_ReceiveDataFromECU_DMA
                0x0800cda0       0x6c Application/User/uart_wrapper.o
                0x0800cda0                UART1_ReceiveDataFromECU_DMA
 .text.Reset_Handler
                0x0800ce0c       0x50 Application/SW4STM32/startup_stm32f407xx.o
                0x0800ce0c                Reset_Handler
 .text.Default_Handler
                0x0800ce5c        0x2 Application/SW4STM32/startup_stm32f407xx.o
                0x0800ce5c                RTC_Alarm_IRQHandler
                0x0800ce5c                HASH_RNG_IRQHandler
                0x0800ce5c                EXTI2_IRQHandler
                0x0800ce5c                TIM8_CC_IRQHandler
                0x0800ce5c                DebugMon_Handler
                0x0800ce5c                TIM1_CC_IRQHandler
                0x0800ce5c                DMA2_Stream5_IRQHandler
                0x0800ce5c                HardFault_Handler
                0x0800ce5c                DMA1_Stream5_IRQHandler
                0x0800ce5c                PVD_IRQHandler
                0x0800ce5c                TAMP_STAMP_IRQHandler
                0x0800ce5c                NMI_Handler
                0x0800ce5c                CAN2_RX1_IRQHandler
                0x0800ce5c                EXTI3_IRQHandler
                0x0800ce5c                TIM1_UP_TIM10_IRQHandler
                0x0800ce5c                TIM8_UP_TIM13_IRQHandler
                0x0800ce5c                I2C3_ER_IRQHandler
                0x0800ce5c                EXTI0_IRQHandler
                0x0800ce5c                I2C2_EV_IRQHandler
                0x0800ce5c                DMA1_Stream2_IRQHandler
                0x0800ce5c                FPU_IRQHandler
                0x0800ce5c                OTG_HS_WKUP_IRQHandler
                0x0800ce5c                UsageFault_Handler
                0x0800ce5c                CAN2_SCE_IRQHandler
                0x0800ce5c                SPI1_IRQHandler
                0x0800ce5c                TIM6_DAC_IRQHandler
                0x0800ce5c                TIM1_BRK_TIM9_IRQHandler
                0x0800ce5c                DCMI_IRQHandler
                0x0800ce5c                CAN2_RX0_IRQHandler
                0x0800ce5c                DMA2_Stream3_IRQHandler
                0x0800ce5c                USART6_IRQHandler
                0x0800ce5c                USART3_IRQHandler
                0x0800ce5c                UART5_IRQHandler
                0x0800ce5c                DMA2_Stream0_IRQHandler
                0x0800ce5c                TIM4_IRQHandler
                0x0800ce5c                I2C1_EV_IRQHandler
                0x0800ce5c                DMA1_Stream1_IRQHandler
                0x0800ce5c                UART4_IRQHandler
                0x0800ce5c                TIM3_IRQHandler
                0x0800ce5c                RCC_IRQHandler
                0x0800ce5c                TIM8_BRK_TIM12_IRQHandler
                0x0800ce5c                Default_Handler
                0x0800ce5c                EXTI15_10_IRQHandler
                0x0800ce5c                ADC_IRQHandler
                0x0800ce5c                DMA1_Stream7_IRQHandler
                0x0800ce5c                TIM7_IRQHandler
                0x0800ce5c                CAN2_TX_IRQHandler
                0x0800ce5c                TIM5_IRQHandler
                0x0800ce5c                DMA2_Stream7_IRQHandler
                0x0800ce5c                I2C3_EV_IRQHandler
                0x0800ce5c                EXTI9_5_IRQHandler
                0x0800ce5c                RTC_WKUP_IRQHandler
                0x0800ce5c                ETH_WKUP_IRQHandler
                0x0800ce5c                SPI2_IRQHandler
                0x0800ce5c                OTG_HS_EP1_IN_IRQHandler
                0x0800ce5c                MemManage_Handler
                0x0800ce5c                DMA1_Stream0_IRQHandler
                0x0800ce5c                CAN1_TX_IRQHandler
                0x0800ce5c                EXTI4_IRQHandler
                0x0800ce5c                FSMC_IRQHandler
                0x0800ce5c                ETH_IRQHandler
                0x0800ce5c                OTG_HS_EP1_OUT_IRQHandler
                0x0800ce5c                WWDG_IRQHandler
                0x0800ce5c                TIM2_IRQHandler
                0x0800ce5c                OTG_FS_WKUP_IRQHandler
                0x0800ce5c                TIM1_TRG_COM_TIM11_IRQHandler
                0x0800ce5c                OTG_HS_IRQHandler
                0x0800ce5c                EXTI1_IRQHandler
                0x0800ce5c                I2C2_ER_IRQHandler
                0x0800ce5c                DMA2_Stream1_IRQHandler
                0x0800ce5c                CAN1_SCE_IRQHandler
                0x0800ce5c                FLASH_IRQHandler
                0x0800ce5c                DMA2_Stream4_IRQHandler
                0x0800ce5c                BusFault_Handler
                0x0800ce5c                OTG_FS_IRQHandler
                0x0800ce5c                SPI3_IRQHandler
                0x0800ce5c                DMA1_Stream4_IRQHandler
                0x0800ce5c                I2C1_ER_IRQHandler
                0x0800ce5c                DMA2_Stream6_IRQHandler
                0x0800ce5c                DMA1_Stream3_IRQHandler
 *fill*         0x0800ce5e        0x2 
 .text.__libc_init_array
                0x0800ce60       0x4c c:/program files/ac6/systemworkbench/plugins/fr.ac6.mcu.externaltools.arm-none.win32_1.3.0.201507241045/tools/compiler/bin/../lib/gcc/arm-none-eabi/4.9.3/../../../../arm-none-eabi/lib/armv7e-m/fpu\libc_nano.a(lib_a-init.o)
                0x0800ce60                __libc_init_array
 .text.memcpy   0x0800ceac       0x16 c:/program files/ac6/systemworkbench/plugins/fr.ac6.mcu.externaltools.arm-none.win32_1.3.0.201507241045/tools/compiler/bin/../lib/gcc/arm-none-eabi/4.9.3/../../../../arm-none-eabi/lib/armv7e-m/fpu\libc_nano.a(lib_a-memcpy.o)
                0x0800ceac                memcpy
 .text.memset   0x0800cec2       0x10 c:/program files/ac6/systemworkbench/plugins/fr.ac6.mcu.externaltools.arm-none.win32_1.3.0.201507241045/tools/compiler/bin/../lib/gcc/arm-none-eabi/4.9.3/../../../../arm-none-eabi/lib/armv7e-m/fpu\libc_nano.a(lib_a-memset.o)
                0x0800cec2                memset
 .text.strcpy   0x0800ced2       0x10 c:/program files/ac6/systemworkbench/plugins/fr.ac6.mcu.externaltools.arm-none.win32_1.3.0.201507241045/tools/compiler/bin/../lib/gcc/arm-none-eabi/4.9.3/../../../../arm-none-eabi/lib/armv7e-m/fpu\libc_nano.a(lib_a-strcpy.o)
                0x0800ced2                strcpy
 .text.strlen   0x0800cee2       0x10 c:/program files/ac6/systemworkbench/plugins/fr.ac6.mcu.externaltools.arm-none.win32_1.3.0.201507241045/tools/compiler/bin/../lib/gcc/arm-none-eabi/4.9.3/../../../../arm-none-eabi/lib/armv7e-m/fpu\libc_nano.a(lib_a-strlen.o)
                0x0800cee2                strlen
 *(.glue_7)
 .glue_7        0x00000000        0x0 linker stubs
 *(.glue_7t)
 .glue_7t       0x00000000        0x0 linker stubs
 *(.eh_frame)
 *fill*         0x0800cef2        0x2 
 .eh_frame      0x0800cef4        0x0 c:/program files/ac6/systemworkbench/plugins/fr.ac6.mcu.externaltools.arm-none.win32_1.3.0.201507241045/tools/compiler/bin/../lib/gcc/arm-none-eabi/4.9.3/armv7e-m/fpu/crtbegin.o
 *(.init)
 .init          0x0800cef4        0x4 c:/program files/ac6/systemworkbench/plugins/fr.ac6.mcu.externaltools.arm-none.win32_1.3.0.201507241045/tools/compiler/bin/../lib/gcc/arm-none-eabi/4.9.3/armv7e-m/fpu/crti.o
                0x0800cef4                _init
 .init          0x0800cef8        0x8 c:/program files/ac6/systemworkbench/plugins/fr.ac6.mcu.externaltools.arm-none.win32_1.3.0.201507241045/tools/compiler/bin/../lib/gcc/arm-none-eabi/4.9.3/armv7e-m/fpu/crtn.o
 *(.fini)
 .fini          0x0800cf00        0x4 c:/program files/ac6/systemworkbench/plugins/fr.ac6.mcu.externaltools.arm-none.win32_1.3.0.201507241045/tools/compiler/bin/../lib/gcc/arm-none-eabi/4.9.3/armv7e-m/fpu/crti.o
                0x0800cf00                _fini
 .fini          0x0800cf04        0x8 c:/program files/ac6/systemworkbench/plugins/fr.ac6.mcu.externaltools.arm-none.win32_1.3.0.201507241045/tools/compiler/bin/../lib/gcc/arm-none-eabi/4.9.3/armv7e-m/fpu/crtn.o
                0x0800cf0c                . = ALIGN (0x4)
                0x0800cf0c                _etext = .

.vfp11_veneer   0x0800cf0c        0x0
 .vfp11_veneer  0x00000000        0x0 linker stubs

.v4_bx          0x0800cf0c        0x0
 .v4_bx         0x00000000        0x0 linker stubs

.iplt           0x0800cf0c        0x0
 .iplt          0x00000000        0x0 c:/program files/ac6/systemworkbench/plugins/fr.ac6.mcu.externaltools.arm-none.win32_1.3.0.201507241045/tools/compiler/bin/../lib/gcc/arm-none-eabi/4.9.3/armv7e-m/fpu/crtbegin.o

.rodata         0x0800cf0c      0x728
                0x0800cf0c                . = ALIGN (0x4)
 *(.rodata)
 .rodata        0x0800cf0c        0x8 Middlewares/FreeRTOS/tasks.o
 .rodata        0x0800cf14       0xf4 Middlewares/FatFs/ff.o
 .rodata        0x0800d008       0x14 Middlewares/FatFs/sd_diskio.o
                0x0800d008                SD_Driver
 .rodata        0x0800d01c        0x8 Drivers/STM32F4xx_HAL_Driver/stm32f4xx_hal_dma.o
 .rodata        0x0800d024       0x10 Drivers/STM32F4xx_HAL_Driver/stm32f4xx_hal_rcc.o
                0x0800d024                APBAHBPrescTable
 .rodata        0x0800d034       0xa4 Application/User/data_snapshot_maker.o
 .rodata        0x0800d0d8       0xa4 Application/User/ecumaster.o
 .rodata        0x0800d17c      0x1cc Application/User/logged_data_types.o
 .rodata        0x0800d348       0xc0 Application/User/main.o
 .rodata        0x0800d408      0x22c Application/User/sd_card_saver.o
 *(.rodata*)
                0x0800d634                . = ALIGN (0x4)

.rel.dyn        0x0800d634        0x0
 .rel.iplt      0x00000000        0x0 c:/program files/ac6/systemworkbench/plugins/fr.ac6.mcu.externaltools.arm-none.win32_1.3.0.201507241045/tools/compiler/bin/../lib/gcc/arm-none-eabi/4.9.3/armv7e-m/fpu/crtbegin.o

.ARM.extab
 *(.ARM.extab* .gnu.linkonce.armextab.*)

.ARM            0x0800d634        0x0
                0x0800d634                __exidx_start = .
 *(.ARM.exidx*)
                0x0800d634                __exidx_end = .

.preinit_array  0x0800d634        0x0
                0x0800d634                PROVIDE (__preinit_array_start, .)
 *(.preinit_array*)
                0x0800d634                PROVIDE (__preinit_array_end, .)

.init_array     0x0800d634        0x4
                0x0800d634                PROVIDE (__init_array_start, .)
 *(SORT(.init_array.*))
 *(.init_array*)
 .init_array    0x0800d634        0x4 c:/program files/ac6/systemworkbench/plugins/fr.ac6.mcu.externaltools.arm-none.win32_1.3.0.201507241045/tools/compiler/bin/../lib/gcc/arm-none-eabi/4.9.3/armv7e-m/fpu/crtbegin.o
                0x0800d638                PROVIDE (__init_array_end, .)

.fini_array     0x0800d638        0x4
                0x0800d638                PROVIDE (__fini_array_start, .)
 *(SORT(.fini_array.*))
 *(.fini_array*)
 .fini_array    0x0800d638        0x4 c:/program files/ac6/systemworkbench/plugins/fr.ac6.mcu.externaltools.arm-none.win32_1.3.0.201507241045/tools/compiler/bin/../lib/gcc/arm-none-eabi/4.9.3/armv7e-m/fpu/crtbegin.o
                0x0800d63c                PROVIDE (__fini_array_end, .)
                0x0800d63c                _sidata = LOADADDR (.data)

.data           0x20000000       0x10 load address 0x0800d63c
                0x20000000                . = ALIGN (0x4)
                0x20000000                _sdata = .
 *(.data)
 .data          0x20000000        0x4 Middlewares/FreeRTOS/port.o
 .data          0x20000004        0x4 Middlewares/FreeRTOS/tasks.o
 .data          0x20000008        0x1 Middlewares/FatFs/sd_diskio.o
 *fill*         0x20000009        0x3 
 .data          0x2000000c        0x4 Drivers/CMSIS/system_stm32f4xx.o
                0x2000000c                SystemCoreClock
 *(.data*)
                0x20000010                . = ALIGN (0x4)
                0x20000010                _edata = .
                0x0800d64c                _siccmram = LOADADDR (.ccmram)

.jcr            0x20000010        0x0 load address 0x0800d64c
 .jcr           0x20000010        0x0 c:/program files/ac6/systemworkbench/plugins/fr.ac6.mcu.externaltools.arm-none.win32_1.3.0.201507241045/tools/compiler/bin/../lib/gcc/arm-none-eabi/4.9.3/armv7e-m/fpu/crtbegin.o

.igot.plt       0x20000010        0x0 load address 0x0800d64c
 .igot.plt      0x00000000        0x0 c:/program files/ac6/systemworkbench/plugins/fr.ac6.mcu.externaltools.arm-none.win32_1.3.0.201507241045/tools/compiler/bin/../lib/gcc/arm-none-eabi/4.9.3/armv7e-m/fpu/crtbegin.o

.ccmram         0x10000000        0x0 load address 0x0800d64c
                0x10000000                . = ALIGN (0x4)
                0x10000000                _sccmram = .
 *(.ccmram)
 *(.ccmram*)
                0x10000000                . = ALIGN (0x4)
                0x10000000                _eccmram = .
                0x10000000                . = ALIGN (0x4)

.bss            0x20000010     0x749c
                0x20000010                _sbss = .
                0x20000010                __bss_start__ = _sbss
 *(.bss)
 .bss           0x20000010       0x1c c:/program files/ac6/systemworkbench/plugins/fr.ac6.mcu.externaltools.arm-none.win32_1.3.0.201507241045/tools/compiler/bin/../lib/gcc/arm-none-eabi/4.9.3/armv7e-m/fpu/crtbegin.o
 .bss           0x2000002c     0x3c18 Middlewares/FreeRTOS/heap_4.o
 .bss           0x20003c44        0x8 Middlewares/FreeRTOS/port.o
 .bss           0x20003c4c      0x124 Middlewares/FreeRTOS/tasks.o
                0x20003c4c                pxCurrentTCB
 .bss           0x20003d70       0x20 Middlewares/FatFs/ff.o
 .bss           0x20003d90        0xc Middlewares/FatFs/ff_gen_drv.o
                0x20003d90                disk
 .bss           0x20003d9c        0x2 Application/User/data_snapshot_maker.o
 *fill*         0x20003d9e        0x2 
 .bss           0x20003da0      0x504 Application/User/ecumaster.o
 .bss           0x200042a4        0x1 Application/User/main.o
                0x200042a4                SDThreadState
 *fill*         0x200042a5        0x3 
 .bss           0x200042a8      0x2e4 Application/User/sd_card_saver.o
 *(.bss*)
 *(COMMON)
 COMMON         0x2000458c       0x40 Middlewares/FreeRTOS/queue.o
                0x2000458c                xQueueRegistry
 COMMON         0x200045cc        0x4 Drivers/STM32F4xx_HAL_Driver/stm32f4xx_hal.o
                0x200045cc                uwTick
 COMMON         0x200045d0     0x1600 Application/User/current_data_provider.o
                0x200045d0                DataTypes_gaugeDivider
                0x200047d0                DataTypes_fullName
                0x20004bd0                DataTypes_lowAlert
                0x20004dd0                DataTypes_gaugeMinValue
                0x20004fd0                DataTypes_highAlert
                0x200051d0                DataTypes_gaugeMaxValue
                0x200053d0                DataTypes_AlertMode
                0x200054d0                currentData
                0x200056d0                DataTypes_unitString
                0x20005ad0                DataTypes_divider
 COMMON         0x20005bd0     0x1400 Application/User/data_snapshot_maker.o
                0x20005bd0                makedSnapshots
 COMMON         0x20006fd0        0x8 Application/User/fatfs.o
                0x20006fd0                retSD
                0x20006fd4                SD_Path
 COMMON         0x20006fd8      0x264 Application/User/main.o
                0x20006fd8                defaultTaskHandle
                0x20006fdc                saveActualBytesFromECUTaskHandle
                0x20006fe0                SDCardSaverTaskHandle
                0x20006fe4                ledBlinkingTaskHandle
                0x20006fe8                currentDataMutexHandle
                0x20006ff0                SDCardInfo
                0x20007048                hdma_usart1_rx
                0x200070a0                hdma_usart2_tx
                0x200070f8                huart1
                0x20007138                hrtc
                0x20007158                hsd
                0x200071b8                huart2
                0x200071f8                hcan1
                0x20007238                saveActualDataTaskHandle
 COMMON         0x2000723c      0x234 Application/User/sd_card_saver.o
                0x2000723c                SDCardHandler
 COMMON         0x20007470       0x3c Application/User/stm32f4xx_hal_timebase_TIM.o
                0x20007470                htim14
                0x200074ac                . = ALIGN (0x4)
                0x200074ac                _ebss = .
                0x200074ac                __bss_end__ = _ebss

._user_heap_stack
                0x200074ac      0x604
                0x200074b0                . = ALIGN (0x8)
 *fill*         0x200074ac        0x4 
                0x200074b0                PROVIDE (end, .)
                0x200074b0                PROVIDE (_end, .)
                0x200078b0                . = (. + _Min_Heap_Size)
 *fill*         0x200074b0      0x400 
                0x20007ab0                . = (. + _Min_Stack_Size)
 *fill*         0x200078b0      0x200 
                0x20007ab0                . = ALIGN (0x8)

/DISCARD/
 libc.a(*)
 libm.a(*)
 libgcc.a(*)

.ARM.attributes
                0x00000000       0x30
 *(.ARM.attributes)
 .ARM.attributes
                0x00000000       0x22 c:/program files/ac6/systemworkbench/plugins/fr.ac6.mcu.externaltools.arm-none.win32_1.3.0.201507241045/tools/compiler/bin/../lib/gcc/arm-none-eabi/4.9.3/armv7e-m/fpu/crti.o
 .ARM.attributes
                0x00000022       0x34 c:/program files/ac6/systemworkbench/plugins/fr.ac6.mcu.externaltools.arm-none.win32_1.3.0.201507241045/tools/compiler/bin/../lib/gcc/arm-none-eabi/4.9.3/armv7e-m/fpu/crtbegin.o
 .ARM.attributes
                0x00000056       0x39 Middlewares/FreeRTOS/cmsis_os.o
 .ARM.attributes
                0x0000008f       0x39 Middlewares/FreeRTOS/heap_4.o
 .ARM.attributes
                0x000000c8       0x39 Middlewares/FreeRTOS/list.o
 .ARM.attributes
                0x00000101       0x39 Middlewares/FreeRTOS/port.o
 .ARM.attributes
                0x0000013a       0x39 Middlewares/FreeRTOS/queue.o
 .ARM.attributes
                0x00000173       0x39 Middlewares/FreeRTOS/tasks.o
 .ARM.attributes
                0x000001ac       0x39 Middlewares/FatFs/diskio.o
 .ARM.attributes
                0x000001e5       0x39 Middlewares/FatFs/ff.o
 .ARM.attributes
                0x0000021e       0x39 Middlewares/FatFs/ff_gen_drv.o
 .ARM.attributes
                0x00000257       0x39 Middlewares/FatFs/sd_diskio.o
 .ARM.attributes
                0x00000290       0x39 Middlewares/FatFs/syscall.o
 .ARM.attributes
                0x000002c9       0x39 Drivers/STM32F4xx_HAL_Driver/stm32f4xx_hal.o
 .ARM.attributes
                0x00000302       0x39 Drivers/STM32F4xx_HAL_Driver/stm32f4xx_hal_can.o
 .ARM.attributes
                0x0000033b       0x39 Drivers/STM32F4xx_HAL_Driver/stm32f4xx_hal_cortex.o
 .ARM.attributes
                0x00000374       0x39 Drivers/STM32F4xx_HAL_Driver/stm32f4xx_hal_dma.o
 .ARM.attributes
                0x000003ad       0x39 Drivers/STM32F4xx_HAL_Driver/stm32f4xx_hal_gpio.o
 .ARM.attributes
                0x000003e6       0x39 Drivers/STM32F4xx_HAL_Driver/stm32f4xx_hal_rcc.o
 .ARM.attributes
                0x0000041f       0x39 Drivers/STM32F4xx_HAL_Driver/stm32f4xx_hal_rcc_ex.o
 .ARM.attributes
                0x00000458       0x39 Drivers/STM32F4xx_HAL_Driver/stm32f4xx_hal_rtc.o
 .ARM.attributes
                0x00000491       0x39 Drivers/STM32F4xx_HAL_Driver/stm32f4xx_hal_rtc_ex.o
 .ARM.attributes
                0x000004ca       0x39 Drivers/STM32F4xx_HAL_Driver/stm32f4xx_hal_sd.o
 .ARM.attributes
                0x00000503       0x39 Drivers/STM32F4xx_HAL_Driver/stm32f4xx_hal_tim.o
 .ARM.attributes
                0x0000053c       0x39 Drivers/STM32F4xx_HAL_Driver/stm32f4xx_hal_tim_ex.o
 .ARM.attributes
                0x00000575       0x39 Drivers/STM32F4xx_HAL_Driver/stm32f4xx_hal_uart.o
 .ARM.attributes
                0x000005ae       0x39 Drivers/STM32F4xx_HAL_Driver/stm32f4xx_ll_sdmmc.o
 .ARM.attributes
                0x000005e7       0x39 Drivers/CMSIS/system_stm32f4xx.o
 .ARM.attributes
                0x00000620       0x39 Application/User/bsp_driver_sd.o
 .ARM.attributes
                0x00000659       0x39 Application/User/current_data_provider.o
 .ARM.attributes
                0x00000692       0x39 Application/User/data_snapshot_maker.o
 .ARM.attributes
                0x000006cb       0x39 Application/User/ecumaster.o
 .ARM.attributes
                0x00000704       0x39 Application/User/error_logger.o
 .ARM.attributes
                0x0000073d       0x39 Application/User/fatfs.o
 .ARM.attributes
                0x00000776       0x39 Application/User/itoa.o
 .ARM.attributes
                0x000007af       0x39 Application/User/logged_data_types.o
 .ARM.attributes
                0x000007e8       0x39 Application/User/main.o
 .ARM.attributes
                0x00000821       0x39 Application/User/sd_card_saver.o
 .ARM.attributes
                0x0000085a       0x39 Application/User/stm32f4xx_hal_msp.o
 .ARM.attributes
                0x00000893       0x39 Application/User/stm32f4xx_hal_timebase_TIM.o
 .ARM.attributes
                0x000008cc       0x39 Application/User/stm32f4xx_it.o
 .ARM.attributes
                0x00000905       0x39 Application/User/uart_wrapper.o
 .ARM.attributes
                0x0000093e       0x21 Application/SW4STM32/startup_stm32f407xx.o
 .ARM.attributes
                0x0000095f       0x34 c:/program files/ac6/systemworkbench/plugins/fr.ac6.mcu.externaltools.arm-none.win32_1.3.0.201507241045/tools/compiler/bin/../lib/gcc/arm-none-eabi/4.9.3/../../../../arm-none-eabi/lib/armv7e-m/fpu\libc_nano.a(lib_a-init.o)
 .ARM.attributes
                0x00000993       0x34 c:/program files/ac6/systemworkbench/plugins/fr.ac6.mcu.externaltools.arm-none.win32_1.3.0.201507241045/tools/compiler/bin/../lib/gcc/arm-none-eabi/4.9.3/../../../../arm-none-eabi/lib/armv7e-m/fpu\libc_nano.a(lib_a-memcpy.o)
 .ARM.attributes
                0x000009c7       0x34 c:/program files/ac6/systemworkbench/plugins/fr.ac6.mcu.externaltools.arm-none.win32_1.3.0.201507241045/tools/compiler/bin/../lib/gcc/arm-none-eabi/4.9.3/../../../../arm-none-eabi/lib/armv7e-m/fpu\libc_nano.a(lib_a-memset.o)
 .ARM.attributes
                0x000009fb       0x34 c:/program files/ac6/systemworkbench/plugins/fr.ac6.mcu.externaltools.arm-none.win32_1.3.0.201507241045/tools/compiler/bin/../lib/gcc/arm-none-eabi/4.9.3/../../../../arm-none-eabi/lib/armv7e-m/fpu\libc_nano.a(lib_a-strcpy.o)
 .ARM.attributes
                0x00000a2f       0x34 c:/program files/ac6/systemworkbench/plugins/fr.ac6.mcu.externaltools.arm-none.win32_1.3.0.201507241045/tools/compiler/bin/../lib/gcc/arm-none-eabi/4.9.3/../../../../arm-none-eabi/lib/armv7e-m/fpu\libc_nano.a(lib_a-strlen.o)
 .ARM.attributes
                0x00000a63       0x22 c:/program files/ac6/systemworkbench/plugins/fr.ac6.mcu.externaltools.arm-none.win32_1.3.0.201507241045/tools/compiler/bin/../lib/gcc/arm-none-eabi/4.9.3/armv7e-m/fpu/crtn.o
OUTPUT(AGHRacingLogger.elf elf32-littlearm)

.debug_info     0x00000000    0x1bb5d
 .debug_info    0x00000000     0x121f Middlewares/FreeRTOS/cmsis_os.o
 .debug_info    0x0000121f      0x3cf Middlewares/FreeRTOS/heap_4.o
 .debug_info    0x000015ee      0x2a1 Middlewares/FreeRTOS/list.o
 .debug_info    0x0000188f      0x533 Middlewares/FreeRTOS/port.o
 .debug_info    0x00001dc2     0x124b Middlewares/FreeRTOS/queue.o
 .debug_info    0x0000300d     0x1bed Middlewares/FreeRTOS/tasks.o
 .debug_info    0x00004bfa      0x405 Middlewares/FatFs/diskio.o
 .debug_info    0x00004fff     0x2133 Middlewares/FatFs/ff.o
 .debug_info    0x00007132      0x3b9 Middlewares/FatFs/ff_gen_drv.o
 .debug_info    0x000074eb      0x6ac Middlewares/FatFs/sd_diskio.o
 .debug_info    0x00007b97      0x261 Middlewares/FatFs/syscall.o
 .debug_info    0x00007df8      0x847 Drivers/STM32F4xx_HAL_Driver/stm32f4xx_hal.o
 .debug_info    0x0000863f      0xa98 Drivers/STM32F4xx_HAL_Driver/stm32f4xx_hal_can.o
 .debug_info    0x000090d7      0xd0d Drivers/STM32F4xx_HAL_Driver/stm32f4xx_hal_cortex.o
 .debug_info    0x00009de4      0x6ee Drivers/STM32F4xx_HAL_Driver/stm32f4xx_hal_dma.o
 .debug_info    0x0000a4d2      0x6fc Drivers/STM32F4xx_HAL_Driver/stm32f4xx_hal_gpio.o
 .debug_info    0x0000abce      0xb15 Drivers/STM32F4xx_HAL_Driver/stm32f4xx_hal_rcc.o
 .debug_info    0x0000b6e3      0x502 Drivers/STM32F4xx_HAL_Driver/stm32f4xx_hal_rcc_ex.o
 .debug_info    0x0000bbe5      0xb10 Drivers/STM32F4xx_HAL_Driver/stm32f4xx_hal_rtc.o
 .debug_info    0x0000c6f5      0xe49 Drivers/STM32F4xx_HAL_Driver/stm32f4xx_hal_rtc_ex.o
 .debug_info    0x0000d53e     0x1b3b Drivers/STM32F4xx_HAL_Driver/stm32f4xx_hal_sd.o
 .debug_info    0x0000f079     0x217a Drivers/STM32F4xx_HAL_Driver/stm32f4xx_hal_tim.o
 .debug_info    0x000111f3      0xf40 Drivers/STM32F4xx_HAL_Driver/stm32f4xx_hal_tim_ex.o
 .debug_info    0x00012133      0xe82 Drivers/STM32F4xx_HAL_Driver/stm32f4xx_hal_uart.o
 .debug_info    0x00012fb5      0x5f7 Drivers/STM32F4xx_HAL_Driver/stm32f4xx_ll_sdmmc.o
 .debug_info    0x000135ac      0x4a4 Drivers/CMSIS/system_stm32f4xx.o
 .debug_info    0x00013a50      0xc57 Application/User/bsp_driver_sd.o
 .debug_info    0x000146a7      0x21d Application/User/current_data_provider.o
 .debug_info    0x000148c4      0x349 Application/User/data_snapshot_maker.o
 .debug_info    0x00014c0d      0x3ea Application/User/ecumaster.o
 .debug_info    0x00014ff7       0x5b Application/User/error_logger.o
 .debug_info    0x00015052      0x271 Application/User/fatfs.o
 .debug_info    0x000152c3      0x10e Application/User/itoa.o
 .debug_info    0x000153d1      0x1d9 Application/User/logged_data_types.o
 .debug_info    0x000155aa     0x20b6 Application/User/main.o
 .debug_info    0x00017660      0xd4a Application/User/sd_card_saver.o
 .debug_info    0x000183aa     0x15c4 Application/User/stm32f4xx_hal_msp.o
 .debug_info    0x0001996e      0xaa9 Application/User/stm32f4xx_hal_timebase_TIM.o
 .debug_info    0x0001a417      0xf94 Application/User/stm32f4xx_it.o
 .debug_info    0x0001b3ab      0x6a6 Application/User/uart_wrapper.o
 .debug_info    0x0001ba51      0x10c Application/SW4STM32/startup_stm32f407xx.o

.debug_abbrev   0x00000000     0x42c7
 .debug_abbrev  0x00000000      0x2b8 Middlewares/FreeRTOS/cmsis_os.o
 .debug_abbrev  0x000002b8      0x1bc Middlewares/FreeRTOS/heap_4.o
 .debug_abbrev  0x00000474       0xc1 Middlewares/FreeRTOS/list.o
 .debug_abbrev  0x00000535      0x1d1 Middlewares/FreeRTOS/port.o
 .debug_abbrev  0x00000706      0x20b Middlewares/FreeRTOS/queue.o
 .debug_abbrev  0x00000911      0x281 Middlewares/FreeRTOS/tasks.o
 .debug_abbrev  0x00000b92      0x151 Middlewares/FatFs/diskio.o
 .debug_abbrev  0x00000ce3      0x263 Middlewares/FatFs/ff.o
 .debug_abbrev  0x00000f46      0x16d Middlewares/FatFs/ff_gen_drv.o
 .debug_abbrev  0x000010b3      0x125 Middlewares/FatFs/sd_diskio.o
 .debug_abbrev  0x000011d8      0x11c Middlewares/FatFs/syscall.o
 .debug_abbrev  0x000012f4      0x1f3 Drivers/STM32F4xx_HAL_Driver/stm32f4xx_hal.o
 .debug_abbrev  0x000014e7      0x207 Drivers/STM32F4xx_HAL_Driver/stm32f4xx_hal_can.o
 .debug_abbrev  0x000016ee      0x2c1 Drivers/STM32F4xx_HAL_Driver/stm32f4xx_hal_cortex.o
 .debug_abbrev  0x000019af      0x207 Drivers/STM32F4xx_HAL_Driver/stm32f4xx_hal_dma.o
 .debug_abbrev  0x00001bb6      0x1ad Drivers/STM32F4xx_HAL_Driver/stm32f4xx_hal_gpio.o
 .debug_abbrev  0x00001d63      0x297 Drivers/STM32F4xx_HAL_Driver/stm32f4xx_hal_rcc.o
 .debug_abbrev  0x00001ffa      0x198 Drivers/STM32F4xx_HAL_Driver/stm32f4xx_hal_rcc_ex.o
 .debug_abbrev  0x00002192      0x192 Drivers/STM32F4xx_HAL_Driver/stm32f4xx_hal_rtc.o
 .debug_abbrev  0x00002324      0x1a1 Drivers/STM32F4xx_HAL_Driver/stm32f4xx_hal_rtc_ex.o
 .debug_abbrev  0x000024c5      0x21d Drivers/STM32F4xx_HAL_Driver/stm32f4xx_hal_sd.o
 .debug_abbrev  0x000026e2      0x207 Drivers/STM32F4xx_HAL_Driver/stm32f4xx_hal_tim.o
 .debug_abbrev  0x000028e9      0x1fe Drivers/STM32F4xx_HAL_Driver/stm32f4xx_hal_tim_ex.o
 .debug_abbrev  0x00002ae7      0x218 Drivers/STM32F4xx_HAL_Driver/stm32f4xx_hal_uart.o
 .debug_abbrev  0x00002cff      0x161 Drivers/STM32F4xx_HAL_Driver/stm32f4xx_ll_sdmmc.o
 .debug_abbrev  0x00002e60      0x104 Drivers/CMSIS/system_stm32f4xx.o
 .debug_abbrev  0x00002f64      0x24c Application/User/bsp_driver_sd.o
 .debug_abbrev  0x000031b0       0xc4 Application/User/current_data_provider.o
 .debug_abbrev  0x00003274      0x136 Application/User/data_snapshot_maker.o
 .debug_abbrev  0x000033aa      0x16b Application/User/ecumaster.o
 .debug_abbrev  0x00003515       0x54 Application/User/error_logger.o
 .debug_abbrev  0x00003569      0x113 Application/User/fatfs.o
 .debug_abbrev  0x0000367c       0x93 Application/User/itoa.o
 .debug_abbrev  0x0000370f       0xa3 Application/User/logged_data_types.o
 .debug_abbrev  0x000037b2      0x276 Application/User/main.o
 .debug_abbrev  0x00003a28      0x1ec Application/User/sd_card_saver.o
 .debug_abbrev  0x00003c14      0x214 Application/User/stm32f4xx_hal_msp.o
 .debug_abbrev  0x00003e28      0x190 Application/User/stm32f4xx_hal_timebase_TIM.o
 .debug_abbrev  0x00003fb8      0x1b7 Application/User/stm32f4xx_it.o
 .debug_abbrev  0x0000416f      0x146 Application/User/uart_wrapper.o
 .debug_abbrev  0x000042b5       0x12 Application/SW4STM32/startup_stm32f407xx.o

.debug_aranges  0x00000000     0x1a60
 .debug_aranges
                0x00000000      0x1b0 Middlewares/FreeRTOS/cmsis_os.o
 .debug_aranges
                0x000001b0       0x50 Middlewares/FreeRTOS/heap_4.o
 .debug_aranges
                0x00000200       0x40 Middlewares/FreeRTOS/list.o
 .debug_aranges
                0x00000240       0x80 Middlewares/FreeRTOS/port.o
 .debug_aranges
                0x000002c0       0xf8 Middlewares/FreeRTOS/queue.o
 .debug_aranges
                0x000003b8      0x1b0 Middlewares/FreeRTOS/tasks.o
 .debug_aranges
                0x00000568       0x48 Middlewares/FatFs/diskio.o
 .debug_aranges
                0x000005b0      0x1f8 Middlewares/FatFs/ff.o
 .debug_aranges
                0x000007a8       0x40 Middlewares/FatFs/ff_gen_drv.o
 .debug_aranges
                0x000007e8       0x40 Middlewares/FatFs/sd_diskio.o
 .debug_aranges
                0x00000828       0x38 Middlewares/FatFs/syscall.o
 .debug_aranges
                0x00000860       0xc0 Drivers/STM32F4xx_HAL_Driver/stm32f4xx_hal.o
 .debug_aranges
                0x00000920       0xb0 Drivers/STM32F4xx_HAL_Driver/stm32f4xx_hal_can.o
 .debug_aranges
                0x000009d0      0x108 Drivers/STM32F4xx_HAL_Driver/stm32f4xx_hal_cortex.o
 .debug_aranges
                0x00000ad8       0x70 Drivers/STM32F4xx_HAL_Driver/stm32f4xx_hal_dma.o
 .debug_aranges
                0x00000b48       0x58 Drivers/STM32F4xx_HAL_Driver/stm32f4xx_hal_gpio.o
 .debug_aranges
                0x00000ba0       0x88 Drivers/STM32F4xx_HAL_Driver/stm32f4xx_hal_rcc.o
 .debug_aranges
                0x00000c28       0x30 Drivers/STM32F4xx_HAL_Driver/stm32f4xx_hal_rcc_ex.o
 .debug_aranges
                0x00000c58       0xb8 Drivers/STM32F4xx_HAL_Driver/stm32f4xx_hal_rtc.o
 .debug_aranges
                0x00000d10      0x130 Drivers/STM32F4xx_HAL_Driver/stm32f4xx_hal_rtc_ex.o
 .debug_aranges
                0x00000e40      0x180 Drivers/STM32F4xx_HAL_Driver/stm32f4xx_hal_sd.o
 .debug_aranges
                0x00000fc0      0x368 Drivers/STM32F4xx_HAL_Driver/stm32f4xx_hal_tim.o
 .debug_aranges
                0x00001328      0x140 Drivers/STM32F4xx_HAL_Driver/stm32f4xx_hal_tim_ex.o
 .debug_aranges
                0x00001468      0x150 Drivers/STM32F4xx_HAL_Driver/stm32f4xx_hal_uart.o
 .debug_aranges
                0x000015b8       0x80 Drivers/STM32F4xx_HAL_Driver/stm32f4xx_ll_sdmmc.o
 .debug_aranges
                0x00001638       0x28 Drivers/CMSIS/system_stm32f4xx.o
 .debug_aranges
                0x00001660       0x90 Application/User/bsp_driver_sd.o
 .debug_aranges
                0x000016f0       0x28 Application/User/current_data_provider.o
 .debug_aranges
                0x00001718       0x30 Application/User/data_snapshot_maker.o
 .debug_aranges
                0x00001748       0x48 Application/User/ecumaster.o
 .debug_aranges
                0x00001790       0x20 Application/User/error_logger.o
 .debug_aranges
                0x000017b0       0x28 Application/User/fatfs.o
 .debug_aranges
                0x000017d8       0x28 Application/User/itoa.o
 .debug_aranges
                0x00001800       0x20 Application/User/logged_data_types.o
 .debug_aranges
                0x00001820       0x88 Application/User/main.o
 .debug_aranges
                0x000018a8       0x70 Application/User/sd_card_saver.o
 .debug_aranges
                0x00001918       0x60 Application/User/stm32f4xx_hal_msp.o
 .debug_aranges
                0x00001978       0x38 Application/User/stm32f4xx_hal_timebase_TIM.o
 .debug_aranges
                0x000019b0       0x60 Application/User/stm32f4xx_it.o
 .debug_aranges
                0x00001a10       0x28 Application/User/uart_wrapper.o
 .debug_aranges
                0x00001a38       0x28 Application/SW4STM32/startup_stm32f407xx.o

.debug_ranges   0x00000000     0x17d8
 .debug_ranges  0x00000000      0x1a0 Middlewares/FreeRTOS/cmsis_os.o
 .debug_ranges  0x000001a0       0x40 Middlewares/FreeRTOS/heap_4.o
 .debug_ranges  0x000001e0       0x30 Middlewares/FreeRTOS/list.o
 .debug_ranges  0x00000210       0x70 Middlewares/FreeRTOS/port.o
 .debug_ranges  0x00000280       0xe8 Middlewares/FreeRTOS/queue.o
 .debug_ranges  0x00000368      0x1a0 Middlewares/FreeRTOS/tasks.o
 .debug_ranges  0x00000508       0x38 Middlewares/FatFs/diskio.o
 .debug_ranges  0x00000540      0x1e8 Middlewares/FatFs/ff.o
 .debug_ranges  0x00000728       0x30 Middlewares/FatFs/ff_gen_drv.o
 .debug_ranges  0x00000758       0x30 Middlewares/FatFs/sd_diskio.o
 .debug_ranges  0x00000788       0x28 Middlewares/FatFs/syscall.o
 .debug_ranges  0x000007b0       0xb0 Drivers/STM32F4xx_HAL_Driver/stm32f4xx_hal.o
 .debug_ranges  0x00000860       0xa0 Drivers/STM32F4xx_HAL_Driver/stm32f4xx_hal_can.o
 .debug_ranges  0x00000900       0xf8 Drivers/STM32F4xx_HAL_Driver/stm32f4xx_hal_cortex.o
 .debug_ranges  0x000009f8       0x60 Drivers/STM32F4xx_HAL_Driver/stm32f4xx_hal_dma.o
 .debug_ranges  0x00000a58       0x48 Drivers/STM32F4xx_HAL_Driver/stm32f4xx_hal_gpio.o
 .debug_ranges  0x00000aa0       0x78 Drivers/STM32F4xx_HAL_Driver/stm32f4xx_hal_rcc.o
 .debug_ranges  0x00000b18       0x20 Drivers/STM32F4xx_HAL_Driver/stm32f4xx_hal_rcc_ex.o
 .debug_ranges  0x00000b38       0xa8 Drivers/STM32F4xx_HAL_Driver/stm32f4xx_hal_rtc.o
 .debug_ranges  0x00000be0      0x120 Drivers/STM32F4xx_HAL_Driver/stm32f4xx_hal_rtc_ex.o
 .debug_ranges  0x00000d00      0x170 Drivers/STM32F4xx_HAL_Driver/stm32f4xx_hal_sd.o
 .debug_ranges  0x00000e70      0x358 Drivers/STM32F4xx_HAL_Driver/stm32f4xx_hal_tim.o
 .debug_ranges  0x000011c8      0x130 Drivers/STM32F4xx_HAL_Driver/stm32f4xx_hal_tim_ex.o
 .debug_ranges  0x000012f8      0x140 Drivers/STM32F4xx_HAL_Driver/stm32f4xx_hal_uart.o
 .debug_ranges  0x00001438       0x70 Drivers/STM32F4xx_HAL_Driver/stm32f4xx_ll_sdmmc.o
 .debug_ranges  0x000014a8       0x18 Drivers/CMSIS/system_stm32f4xx.o
 .debug_ranges  0x000014c0       0x80 Application/User/bsp_driver_sd.o
 .debug_ranges  0x00001540       0x18 Application/User/current_data_provider.o
 .debug_ranges  0x00001558       0x20 Application/User/data_snapshot_maker.o
 .debug_ranges  0x00001578       0x38 Application/User/ecumaster.o
 .debug_ranges  0x000015b0       0x10 Application/User/error_logger.o
 .debug_ranges  0x000015c0       0x18 Application/User/fatfs.o
 .debug_ranges  0x000015d8       0x18 Application/User/itoa.o
 .debug_ranges  0x000015f0       0x10 Application/User/logged_data_types.o
 .debug_ranges  0x00001600       0x78 Application/User/main.o
 .debug_ranges  0x00001678       0x60 Application/User/sd_card_saver.o
 .debug_ranges  0x000016d8       0x50 Application/User/stm32f4xx_hal_msp.o
 .debug_ranges  0x00001728       0x28 Application/User/stm32f4xx_hal_timebase_TIM.o
 .debug_ranges  0x00001750       0x50 Application/User/stm32f4xx_it.o
 .debug_ranges  0x000017a0       0x18 Application/User/uart_wrapper.o
 .debug_ranges  0x000017b8       0x20 Application/SW4STM32/startup_stm32f407xx.o

.debug_macro    0x00000000    0x1ad74
 .debug_macro   0x00000000      0x1cd Middlewares/FreeRTOS/cmsis_os.o
 .debug_macro   0x000001cd      0x88c Middlewares/FreeRTOS/cmsis_os.o
 .debug_macro   0x00000a59       0x58 Middlewares/FreeRTOS/cmsis_os.o
 .debug_macro   0x00000ab1       0x22 Middlewares/FreeRTOS/cmsis_os.o
 .debug_macro   0x00000ad3       0x35 Middlewares/FreeRTOS/cmsis_os.o
 .debug_macro   0x00000b08       0x9c Middlewares/FreeRTOS/cmsis_os.o
 .debug_macro   0x00000ba4      0x166 Middlewares/FreeRTOS/cmsis_os.o
 .debug_macro   0x00000d0a       0x4a Middlewares/FreeRTOS/cmsis_os.o
 .debug_macro   0x00000d54       0x52 Middlewares/FreeRTOS/cmsis_os.o
 .debug_macro   0x00000da6       0x16 Middlewares/FreeRTOS/cmsis_os.o
 .debug_macro   0x00000dbc       0x43 Middlewares/FreeRTOS/cmsis_os.o
 .debug_macro   0x00000dff      0x180 Middlewares/FreeRTOS/cmsis_os.o
 .debug_macro   0x00000f7f      0x29d Middlewares/FreeRTOS/cmsis_os.o
 .debug_macro   0x0000121c       0x10 Middlewares/FreeRTOS/cmsis_os.o
 .debug_macro   0x0000122c       0x35 Middlewares/FreeRTOS/cmsis_os.o
 .debug_macro   0x00001261       0x16 Middlewares/FreeRTOS/cmsis_os.o
 .debug_macro   0x00001277       0x1c Middlewares/FreeRTOS/cmsis_os.o
 .debug_macro   0x00001293      0x1f7 Middlewares/FreeRTOS/cmsis_os.o
 .debug_macro   0x0000148a       0x26 Middlewares/FreeRTOS/cmsis_os.o
 .debug_macro   0x000014b0       0x94 Middlewares/FreeRTOS/cmsis_os.o
 .debug_macro   0x00001544       0xd2 Middlewares/FreeRTOS/cmsis_os.o
 .debug_macro   0x00001616       0x5e Middlewares/FreeRTOS/cmsis_os.o
 .debug_macro   0x00001674       0xe4 Middlewares/FreeRTOS/cmsis_os.o
 .debug_macro   0x00001758       0x10 Middlewares/FreeRTOS/cmsis_os.o
 .debug_macro   0x00001768       0x1f Middlewares/FreeRTOS/cmsis_os.o
 .debug_macro   0x00001787      0x3ae Middlewares/FreeRTOS/cmsis_os.o
 .debug_macro   0x00001b35       0xc0 Middlewares/FreeRTOS/cmsis_os.o
 .debug_macro   0x00001bf5       0x8c Middlewares/FreeRTOS/cmsis_os.o
 .debug_macro   0x00001c81       0x91 Middlewares/FreeRTOS/cmsis_os.o
 .debug_macro   0x00001d12       0xb0 Middlewares/FreeRTOS/cmsis_os.o
 .debug_macro   0x00001dc2       0x7f Middlewares/FreeRTOS/cmsis_os.o
 .debug_macro   0x00001e41       0xcf Middlewares/FreeRTOS/cmsis_os.o
 .debug_macro   0x00001f10      0x18a Middlewares/FreeRTOS/heap_4.o
 .debug_macro   0x0000209a      0x163 Middlewares/FreeRTOS/list.o
 .debug_macro   0x000021fd      0x18d Middlewares/FreeRTOS/port.o
 .debug_macro   0x0000238a      0x1d5 Middlewares/FreeRTOS/queue.o
 .debug_macro   0x0000255f       0x16 Middlewares/FreeRTOS/queue.o
 .debug_macro   0x00002575      0x211 Middlewares/FreeRTOS/tasks.o
 .debug_macro   0x00002786       0x16 Middlewares/FreeRTOS/tasks.o
 .debug_macro   0x0000279c      0x3e4 Middlewares/FatFs/diskio.o
 .debug_macro   0x00002b80       0x16 Middlewares/FatFs/diskio.o
 .debug_macro   0x00002b96       0x7c Middlewares/FatFs/diskio.o
 .debug_macro   0x00002c12      0x1c2 Middlewares/FatFs/diskio.o
 .debug_macro   0x00002dd4       0x2e Middlewares/FatFs/diskio.o
 .debug_macro   0x00002e02       0x28 Middlewares/FatFs/diskio.o
 .debug_macro   0x00002e2a       0x35 Middlewares/FatFs/diskio.o
 .debug_macro   0x00002e5f       0x50 Middlewares/FatFs/diskio.o
 .debug_macro   0x00002eaf      0xe66 Middlewares/FatFs/diskio.o
 .debug_macro   0x00003d15     0x9358 Middlewares/FatFs/diskio.o
 .debug_macro   0x0000d06d       0x43 Middlewares/FatFs/diskio.o
 .debug_macro   0x0000d0b0     0x33a6 Middlewares/FatFs/diskio.o
 .debug_macro   0x00010456       0x16 Middlewares/FatFs/diskio.o
 .debug_macro   0x0001046c       0x97 Middlewares/FatFs/diskio.o
 .debug_macro   0x00010503       0xef Middlewares/FatFs/diskio.o
 .debug_macro   0x000105f2       0x10 Middlewares/FatFs/diskio.o
 .debug_macro   0x00010602       0x10 Middlewares/FatFs/diskio.o
 .debug_macro   0x00010612       0x22 Middlewares/FatFs/diskio.o
 .debug_macro   0x00010634       0xbd Middlewares/FatFs/diskio.o
 .debug_macro   0x000106f1       0x16 Middlewares/FatFs/diskio.o
 .debug_macro   0x00010707      0x165 Middlewares/FatFs/diskio.o
 .debug_macro   0x0001086c       0x50 Middlewares/FatFs/diskio.o
 .debug_macro   0x000108bc      0x964 Middlewares/FatFs/diskio.o
 .debug_macro   0x00011220      0x9da Middlewares/FatFs/diskio.o
 .debug_macro   0x00011bfa      0x11e Middlewares/FatFs/diskio.o
 .debug_macro   0x00011d18      0x13e Middlewares/FatFs/diskio.o
 .debug_macro   0x00011e56       0x27 Middlewares/FatFs/diskio.o
 .debug_macro   0x00011e7d      0x272 Middlewares/FatFs/diskio.o
 .debug_macro   0x000120ef       0x5f Middlewares/FatFs/diskio.o
 .debug_macro   0x0001214e      0x23a Middlewares/FatFs/diskio.o
 .debug_macro   0x00012388      0x36e Middlewares/FatFs/diskio.o
 .debug_macro   0x000126f6      0x13a Middlewares/FatFs/diskio.o
 .debug_macro   0x00012830      0x21e Middlewares/FatFs/diskio.o
 .debug_macro   0x00012a4e       0x2e Middlewares/FatFs/diskio.o
 .debug_macro   0x00012a7c      0x11e Middlewares/FatFs/diskio.o
 .debug_macro   0x00012b9a       0x7f Middlewares/FatFs/diskio.o
 .debug_macro   0x00012c19       0x89 Middlewares/FatFs/diskio.o
 .debug_macro   0x00012ca2      0x31a Middlewares/FatFs/diskio.o
 .debug_macro   0x00012fbc      0x409 Middlewares/FatFs/diskio.o
 .debug_macro   0x000133c5       0xe4 Middlewares/FatFs/diskio.o
 .debug_macro   0x000134a9      0x48d Middlewares/FatFs/diskio.o
 .debug_macro   0x00013936      0x22b Middlewares/FatFs/diskio.o
 .debug_macro   0x00013b61      0x6d9 Middlewares/FatFs/diskio.o
 .debug_macro   0x0001423a       0x5b Middlewares/FatFs/diskio.o
 .debug_macro   0x00014295      0x14d Middlewares/FatFs/diskio.o
 .debug_macro   0x000143e2      0x287 Middlewares/FatFs/diskio.o
 .debug_macro   0x00014669      0x125 Middlewares/FatFs/diskio.o
 .debug_macro   0x0001478e       0xd2 Middlewares/FatFs/diskio.o
 .debug_macro   0x00014860       0x34 Middlewares/FatFs/diskio.o
 .debug_macro   0x00014894       0xd6 Middlewares/FatFs/diskio.o
 .debug_macro   0x0001496a       0xee Middlewares/FatFs/diskio.o
 .debug_macro   0x00014a58      0x62b Middlewares/FatFs/ff.o
 .debug_macro   0x00015083       0x8e Middlewares/FatFs/ff.o
 .debug_macro   0x00015111       0x52 Middlewares/FatFs/ff.o
 .debug_macro   0x00015163      0x3e4 Middlewares/FatFs/ff_gen_drv.o
 .debug_macro   0x00015547      0x3fb Middlewares/FatFs/sd_diskio.o
 .debug_macro   0x00015942       0x1c Middlewares/FatFs/sd_diskio.o
 .debug_macro   0x0001595e      0x3eb Middlewares/FatFs/syscall.o
 .debug_macro   0x00015d49      0x318 Drivers/STM32F4xx_HAL_Driver/stm32f4xx_hal.o
 .debug_macro   0x00016061      0x2d0 Drivers/STM32F4xx_HAL_Driver/stm32f4xx_hal_can.o
 .debug_macro   0x00016331      0x2ca Drivers/STM32F4xx_HAL_Driver/stm32f4xx_hal_cortex.o
 .debug_macro   0x000165fb      0x2d1 Drivers/STM32F4xx_HAL_Driver/stm32f4xx_hal_dma.o
 .debug_macro   0x000168cc      0x302 Drivers/STM32F4xx_HAL_Driver/stm32f4xx_hal_gpio.o
 .debug_macro   0x00016bce      0x2f4 Drivers/STM32F4xx_HAL_Driver/stm32f4xx_hal_rcc.o
 .debug_macro   0x00016ec2      0x2ca Drivers/STM32F4xx_HAL_Driver/stm32f4xx_hal_rcc_ex.o
 .debug_macro   0x0001718c      0x2cb Drivers/STM32F4xx_HAL_Driver/stm32f4xx_hal_rtc.o
 .debug_macro   0x00017457      0x2ca Drivers/STM32F4xx_HAL_Driver/stm32f4xx_hal_rtc_ex.o
 .debug_macro   0x00017721      0x414 Drivers/STM32F4xx_HAL_Driver/stm32f4xx_hal_sd.o
 .debug_macro   0x00017b35      0x2cb Drivers/STM32F4xx_HAL_Driver/stm32f4xx_hal_tim.o
 .debug_macro   0x00017e00      0x2ca Drivers/STM32F4xx_HAL_Driver/stm32f4xx_hal_tim_ex.o
 .debug_macro   0x000180ca      0x2cb Drivers/STM32F4xx_HAL_Driver/stm32f4xx_hal_uart.o
 .debug_macro   0x00018395      0x2cb Drivers/STM32F4xx_HAL_Driver/stm32f4xx_ll_sdmmc.o
 .debug_macro   0x00018660      0x2d0 Drivers/CMSIS/system_stm32f4xx.o
 .debug_macro   0x00018930      0x2d9 Application/User/bsp_driver_sd.o
 .debug_macro   0x00018c09       0x2e Application/User/bsp_driver_sd.o
 .debug_macro   0x00018c37       0x68 Application/User/current_data_provider.o
 .debug_macro   0x00018c9f       0xd0 Application/User/current_data_provider.o
 .debug_macro   0x00018d6f      0x161 Application/User/data_snapshot_maker.o
 .debug_macro   0x00018ed0      0x21c Application/User/ecumaster.o
 .debug_macro   0x000190ec       0x16 Application/User/ecumaster.o
 .debug_macro   0x00019102       0x11 Application/User/error_logger.o
 .debug_macro   0x00019113      0x3f7 Application/User/fatfs.o
 .debug_macro   0x0001950a       0xfd Application/User/itoa.o
 .debug_macro   0x00019607       0x74 Application/User/logged_data_types.o
 .debug_macro   0x0001967b       0xca Application/User/logged_data_types.o
 .debug_macro   0x00019745      0x472 Application/User/main.o
 .debug_macro   0x00019bb7       0x10 Application/User/main.o
 .debug_macro   0x00019bc7       0x1c Application/User/main.o
 .debug_macro   0x00019be3       0x10 Application/User/main.o
 .debug_macro   0x00019bf3      0x443 Application/User/sd_card_saver.o
 .debug_macro   0x0001a036       0x3b Application/User/sd_card_saver.o
 .debug_macro   0x0001a071      0x2ca Application/User/stm32f4xx_hal_msp.o
 .debug_macro   0x0001a33b      0x2ca Application/User/stm32f4xx_hal_timebase_TIM.o
 .debug_macro   0x0001a605      0x3ae Application/User/stm32f4xx_it.o
 .debug_macro   0x0001a9b3      0x3c1 Application/User/uart_wrapper.o

.debug_line     0x00000000    0x1962a
 .debug_line    0x00000000      0xb47 Middlewares/FreeRTOS/cmsis_os.o