Archive member included because of file (symbol)

c:/program files/ac6/systemworkbench/plugins/fr.ac6.mcu.externaltools.arm-none.win32_1.3.0.201507241045/tools/compiler/bin/../lib/gcc/arm-none-eabi/4.9.3/../../../../arm-none-eabi/lib/armv7e-m/fpu\libc_nano.a(lib_a-exit.o)
                              c:/program files/ac6/systemworkbench/plugins/fr.ac6.mcu.externaltools.arm-none.win32_1.3.0.201507241045/tools/compiler/bin/../lib/gcc/arm-none-eabi/4.9.3/../../../../arm-none-eabi/lib/armv7e-m/fpu/crt0.o (exit)
c:/program files/ac6/systemworkbench/plugins/fr.ac6.mcu.externaltools.arm-none.win32_1.3.0.201507241045/tools/compiler/bin/../lib/gcc/arm-none-eabi/4.9.3/../../../../arm-none-eabi/lib/armv7e-m/fpu\libc_nano.a(lib_a-impure.o)
                              c:/program files/ac6/systemworkbench/plugins/fr.ac6.mcu.externaltools.arm-none.win32_1.3.0.201507241045/tools/compiler/bin/../lib/gcc/arm-none-eabi/4.9.3/../../../../arm-none-eabi/lib/armv7e-m/fpu\libc_nano.a(lib_a-exit.o) (_global_impure_ptr)
c:/program files/ac6/systemworkbench/plugins/fr.ac6.mcu.externaltools.arm-none.win32_1.3.0.201507241045/tools/compiler/bin/../lib/gcc/arm-none-eabi/4.9.3/../../../../arm-none-eabi/lib/armv7e-m/fpu\libc_nano.a(lib_a-init.o)
                              c:/program files/ac6/systemworkbench/plugins/fr.ac6.mcu.externaltools.arm-none.win32_1.3.0.201507241045/tools/compiler/bin/../lib/gcc/arm-none-eabi/4.9.3/../../../../arm-none-eabi/lib/armv7e-m/fpu/crt0.o (__libc_init_array)
c:/program files/ac6/systemworkbench/plugins/fr.ac6.mcu.externaltools.arm-none.win32_1.3.0.201507241045/tools/compiler/bin/../lib/gcc/arm-none-eabi/4.9.3/../../../../arm-none-eabi/lib/armv7e-m/fpu\libc_nano.a(lib_a-memcpy.o)
                              Middlewares/FreeRTOS/queue.o (memcpy)
c:/program files/ac6/systemworkbench/plugins/fr.ac6.mcu.externaltools.arm-none.win32_1.3.0.201507241045/tools/compiler/bin/../lib/gcc/arm-none-eabi/4.9.3/../../../../arm-none-eabi/lib/armv7e-m/fpu\libc_nano.a(lib_a-memset.o)
                              c:/program files/ac6/systemworkbench/plugins/fr.ac6.mcu.externaltools.arm-none.win32_1.3.0.201507241045/tools/compiler/bin/../lib/gcc/arm-none-eabi/4.9.3/../../../../arm-none-eabi/lib/armv7e-m/fpu/crt0.o (memset)
c:/program files/ac6/systemworkbench/plugins/fr.ac6.mcu.externaltools.arm-none.win32_1.3.0.201507241045/tools/compiler/bin/../lib/gcc/arm-none-eabi/4.9.3/../../../../arm-none-eabi/lib/armv7e-m/fpu\libc_nano.a(lib_a-sprintf.o)
                              Application/User/telemetry.o (sprintf)
c:/program files/ac6/systemworkbench/plugins/fr.ac6.mcu.externaltools.arm-none.win32_1.3.0.201507241045/tools/compiler/bin/../lib/gcc/arm-none-eabi/4.9.3/../../../../arm-none-eabi/lib/armv7e-m/fpu\libc_nano.a(lib_a-strcpy.o)
                              Application/User/sd_card_saver.o (strcpy)
c:/program files/ac6/systemworkbench/plugins/fr.ac6.mcu.externaltools.arm-none.win32_1.3.0.201507241045/tools/compiler/bin/../lib/gcc/arm-none-eabi/4.9.3/../../../../arm-none-eabi/lib/armv7e-m/fpu\libc_nano.a(lib_a-strlen.o)
                              Application/User/dashboard.o (strlen)
c:/program files/ac6/systemworkbench/plugins/fr.ac6.mcu.externaltools.arm-none.win32_1.3.0.201507241045/tools/compiler/bin/../lib/gcc/arm-none-eabi/4.9.3/../../../../arm-none-eabi/lib/armv7e-m/fpu\libc_nano.a(lib_a-nano-svfprintf.o)
                              c:/program files/ac6/systemworkbench/plugins/fr.ac6.mcu.externaltools.arm-none.win32_1.3.0.201507241045/tools/compiler/bin/../lib/gcc/arm-none-eabi/4.9.3/../../../../arm-none-eabi/lib/armv7e-m/fpu\libc_nano.a(lib_a-sprintf.o) (_svfprintf_r)
c:/program files/ac6/systemworkbench/plugins/fr.ac6.mcu.externaltools.arm-none.win32_1.3.0.201507241045/tools/compiler/bin/../lib/gcc/arm-none-eabi/4.9.3/../../../../arm-none-eabi/lib/armv7e-m/fpu\libc_nano.a(lib_a-nano-vfprintf_i.o)
                              c:/program files/ac6/systemworkbench/plugins/fr.ac6.mcu.externaltools.arm-none.win32_1.3.0.201507241045/tools/compiler/bin/../lib/gcc/arm-none-eabi/4.9.3/../../../../arm-none-eabi/lib/armv7e-m/fpu\libc_nano.a(lib_a-nano-svfprintf.o) (_printf_i)
c:/program files/ac6/systemworkbench/plugins/fr.ac6.mcu.externaltools.arm-none.win32_1.3.0.201507241045/tools/compiler/bin/../lib/gcc/arm-none-eabi/4.9.3/../../../../arm-none-eabi/lib/armv7e-m/fpu\libc_nano.a(lib_a-memchr.o)
                              c:/program files/ac6/systemworkbench/plugins/fr.ac6.mcu.externaltools.arm-none.win32_1.3.0.201507241045/tools/compiler/bin/../lib/gcc/arm-none-eabi/4.9.3/../../../../arm-none-eabi/lib/armv7e-m/fpu\libc_nano.a(lib_a-nano-svfprintf.o) (memchr)
c:/program files/ac6/systemworkbench/plugins/fr.ac6.mcu.externaltools.arm-none.win32_1.3.0.201507241045/tools/compiler/bin/../lib/gcc/arm-none-eabi/4.9.3/../../../../arm-none-eabi/lib/armv7e-m/fpu\libc_nano.a(lib_a-memmove.o)
[...]
Memory Configuration

Name             Origin             Length             Attributes
FLASH            0x08000000         0x00100000         xr
RAM              0x20000000         0x00020000         xrw
CCMRAM           0x10000000         0x00010000         rw
*default*        0x00000000         0xffffffff

Linker script and memory map

LOAD c:/program files/ac6/systemworkbench/plugins/fr.ac6.mcu.externaltools.arm-none.win32_1.3.0.201507241045/tools/compiler/bin/../lib/gcc/arm-none-eabi/4.9.3/armv7e-m/fpu/crti.o
LOAD c:/program files/ac6/systemworkbench/plugins/fr.ac6.mcu.externaltools.arm-none.win32_1.3.0.201507241045/tools/compiler/bin/../lib/gcc/arm-none-eabi/4.9.3/armv7e-m/fpu/crtbegin.o
LOAD c:/program files/ac6/systemworkbench/plugins/fr.ac6.mcu.externaltools.arm-none.win32_1.3.0.201507241045/tools/compiler/bin/../lib/gcc/arm-none-eabi/4.9.3/../../../../arm-none-eabi/lib/armv7e-m/fpu/crt0.o
LOAD c:/program files/ac6/systemworkbench/plugins/fr.ac6.mcu.externaltools.arm-none.win32_1.3.0.201507241045/tools/compiler/bin/../lib/gcc/arm-none-eabi/4.9.3/../../../../arm-none-eabi/lib/armv7e-m/fpu\libm.a
LOAD Middlewares/FreeRTOS/cmsis_os.o
LOAD Middlewares/FreeRTOS/croutine.o
LOAD Middlewares/FreeRTOS/event_groups.o
LOAD Middlewares/FreeRTOS/heap_4.o
LOAD Middlewares/FreeRTOS/list.o
LOAD Middlewares/FreeRTOS/port.o
LOAD Middlewares/FreeRTOS/queue.o
LOAD Middlewares/FreeRTOS/tasks.o
LOAD Middlewares/FreeRTOS/timers.o
LOAD Middlewares/FatFs/ccsbcs.o
LOAD Middlewares/FatFs/diskio.o
LOAD Middlewares/FatFs/ff.o
LOAD Middlewares/FatFs/ff_gen_drv.o
LOAD Middlewares/FatFs/sd_diskio.o
LOAD Middlewares/FatFs/syscall.o
LOAD Drivers/STM32F4xx_HAL_Driver/stm32f4xx_hal.o
LOAD Drivers/STM32F4xx_HAL_Driver/stm32f4xx_hal_can.o
LOAD Drivers/STM32F4xx_HAL_Driver/stm32f4xx_hal_cortex.o
LOAD Drivers/STM32F4xx_HAL_Driver/stm32f4xx_hal_dma.o
LOAD Drivers/STM32F4xx_HAL_Driver/stm32f4xx_hal_dma_ex.o
LOAD Drivers/STM32F4xx_HAL_Driver/stm32f4xx_hal_flash.o
LOAD Drivers/STM32F4xx_HAL_Driver/stm32f4xx_hal_flash_ex.o
LOAD Drivers/STM32F4xx_HAL_Driver/stm32f4xx_hal_flash_ramfunc.o
LOAD Drivers/STM32F4xx_HAL_Driver/stm32f4xx_hal_gpio.o
LOAD Drivers/STM32F4xx_HAL_Driver/stm32f4xx_hal_pwr.o
LOAD Drivers/STM32F4xx_HAL_Driver/stm32f4xx_hal_pwr_ex.o
LOAD Drivers/STM32F4xx_HAL_Driver/stm32f4xx_hal_rcc.o
LOAD Drivers/STM32F4xx_HAL_Driver/stm32f4xx_hal_rcc_ex.o
LOAD Drivers/STM32F4xx_HAL_Driver/stm32f4xx_hal_rtc.o
LOAD Drivers/STM32F4xx_HAL_Driver/stm32f4xx_hal_rtc_ex.o
LOAD Drivers/STM32F4xx_HAL_Driver/stm32f4xx_hal_sd.o
LOAD Drivers/STM32F4xx_HAL_Driver/stm32f4xx_hal_spi.o
LOAD Drivers/STM32F4xx_HAL_Driver/stm32f4xx_hal_tim.o
LOAD Drivers/STM32F4xx_HAL_Driver/stm32f4xx_hal_tim_ex.o
LOAD Drivers/STM32F4xx_HAL_Driver/stm32f4xx_hal_uart.o
LOAD Drivers/STM32F4xx_HAL_Driver/stm32f4xx_ll_sdmmc.o
LOAD Drivers/CMSIS/system_stm32f4xx.o
LOAD Application/User/bsp_driver_sd.o
LOAD Application/User/buttons.o
LOAD Application/User/can_sensors.o
LOAD Application/User/current_data_provider.o
LOAD Application/User/dashboard.o
LOAD Application/User/data_snapshot_maker.o
LOAD Application/User/delay_timer6.o
LOAD Application/User/ecumaster.o
LOAD Application/User/error_logger.o
LOAD Application/User/fatfs.o
LOAD Application/User/freertos.o
LOAD Application/User/gear_display.o
LOAD Application/User/itoa.o
LOAD Application/User/logged_data_types.o
LOAD Application/User/main.o
LOAD Application/User/sd_card_saver.o
LOAD Application/User/stm32f4xx_hal_msp.o
LOAD Application/User/stm32f4xx_hal_timebase_TIM.o
LOAD Application/User/stm32f4xx_it.o
LOAD Application/User/telemetry.o
LOAD Application/User/uart_debug_wrapper.o
LOAD Application/User/ws2812_driver.o
LOAD Application/User/SH1106/Fonts.o
LOAD Application/User/SH1106/SSD1306.o
LOAD Application/SW4STM32/startup_stm32f407xx.o
START GROUP
LOAD c:/program files/ac6/systemworkbench/plugins/fr.ac6.mcu.externaltools.arm-none.win32_1.3.0.201507241045/tools/compiler/bin/../lib/gcc/arm-none-eabi/4.9.3/armv7e-m/fpu\libgcc.a
LOAD c:/program files/ac6/systemworkbench/plugins/fr.ac6.mcu.externaltools.arm-none.win32_1.3.0.201507241045/tools/compiler/bin/../lib/gcc/arm-none-eabi/4.9.3/../../../../arm-none-eabi/lib/armv7e-m/fpu\libc_nano.a
END GROUP
START GROUP
LOAD c:/program files/ac6/systemworkbench/plugins/fr.ac6.mcu.externaltools.arm-none.win32_1.3.0.201507241045/tools/compiler/bin/../lib/gcc/arm-none-eabi/4.9.3/armv7e-m/fpu\libgcc.a
LOAD c:/program files/ac6/systemworkbench/plugins/fr.ac6.mcu.externaltools.arm-none.win32_1.3.0.201507241045/tools/compiler/bin/../lib/gcc/arm-none-eabi/4.9.3/../../../../arm-none-eabi/lib/armv7e-m/fpu\libc_nano.a
LOAD c:/program files/ac6/systemworkbench/plugins/fr.ac6.mcu.externaltools.arm-none.win32_1.3.0.201507241045/tools/compiler/bin/../lib/gcc/arm-none-eabi/4.9.3/../../../../arm-none-eabi/lib/armv7e-m/fpu\libnosys.a
END GROUP
START GROUP
LOAD c:/program files/ac6/systemworkbench/plugins/fr.ac6.mcu.externaltools.arm-none.win32_1.3.0.201507241045/tools/compiler/bin/../lib/gcc/arm-none-eabi/4.9.3/armv7e-m/fpu\libgcc.a
LOAD c:/program files/ac6/systemworkbench/plugins/fr.ac6.mcu.externaltools.arm-none.win32_1.3.0.201507241045/tools/compiler/bin/../lib/gcc/arm-none-eabi/4.9.3/../../../../arm-none-eabi/lib/armv7e-m/fpu\libc_nano.a
LOAD c:/program files/ac6/systemworkbench/plugins/fr.ac6.mcu.externaltools.arm-none.win32_1.3.0.201507241045/tools/compiler/bin/../lib/gcc/arm-none-eabi/4.9.3/../../../../arm-none-eabi/lib/armv7e-m/fpu\libnosys.a
END GROUP
LOAD c:/program files/ac6/systemworkbench/plugins/fr.ac6.mcu.externaltools.arm-none.win32_1.3.0.201507241045/tools/compiler/bin/../lib/gcc/arm-none-eabi/4.9.3/armv7e-m/fpu/crtend.o
LOAD c:/program files/ac6/systemworkbench/plugins/fr.ac6.mcu.externaltools.arm-none.win32_1.3.0.201507241045/tools/compiler/bin/../lib/gcc/arm-none-eabi/4.9.3/armv7e-m/fpu/crtn.o
                0x20020000                _estack = 0x20020000
                0x00000400                _Min_Heap_Size = 0x400
                0x00000200                _Min_Stack_Size = 0x200

.isr_vector     0x08000000      0x188
                0x08000000                . = ALIGN (0x4)
 *(.isr_vector)
 .isr_vector    0x08000000      0x188 Application/SW4STM32/startup_stm32f407xx.o
                0x08000000                g_pfnVectors
                0x08000188                . = ALIGN (0x4)

.text           0x08000188     0xc384
                0x08000188                . = ALIGN (0x4)
 *(.text)
 .text          0x08000188       0x5c c:/program files/ac6/systemworkbench/plugins/fr.ac6.mcu.externaltools.arm-none.win32_1.3.0.201507241045/tools/compiler/bin/../lib/gcc/arm-none-eabi/4.9.3/armv7e-m/fpu/crtbegin.o
 *(.text*)
 .text.makeFreeRtosPriority
                0x080001e4       0x30 Middlewares/FreeRTOS/cmsis_os.o
 .text.inHandlerMode
                0x08000214       0x24 Middlewares/FreeRTOS/cmsis_os.o
 .text.osKernelStart
                0x08000238       0x10 Middlewares/FreeRTOS/cmsis_os.o
                0x08000238                osKernelStart
 .text.osKernelSysTick
                0x08000248       0x20 Middlewares/FreeRTOS/cmsis_os.o
                0x08000248                osKernelSysTick
 .text.osThreadCreate
                0x08000268       0x58 Middlewares/FreeRTOS/cmsis_os.o
                0x08000268                osThreadCreate
 .text.osDelay  0x080002c0       0x28 Middlewares/FreeRTOS/cmsis_os.o
                0x080002c0                osDelay
 .text.osMutexCreate
                0x080002e8       0x18 Middlewares/FreeRTOS/cmsis_os.o
                0x080002e8                osMutexCreate
 .text.osMutexWait
                0x08000300       0xa0 Middlewares/FreeRTOS/cmsis_os.o
                0x08000300                osMutexWait
 .text.osMutexRelease
                0x080003a0       0x6c Middlewares/FreeRTOS/cmsis_os.o
                0x080003a0                osMutexRelease
 .text.osSystickHandler
                0x0800040c       0x14 Middlewares/FreeRTOS/cmsis_os.o
                0x0800040c                osSystickHandler
 .text.osDelayUntil
                0x08000420       0x2c Middlewares/FreeRTOS/cmsis_os.o
                0x08000420                osDelayUntil
 .text.pvPortMalloc
                0x0800044c      0x184 Middlewares/FreeRTOS/heap_4.o
                0x0800044c                pvPortMalloc
 .text.vPortFree
                0x080005d0       0xb0 Middlewares/FreeRTOS/heap_4.o
                0x080005d0                vPortFree
 .text.prvHeapInit
                0x08000680       0xc4 Middlewares/FreeRTOS/heap_4.o
 .text.prvInsertBlockIntoFreeList
                0x08000744       0xb0 Middlewares/FreeRTOS/heap_4.o
 .text.vListInitialise
                0x080007f4       0x40 Middlewares/FreeRTOS/list.o
                0x080007f4                vListInitialise
 .text.vListInitialiseItem
                0x08000834       0x18 Middlewares/FreeRTOS/list.o
                0x08000834                vListInitialiseItem
 .text.vListInsertEnd
                0x0800084c       0x48 Middlewares/FreeRTOS/list.o
                0x0800084c                vListInsertEnd
 .text.vListInsert
                0x08000894       0x70 Middlewares/FreeRTOS/list.o
                0x08000894                vListInsert
 .text.uxListRemove
                0x08000904       0x54 Middlewares/FreeRTOS/list.o
                0x08000904                uxListRemove
 .text.pxPortInitialiseStack
                0x08000958       0x64 Middlewares/FreeRTOS/port.o
                0x08000958                pxPortInitialiseStack
 .text.prvTaskExitError
                0x080009bc       0x3c Middlewares/FreeRTOS/port.o
 .text.SVC_Handler
                0x080009f8       0x20 Middlewares/FreeRTOS/port.o
                0x080009f8                SVC_Handler
 .text.prvPortStartFirstTask
                0x08000a18       0x20 Middlewares/FreeRTOS/port.o
 .text.xPortStartScheduler
                0x08000a38      0x118 Middlewares/FreeRTOS/port.o
                0x08000a38                xPortStartScheduler
 .text.vPortEnterCritical
                0x08000b50       0x5c Middlewares/FreeRTOS/port.o
                0x08000b50                vPortEnterCritical
 .text.vPortExitCritical
                0x08000bac       0x4c Middlewares/FreeRTOS/port.o
                0x08000bac                vPortExitCritical
 .text.PendSV_Handler
                0x08000bf8       0x60 Middlewares/FreeRTOS/port.o
                0x08000bf8                PendSV_Handler
 .text.xPortSysTickHandler
                0x08000c58       0x44 Middlewares/FreeRTOS/port.o
                0x08000c58                xPortSysTickHandler
 .text.vPortSetupTimerInterrupt
                0x08000c9c       0x34 Middlewares/FreeRTOS/port.o
                0x08000c9c                vPortSetupTimerInterrupt
 .text.vPortEnableVFP
                0x08000cd0       0x14 Middlewares/FreeRTOS/port.o
 .text.vPortValidateInterruptPriority
                0x08000ce4       0x78 Middlewares/FreeRTOS/port.o
                0x08000ce4                vPortValidateInterruptPriority
 .text.xQueueCreateMutex
                0x08000d5c       0x84 Middlewares/FreeRTOS/queue.o
                0x08000d5c                xQueueCreateMutex
 .text.xQueueGenericSend
                0x08000de0      0x1ec Middlewares/FreeRTOS/queue.o
                0x08000de0                xQueueGenericSend
 .text.xQueueGiveFromISR
                0x08000fcc      0x100 Middlewares/FreeRTOS/queue.o
                0x08000fcc                xQueueGiveFromISR
 .text.xQueueGenericReceive
                0x080010cc      0x20c Middlewares/FreeRTOS/queue.o
                0x080010cc                xQueueGenericReceive
 .text.xQueueReceiveFromISR
                0x080012d8       0xe8 Middlewares/FreeRTOS/queue.o
                0x080012d8                xQueueReceiveFromISR
 .text.prvCopyDataToQueue
                0x080013c0       0xdc Middlewares/FreeRTOS/queue.o
 .text.prvCopyDataFromQueue
                0x0800149c       0x4c Middlewares/FreeRTOS/queue.o
 .text.prvUnlockQueue
                0x080014e8       0x98 Middlewares/FreeRTOS/queue.o
 .text.prvIsQueueEmpty
                0x08001580       0x2c Middlewares/FreeRTOS/queue.o
 .text.prvIsQueueFull
                0x080015ac       0x30 Middlewares/FreeRTOS/queue.o
 .text.xTaskGenericCreate
                0x080015dc      0x1a4 Middlewares/FreeRTOS/tasks.o
                0x080015dc                xTaskGenericCreate
 .text.vTaskDelayUntil
                0x08001780      0x11c Middlewares/FreeRTOS/tasks.o
                0x08001780                vTaskDelayUntil
 .text.vTaskDelay
                0x0800189c       0xa4 Middlewares/FreeRTOS/tasks.o
                0x0800189c                vTaskDelay
 .text.vTaskStartScheduler
                0x08001940       0x8c Middlewares/FreeRTOS/tasks.o
                0x08001940                vTaskStartScheduler
 .text.vTaskSuspendAll
                0x080019cc       0x1c Middlewares/FreeRTOS/tasks.o
                0x080019cc                vTaskSuspendAll
 .text.xTaskResumeAll
                0x080019e8      0x12c Middlewares/FreeRTOS/tasks.o
                0x080019e8                xTaskResumeAll
 .text.xTaskGetTickCount
                0x08001b14       0x20 Middlewares/FreeRTOS/tasks.o
                0x08001b14                xTaskGetTickCount
 .text.xTaskGetTickCountFromISR
                0x08001b34       0x24 Middlewares/FreeRTOS/tasks.o
                0x08001b34                xTaskGetTickCountFromISR
 .text.xTaskIncrementTick
                0x08001b58      0x180 Middlewares/FreeRTOS/tasks.o
                0x08001b58                xTaskIncrementTick
 .text.vTaskSwitchContext
                0x08001cd8       0xb4 Middlewares/FreeRTOS/tasks.o
                0x08001cd8                vTaskSwitchContext
 .text.vTaskPlaceOnEventList
                0x08001d8c       0x9c Middlewares/FreeRTOS/tasks.o
                0x08001d8c                vTaskPlaceOnEventList
 .text.xTaskRemoveFromEventList
                0x08001e28       0xc8 Middlewares/FreeRTOS/tasks.o
                0x08001e28                xTaskRemoveFromEventList
 .text.vTaskSetTimeOutState
                0x08001ef0       0x44 Middlewares/FreeRTOS/tasks.o
                0x08001ef0                vTaskSetTimeOutState
 .text.xTaskCheckForTimeOut
                0x08001f34       0xbc Middlewares/FreeRTOS/tasks.o
                0x08001f34                xTaskCheckForTimeOut
 .text.vTaskMissedYield
                0x08001ff0       0x18 Middlewares/FreeRTOS/tasks.o
                0x08001ff0                vTaskMissedYield
 .text.prvIdleTask
                0x08002008       0x30 Middlewares/FreeRTOS/tasks.o
 .text.prvInitialiseTCBVariables
                0x08002038       0xa4 Middlewares/FreeRTOS/tasks.o
 .text.prvInitialiseTaskLists
                0x080020dc       0x7c Middlewares/FreeRTOS/tasks.o
 .text.prvCheckTasksWaitingTermination
                0x08002158       0x74 Middlewares/FreeRTOS/tasks.o
 .text.prvAddCurrentTaskToDelayedList
                0x080021cc       0x6c Middlewares/FreeRTOS/tasks.o
 .text.prvAllocateTCBAndStack
                0x08002238       0x70 Middlewares/FreeRTOS/tasks.o
 .text.prvDeleteTCB
                0x080022a8       0x20 Middlewares/FreeRTOS/tasks.o
 .text.prvResetNextTaskUnblockTime
                0x080022c8       0x48 Middlewares/FreeRTOS/tasks.o
 .text.xTaskGetSchedulerState
                0x08002310       0x3c Middlewares/FreeRTOS/tasks.o
                0x08002310                xTaskGetSchedulerState
 .text.vTaskPriorityInherit
                0x0800234c       0xf0 Middlewares/FreeRTOS/tasks.o
                0x0800234c                vTaskPriorityInherit
 .text.xTaskPriorityDisinherit
                0x0800243c      0x10c Middlewares/FreeRTOS/tasks.o
                0x0800243c                xTaskPriorityDisinherit
 .text.pvTaskIncrementMutexHeldCount
                0x08002548       0x28 Middlewares/FreeRTOS/tasks.o
                0x08002548                pvTaskIncrementMutexHeldCount
 .text.FATFS_LinkDriverEx
                0x08002570       0x98 Middlewares/FatFs/ff_gen_drv.o
                0x08002570                FATFS_LinkDriverEx
 .text.FATFS_LinkDriver
                0x08002608       0x20 Middlewares/FatFs/ff_gen_drv.o
                0x08002608                FATFS_LinkDriver
 .text.SD_initialize
                0x08002628       0x3c Middlewares/FatFs/sd_diskio.o
                0x08002628                SD_initialize
 .text.SD_status
                0x08002664       0x3c Middlewares/FatFs/sd_diskio.o
                0x08002664                SD_status
 .text.SD_read  0x080026a0       0x44 Middlewares/FatFs/sd_diskio.o
                0x080026a0                SD_read
 .text.SD_write
                0x080026e4       0x44 Middlewares/FatFs/sd_diskio.o
                0x080026e4                SD_write
 .text.SD_ioctl
                0x08002728       0xa0 Middlewares/FatFs/sd_diskio.o
                0x08002728                SD_ioctl
 .text.HAL_Init
                0x080027c8       0x44 Drivers/STM32F4xx_HAL_Driver/stm32f4xx_hal.o
                0x080027c8                HAL_Init
 .text.HAL_IncTick
                0x0800280c       0x1c Drivers/STM32F4xx_HAL_Driver/stm32f4xx_hal.o
                0x0800280c                HAL_IncTick
 .text.HAL_GetTick
                0x08002828       0x18 Drivers/STM32F4xx_HAL_Driver/stm32f4xx_hal.o
                0x08002828                HAL_GetTick
 .text.HAL_Delay
                0x08002840       0x2c Drivers/STM32F4xx_HAL_Driver/stm32f4xx_hal.o
                0x08002840                HAL_Delay
 .text.HAL_CAN_Init
                0x0800286c      0x254 Drivers/STM32F4xx_HAL_Driver/stm32f4xx_hal_can.o
                0x0800286c                HAL_CAN_Init
 .text.HAL_CAN_ConfigFilter
                0x08002ac0      0x198 Drivers/STM32F4xx_HAL_Driver/stm32f4xx_hal_can.o
                0x08002ac0                HAL_CAN_ConfigFilter
 .text.HAL_CAN_Receive
                0x08002c58      0x26c Drivers/STM32F4xx_HAL_Driver/stm32f4xx_hal_can.o
                0x08002c58                HAL_CAN_Receive
 .text.HAL_CAN_Receive_IT
                0x08002ec4       0xf4 Drivers/STM32F4xx_HAL_Driver/stm32f4xx_hal_can.o
                0x08002ec4                HAL_CAN_Receive_IT
 .text.HAL_CAN_IRQHandler
                0x08002fb8      0x32c Drivers/STM32F4xx_HAL_Driver/stm32f4xx_hal_can.o
                0x08002fb8                HAL_CAN_IRQHandler
 .text.HAL_CAN_TxCpltCallback
                0x080032e4       0x14 Drivers/STM32F4xx_HAL_Driver/stm32f4xx_hal_can.o
                0x080032e4                HAL_CAN_TxCpltCallback
 .text.HAL_CAN_ErrorCallback
                0x080032f8       0x14 Drivers/STM32F4xx_HAL_Driver/stm32f4xx_hal_can.o
                0x080032f8                HAL_CAN_ErrorCallback
 .text.CAN_Transmit_IT
                0x0800330c       0xa4 Drivers/STM32F4xx_HAL_Driver/stm32f4xx_hal_can.o
 .text.CAN_Receive_IT
                0x080033b0      0x234 Drivers/STM32F4xx_HAL_Driver/stm32f4xx_hal_can.o
 .text.NVIC_SetPriorityGrouping
                0x080035e4       0x48 Drivers/STM32F4xx_HAL_Driver/stm32f4xx_hal_cortex.o
 .text.NVIC_GetPriorityGrouping
                0x0800362c       0x1c Drivers/STM32F4xx_HAL_Driver/stm32f4xx_hal_cortex.o
 .text.NVIC_EnableIRQ
                0x08003648       0x30 Drivers/STM32F4xx_HAL_Driver/stm32f4xx_hal_cortex.o
 .text.NVIC_SetPriority
                0x08003678       0x54 Drivers/STM32F4xx_HAL_Driver/stm32f4xx_hal_cortex.o
 .text.NVIC_EncodePriority
                0x080036cc       0x64 Drivers/STM32F4xx_HAL_Driver/stm32f4xx_hal_cortex.o
 .text.SysTick_Config
                0x08003730       0x44 Drivers/STM32F4xx_HAL_Driver/stm32f4xx_hal_cortex.o
 .text.HAL_NVIC_SetPriorityGrouping
                0x08003774       0x14 Drivers/STM32F4xx_HAL_Driver/stm32f4xx_hal_cortex.o
                0x08003774                HAL_NVIC_SetPriorityGrouping
 .text.HAL_NVIC_SetPriority
                0x08003788       0x38 Drivers/STM32F4xx_HAL_Driver/stm32f4xx_hal_cortex.o
                0x08003788                HAL_NVIC_SetPriority
 .text.HAL_NVIC_EnableIRQ
                0x080037c0       0x1c Drivers/STM32F4xx_HAL_Driver/stm32f4xx_hal_cortex.o
                0x080037c0                HAL_NVIC_EnableIRQ
 .text.HAL_SYSTICK_Config
                0x080037dc       0x18 Drivers/STM32F4xx_HAL_Driver/stm32f4xx_hal_cortex.o
                0x080037dc                HAL_SYSTICK_Config
 .text.HAL_SYSTICK_CLKSourceConfig
                0x080037f4       0x38 Drivers/STM32F4xx_HAL_Driver/stm32f4xx_hal_cortex.o
                0x080037f4                HAL_SYSTICK_CLKSourceConfig
 .text.HAL_DMA_Init
                0x0800382c      0x158 Drivers/STM32F4xx_HAL_Driver/stm32f4xx_hal_dma.o
                0x0800382c                HAL_DMA_Init
 .text.HAL_DMA_Start_IT
                0x08003984       0xc4 Drivers/STM32F4xx_HAL_Driver/stm32f4xx_hal_dma.o
                0x08003984                HAL_DMA_Start_IT
 .text.HAL_DMA_Abort
                0x08003a48       0xe4 Drivers/STM32F4xx_HAL_Driver/stm32f4xx_hal_dma.o
                0x08003a48                HAL_DMA_Abort
 .text.HAL_DMA_Abort_IT
                0x08003b2c       0x44 Drivers/STM32F4xx_HAL_Driver/stm32f4xx_hal_dma.o
                0x08003b2c                HAL_DMA_Abort_IT
 .text.HAL_DMA_IRQHandler
                0x08003b70      0x344 Drivers/STM32F4xx_HAL_Driver/stm32f4xx_hal_dma.o
                0x08003b70                HAL_DMA_IRQHandler
 .text.HAL_DMA_GetState
                0x08003eb4       0x1c Drivers/STM32F4xx_HAL_Driver/stm32f4xx_hal_dma.o
                0x08003eb4                HAL_DMA_GetState
 .text.DMA_SetConfig
                0x08003ed0       0x5c Drivers/STM32F4xx_HAL_Driver/stm32f4xx_hal_dma.o
 .text.DMA_CalcBaseAndBitshift
                0x08003f2c       0x6c Drivers/STM32F4xx_HAL_Driver/stm32f4xx_hal_dma.o
 .text.DMA_CheckFifoParam
                0x08003f98      0x108 Drivers/STM32F4xx_HAL_Driver/stm32f4xx_hal_dma.o
 .text.HAL_GPIO_Init
                0x080040a0      0x32c Drivers/STM32F4xx_HAL_Driver/stm32f4xx_hal_gpio.o
                0x080040a0                HAL_GPIO_Init
 .text.HAL_GPIO_ReadPin
                0x080043cc       0x30 Drivers/STM32F4xx_HAL_Driver/stm32f4xx_hal_gpio.o
                0x080043cc                HAL_GPIO_ReadPin
 .text.HAL_GPIO_WritePin
                0x080043fc       0x30 Drivers/STM32F4xx_HAL_Driver/stm32f4xx_hal_gpio.o
                0x080043fc                HAL_GPIO_WritePin
 .text.HAL_GPIO_TogglePin
                0x0800442c       0x24 Drivers/STM32F4xx_HAL_Driver/stm32f4xx_hal_gpio.o
                0x0800442c                HAL_GPIO_TogglePin
 .text.HAL_RCC_OscConfig
                0x08004450      0x424 Drivers/STM32F4xx_HAL_Driver/stm32f4xx_hal_rcc.o
                0x08004450                HAL_RCC_OscConfig
 .text.HAL_RCC_ClockConfig
                0x08004874      0x228 Drivers/STM32F4xx_HAL_Driver/stm32f4xx_hal_rcc.o
                0x08004874                HAL_RCC_ClockConfig
 .text.HAL_RCC_GetSysClockFreq
                0x08004a9c       0xfc Drivers/STM32F4xx_HAL_Driver/stm32f4xx_hal_rcc.o
                0x08004a9c                HAL_RCC_GetSysClockFreq
 .text.HAL_RCC_GetHCLKFreq
                0x08004b98       0x18 Drivers/STM32F4xx_HAL_Driver/stm32f4xx_hal_rcc.o
                0x08004b98                HAL_RCC_GetHCLKFreq
 .text.HAL_RCC_GetPCLK1Freq
                0x08004bb0       0x44 Drivers/STM32F4xx_HAL_Driver/stm32f4xx_hal_rcc.o
                0x08004bb0                HAL_RCC_GetPCLK1Freq
 .text.HAL_RCC_GetPCLK2Freq
                0x08004bf4       0x44 Drivers/STM32F4xx_HAL_Driver/stm32f4xx_hal_rcc.o
                0x08004bf4                HAL_RCC_GetPCLK2Freq
 .text.HAL_RCC_GetClockConfig
                0x08004c38       0x60 Drivers/STM32F4xx_HAL_Driver/stm32f4xx_hal_rcc.o
                0x08004c38                HAL_RCC_GetClockConfig
 .text.HAL_RCCEx_PeriphCLKConfig
                0x08004c98      0x1e0 Drivers/STM32F4xx_HAL_Driver/stm32f4xx_hal_rcc_ex.o
                0x08004c98                HAL_RCCEx_PeriphCLKConfig
 .text.HAL_RTC_Init
                0x08004e78       0xf8 Drivers/STM32F4xx_HAL_Driver/stm32f4xx_hal_rtc.o
                0x08004e78                HAL_RTC_Init
 .text.HAL_RTC_SetTime
                0x08004f70      0x18c Drivers/STM32F4xx_HAL_Driver/stm32f4xx_hal_rtc.o
                0x08004f70                HAL_RTC_SetTime
 .text.HAL_RTC_SetDate
                0x080050fc      0x16c Drivers/STM32F4xx_HAL_Driver/stm32f4xx_hal_rtc.o
                0x080050fc                HAL_RTC_SetDate
 .text.HAL_RTC_WaitForSynchro
                0x08005268       0x50 Drivers/STM32F4xx_HAL_Driver/stm32f4xx_hal_rtc.o
                0x08005268                HAL_RTC_WaitForSynchro
 .text.RTC_EnterInitMode
                0x080052b8       0x58 Drivers/STM32F4xx_HAL_Driver/stm32f4xx_hal_rtc.o
                0x080052b8                RTC_EnterInitMode
 .text.RTC_ByteToBcd2
                0x08005310       0x3c Drivers/STM32F4xx_HAL_Driver/stm32f4xx_hal_rtc.o
                0x08005310                RTC_ByteToBcd2
 .text.RTC_Bcd2ToByte
                0x0800534c       0x3c Drivers/STM32F4xx_HAL_Driver/stm32f4xx_hal_rtc.o
                0x0800534c                RTC_Bcd2ToByte
 .text.HAL_RTCEx_SetTimeStamp
                0x08005388       0xac Drivers/STM32F4xx_HAL_Driver/stm32f4xx_hal_rtc_ex.o
                0x08005388                HAL_RTCEx_SetTimeStamp
 .text.HAL_SD_Init
                0x08005434       0xec Drivers/STM32F4xx_HAL_Driver/stm32f4xx_hal_sd.o
                0x08005434                HAL_SD_Init
 .text.HAL_SD_ReadBlocks
                0x08005520      0x2c4 Drivers/STM32F4xx_HAL_Driver/stm32f4xx_hal_sd.o
                0x08005520                HAL_SD_ReadBlocks
 .text.HAL_SD_WriteBlocks
                0x080057e4      0x39c Drivers/STM32F4xx_HAL_Driver/stm32f4xx_hal_sd.o
                0x080057e4                HAL_SD_WriteBlocks
 .text.HAL_SD_IRQHandler
                0x08005b80      0x104 Drivers/STM32F4xx_HAL_Driver/stm32f4xx_hal_sd.o
                0x08005b80                HAL_SD_IRQHandler
 .text.HAL_SD_XferCpltCallback
                0x08005c84       0x14 Drivers/STM32F4xx_HAL_Driver/stm32f4xx_hal_sd.o
                0x08005c84                HAL_SD_XferCpltCallback
 .text.HAL_SD_XferErrorCallback
                0x08005c98       0x14 Drivers/STM32F4xx_HAL_Driver/stm32f4xx_hal_sd.o
                0x08005c98                HAL_SD_XferErrorCallback
 .text.HAL_SD_Get_CardInfo
                0x08005cac      0x624 Drivers/STM32F4xx_HAL_Driver/stm32f4xx_hal_sd.o
                0x08005cac                HAL_SD_Get_CardInfo
 .text.HAL_SD_StopTransfer
                0x080062d0       0x48 Drivers/STM32F4xx_HAL_Driver/stm32f4xx_hal_sd.o
                0x080062d0                HAL_SD_StopTransfer
 .text.HAL_SD_GetStatus
                0x08006318       0x34 Drivers/STM32F4xx_HAL_Driver/stm32f4xx_hal_sd.o
                0x08006318                HAL_SD_GetStatus
 .text.SD_GetState
                0x0800634c       0x38 Drivers/STM32F4xx_HAL_Driver/stm32f4xx_hal_sd.o
 .text.SD_Initialize_Cards
                0x08006384      0x188 Drivers/STM32F4xx_HAL_Driver/stm32f4xx_hal_sd.o
 .text.SD_Select_Deselect
                0x0800650c       0x54 Drivers/STM32F4xx_HAL_Driver/stm32f4xx_hal_sd.o
 .text.SD_PowerON
                0x08006560      0x1c8 Drivers/STM32F4xx_HAL_Driver/stm32f4xx_hal_sd.o
 .text.SD_SendStatus
                0x08006728       0x74 Drivers/STM32F4xx_HAL_Driver/stm32f4xx_hal_sd.o
 .text.SD_CmdError
                0x0800679c       0x78 Drivers/STM32F4xx_HAL_Driver/stm32f4xx_hal_sd.o
 .text.SD_CmdResp7Error
                0x08006814       0xb0 Drivers/STM32F4xx_HAL_Driver/stm32f4xx_hal_sd.o
 .text.SD_CmdResp1Error
                0x080068c4      0x1ac Drivers/STM32F4xx_HAL_Driver/stm32f4xx_hal_sd.o
 .text.SD_CmdResp3Error
                0x08006a70       0x54 Drivers/STM32F4xx_HAL_Driver/stm32f4xx_hal_sd.o
 .text.SD_CmdResp2Error
                0x08006ac4       0x70 Drivers/STM32F4xx_HAL_Driver/stm32f4xx_hal_sd.o
 .text.SD_CmdResp6Error
                0x08006b34       0xd8 Drivers/STM32F4xx_HAL_Driver/stm32f4xx_hal_sd.o
 .text.SD_IsCardProgramming
                0x08006c0c      0x1f8 Drivers/STM32F4xx_HAL_Driver/stm32f4xx_hal_sd.o
 .text.HAL_SPI_Init
                0x08006e04       0xc8 Drivers/STM32F4xx_HAL_Driver/stm32f4xx_hal_spi.o
                0x08006e04                HAL_SPI_Init
 .text.HAL_SPI_Transmit
                0x08006ecc      0x278 Drivers/STM32F4xx_HAL_Driver/stm32f4xx_hal_spi.o
                0x08006ecc                HAL_SPI_Transmit
 .text.HAL_SPI_Transmit_DMA
                0x08007144      0x140 Drivers/STM32F4xx_HAL_Driver/stm32f4xx_hal_spi.o
                0x08007144                HAL_SPI_Transmit_DMA
 .text.HAL_SPI_IRQHandler
                0x08007284      0x1b0 Drivers/STM32F4xx_HAL_Driver/stm32f4xx_hal_spi.o
                0x08007284                HAL_SPI_IRQHandler
 .text.HAL_SPI_TxCpltCallback
                0x08007434       0x14 Drivers/STM32F4xx_HAL_Driver/stm32f4xx_hal_spi.o
                0x08007434                HAL_SPI_TxCpltCallback
 .text.HAL_SPI_TxHalfCpltCallback
                0x08007448       0x14 Drivers/STM32F4xx_HAL_Driver/stm32f4xx_hal_spi.o
                0x08007448                HAL_SPI_TxHalfCpltCallback
 .text.HAL_SPI_ErrorCallback
                0x0800745c       0x14 Drivers/STM32F4xx_HAL_Driver/stm32f4xx_hal_spi.o
                0x0800745c                HAL_SPI_ErrorCallback
 .text.HAL_SPI_GetState
                0x08007470       0x1c Drivers/STM32F4xx_HAL_Driver/stm32f4xx_hal_spi.o
                0x08007470                HAL_SPI_GetState
 .text.SPI_DMATransmitCplt
                0x0800748c       0x9c Drivers/STM32F4xx_HAL_Driver/stm32f4xx_hal_spi.o
 .text.SPI_DMAHalfTransmitCplt
                0x08007528       0x1c Drivers/STM32F4xx_HAL_Driver/stm32f4xx_hal_spi.o
 .text.SPI_DMAError
                0x08007544       0x40 Drivers/STM32F4xx_HAL_Driver/stm32f4xx_hal_spi.o
 .text.SPI_DMAAbortOnError
                0x08007584       0x28 Drivers/STM32F4xx_HAL_Driver/stm32f4xx_hal_spi.o
 .text.SPI_WaitFlagStateUntilTimeout
                0x080075ac       0xd4 Drivers/STM32F4xx_HAL_Driver/stm32f4xx_hal_spi.o
 .text.SPI_CheckFlag_BSY
                0x08007680       0x3c Drivers/STM32F4xx_HAL_Driver/stm32f4xx_hal_spi.o
 .text.HAL_TIM_Base_Init
                0x080076bc       0x58 Drivers/STM32F4xx_HAL_Driver/stm32f4xx_hal_tim.o
                0x080076bc                HAL_TIM_Base_Init
 .text.HAL_TIM_Base_Start
                0x08007714       0x38 Drivers/STM32F4xx_HAL_Driver/stm32f4xx_hal_tim.o
                0x08007714                HAL_TIM_Base_Start
 .text.HAL_TIM_Base_Start_IT
                0x0800774c       0x38 Drivers/STM32F4xx_HAL_Driver/stm32f4xx_hal_tim.o
                0x0800774c                HAL_TIM_Base_Start_IT
 .text.HAL_TIM_IRQHandler
                0x08007784      0x210 Drivers/STM32F4xx_HAL_Driver/stm32f4xx_hal_tim.o
                0x08007784                HAL_TIM_IRQHandler
 .text.HAL_TIM_OC_DelayElapsedCallback
                0x08007994       0x14 Drivers/STM32F4xx_HAL_Driver/stm32f4xx_hal_tim.o
                0x08007994                HAL_TIM_OC_DelayElapsedCallback
 .text.HAL_TIM_IC_CaptureCallback
                0x080079a8       0x14 Drivers/STM32F4xx_HAL_Driver/stm32f4xx_hal_tim.o
                0x080079a8                HAL_TIM_IC_CaptureCallback
 .text.HAL_TIM_PWM_PulseFinishedCallback
                0x080079bc       0x14 Drivers/STM32F4xx_HAL_Driver/stm32f4xx_hal_tim.o
                0x080079bc                HAL_TIM_PWM_PulseFinishedCallback
 .text.HAL_TIM_TriggerCallback
                0x080079d0       0x14 Drivers/STM32F4xx_HAL_Driver/stm32f4xx_hal_tim.o
                0x080079d0                HAL_TIM_TriggerCallback
 .text.TIM_Base_SetConfig
                0x080079e4      0x150 Drivers/STM32F4xx_HAL_Driver/stm32f4xx_hal_tim.o
                0x080079e4                TIM_Base_SetConfig
 .text.HAL_TIMEx_MasterConfigSynchronization
                0x08007b34       0x8c Drivers/STM32F4xx_HAL_Driver/stm32f4xx_hal_tim_ex.o
                0x08007b34                HAL_TIMEx_MasterConfigSynchronization
 .text.HAL_TIMEx_CommutationCallback
                0x08007bc0       0x14 Drivers/STM32F4xx_HAL_Driver/stm32f4xx_hal_tim_ex.o
                0x08007bc0                HAL_TIMEx_CommutationCallback
 .text.HAL_TIMEx_BreakCallback
                0x08007bd4       0x14 Drivers/STM32F4xx_HAL_Driver/stm32f4xx_hal_tim_ex.o
                0x08007bd4                HAL_TIMEx_BreakCallback
 .text.HAL_UART_Init
                0x08007be8       0x9c Drivers/STM32F4xx_HAL_Driver/stm32f4xx_hal_uart.o
                0x08007be8                HAL_UART_Init
 .text.HAL_UART_Receive
                0x08007c84      0x148 Drivers/STM32F4xx_HAL_Driver/stm32f4xx_hal_uart.o
                0x08007c84                HAL_UART_Receive
 .text.HAL_UART_Receive_DMA
                0x08007dcc       0xec Drivers/STM32F4xx_HAL_Driver/stm32f4xx_hal_uart.o
                0x08007dcc                HAL_UART_Receive_DMA
 .text.HAL_UART_DMAStop
                0x08007eb8       0xb8 Drivers/STM32F4xx_HAL_Driver/stm32f4xx_hal_uart.o
                0x08007eb8                HAL_UART_DMAStop
 .text.HAL_UART_IRQHandler
                0x08007f70      0x1f4 Drivers/STM32F4xx_HAL_Driver/stm32f4xx_hal_uart.o
                0x08007f70                HAL_UART_IRQHandler
 .text.HAL_UART_TxCpltCallback
                0x08008164       0x14 Drivers/STM32F4xx_HAL_Driver/stm32f4xx_hal_uart.o
                0x08008164                HAL_UART_TxCpltCallback
 .text.HAL_UART_RxCpltCallback
                0x08008178       0x14 Drivers/STM32F4xx_HAL_Driver/stm32f4xx_hal_uart.o
                0x08008178                HAL_UART_RxCpltCallback
 .text.HAL_UART_RxHalfCpltCallback
                0x0800818c       0x14 Drivers/STM32F4xx_HAL_Driver/stm32f4xx_hal_uart.o
                0x0800818c                HAL_UART_RxHalfCpltCallback
 .text.HAL_UART_ErrorCallback
                0x080081a0       0x14 Drivers/STM32F4xx_HAL_Driver/stm32f4xx_hal_uart.o
                0x080081a0                HAL_UART_ErrorCallback
 .text.UART_DMAReceiveCplt
                0x080081b4       0x68 Drivers/STM32F4xx_HAL_Driver/stm32f4xx_hal_uart.o
 .text.UART_DMARxHalfCplt
                0x0800821c       0x1c Drivers/STM32F4xx_HAL_Driver/stm32f4xx_hal_uart.o
 .text.UART_DMAError
                0x08008238       0x94 Drivers/STM32F4xx_HAL_Driver/stm32f4xx_hal_uart.o
 .text.UART_WaitOnFlagUntilTimeout
                0x080082cc       0x94 Drivers/STM32F4xx_HAL_Driver/stm32f4xx_hal_uart.o
 .text.UART_EndTxTransfer
                0x08008360       0x2c Drivers/STM32F4xx_HAL_Driver/stm32f4xx_hal_uart.o
 .text.UART_EndRxTransfer
                0x0800838c       0x3c Drivers/STM32F4xx_HAL_Driver/stm32f4xx_hal_uart.o
 .text.UART_DMAAbortOnError
                0x080083c8       0x28 Drivers/STM32F4xx_HAL_Driver/stm32f4xx_hal_uart.o
 .text.UART_Transmit_IT
                0x080083f0       0xac Drivers/STM32F4xx_HAL_Driver/stm32f4xx_hal_uart.o
 .text.UART_EndTransmit_IT
                0x0800849c       0x30 Drivers/STM32F4xx_HAL_Driver/stm32f4xx_hal_uart.o
 .text.UART_Receive_IT
                0x080084cc       0xf4 Drivers/STM32F4xx_HAL_Driver/stm32f4xx_hal_uart.o
 .text.UART_SetConfig
                0x080085c0      0x434 Drivers/STM32F4xx_HAL_Driver/stm32f4xx_hal_uart.o
 .text.SDIO_Init
                0x080089f4       0x58 Drivers/STM32F4xx_HAL_Driver/stm32f4xx_ll_sdmmc.o
                0x080089f4                SDIO_Init
 .text.SDIO_ReadFIFO
                0x08008a4c       0x1c Drivers/STM32F4xx_HAL_Driver/stm32f4xx_ll_sdmmc.o
                0x08008a4c                SDIO_ReadFIFO
 .text.SDIO_WriteFIFO
                0x08008a68       0x24 Drivers/STM32F4xx_HAL_Driver/stm32f4xx_ll_sdmmc.o
                0x08008a68                SDIO_WriteFIFO
 .text.SDIO_PowerState_ON
                0x08008a8c       0x1c Drivers/STM32F4xx_HAL_Driver/stm32f4xx_ll_sdmmc.o
                0x08008a8c                SDIO_PowerState_ON
 .text.SDIO_GetPowerState
                0x08008aa8       0x1c Drivers/STM32F4xx_HAL_Driver/stm32f4xx_ll_sdmmc.o
                0x08008aa8                SDIO_GetPowerState
 .text.SDIO_SendCommand
                0x08008ac4       0x54 Drivers/STM32F4xx_HAL_Driver/stm32f4xx_ll_sdmmc.o
                0x08008ac4                SDIO_SendCommand
 .text.SDIO_GetCommandResponse
                0x08008b18       0x1c Drivers/STM32F4xx_HAL_Driver/stm32f4xx_ll_sdmmc.o
                0x08008b18                SDIO_GetCommandResponse
 .text.SDIO_GetResponse
                0x08008b34       0x28 Drivers/STM32F4xx_HAL_Driver/stm32f4xx_ll_sdmmc.o
                0x08008b34                SDIO_GetResponse
 .text.SDIO_DataConfig
                0x08008b5c       0x58 Drivers/STM32F4xx_HAL_Driver/stm32f4xx_ll_sdmmc.o
                0x08008b5c                SDIO_DataConfig
 .text.SystemInit
                0x08008bb4       0x6c Drivers/CMSIS/system_stm32f4xx.o
                0x08008bb4                SystemInit
 .text.BSP_SD_Init
                0x08008c20       0x38 Application/User/bsp_driver_sd.o
                0x08008c20                BSP_SD_Init
 .text.BSP_SD_ReadBlocks
                0x08008c58       0x38 Application/User/bsp_driver_sd.o
                0x08008c58                BSP_SD_ReadBlocks
 .text.BSP_SD_WriteBlocks
                0x08008c90       0x38 Application/User/bsp_driver_sd.o
                0x08008c90                BSP_SD_WriteBlocks
 .text.BSP_SD_GetStatus
                0x08008cc8       0x14 Application/User/bsp_driver_sd.o
                0x08008cc8                BSP_SD_GetStatus
 .text.BSP_SD_GetCardInfo
                0x08008cdc       0x1c Application/User/bsp_driver_sd.o
                0x08008cdc                BSP_SD_GetCardInfo
 .text.BSP_SD_IsDetected
                0x08008cf8       0x1c Application/User/bsp_driver_sd.o
                0x08008cf8                BSP_SD_IsDetected
 .text.buttons_updateButtonValue
                0x08008d14       0x64 Application/User/buttons.o
                0x08008d14                buttons_updateButtonValue
 .text.canSensors_ReceiveDataFromSensors_init
                0x08008d78       0x8c Application/User/can_sensors.o
                0x08008d78                canSensors_ReceiveDataFromSensors_init
 .text.canSensors_ReceiveDataFromSensors_Start
                0x08008e04       0x18 Application/User/can_sensors.o
                0x08008e04                canSensors_ReceiveDataFromSensors_Start
 .text.canSensors_saveCurrentData
                0x08008e1c      0x11c Application/User/can_sensors.o
                0x08008e1c                canSensors_saveCurrentData
 .text.HAL_CAN_RxCpltCallback
                0x08008f38       0xc0 Application/User/can_sensors.o
                0x08008f38                HAL_CAN_RxCpltCallback
 .text.saveCurrentData
                0x08008ff8       0x28 Application/User/current_data_provider.o
                0x08008ff8                saveCurrentData
 .text.getCurrentDataForChannel
                0x08009020       0x24 Application/User/current_data_provider.o
                0x08009020                getCurrentDataForChannel
 .text.display_value
                0x08009044      0x174 Application/User/dashboard.o
                0x08009044                display_value
 .text.display_description
                0x080091b8       0x70 Application/User/dashboard.o
                0x080091b8                display_description
 .text.dash_init
                0x08009228       0x7c Application/User/dashboard.o
                0x08009228                dash_init
 .text.clear_description
                0x080092a4       0x1c Application/User/dashboard.o
                0x080092a4                clear_description
 .text.dash_nextDisplayingValueChannelIndexNotification
                0x080092c0       0x38 Application/User/dashboard.o
                0x080092c0                dash_nextDisplayingValueChannelIndexNotification
 .text.dash_displayCurrentData
                0x080092f8       0x88 Application/User/dashboard.o
                0x080092f8                dash_displayCurrentData
 .text.dash_displayActualGear
                0x08009380       0x68 Application/User/dashboard.o
                0x08009380                dash_displayActualGear
 .text.DelayMicroseconds
                0x080093e8       0x30 Application/User/delay_timer6.o
                0x080093e8                DelayMicroseconds
 .text.UART1_ITEnable
                0x08009418       0x20 Application/User/ecumaster.o
                0x08009418                UART1_ITEnable
 .text.UART1_ITDisable
                0x08009438       0x20 Application/User/ecumaster.o
                0x08009438                UART1_ITDisable
 .text.UART1_Stop
                0x08009458       0x50 Application/User/ecumaster.o
                0x08009458                UART1_Stop
 .text.ECU_receiveData
                0x080094a8       0x84 Application/User/ecumaster.o
                0x080094a8                ECU_receiveData
 .text.ECU_init
                0x0800952c       0x4c Application/User/ecumaster.o
                0x0800952c                ECU_init
 .text.ECU_receivedByteNotification
                0x08009578       0x3c Application/User/ecumaster.o
                0x08009578                ECU_receivedByteNotification
 .text.ECU_getNextReceivedBytePointer
                0x080095b4       0x24 Application/User/ecumaster.o
                0x080095b4                ECU_getNextReceivedBytePointer
 .text.ECU_saveCurrentData
                0x080095d8      0x700 Application/User/ecumaster.o
                0x080095d8                ECU_saveCurrentData
 .text.LOG_warning
                0x08009cd8       0x14 Application/User/error_logger.o
                0x08009cd8                LOG_warning
 .text.MX_FATFS_Init
                0x08009cec       0x24 Application/User/fatfs.o
                0x08009cec                MX_FATFS_Init
 .text.gearDisplay_init
                0x08009d10       0x64 Application/User/gear_display.o
                0x08009d10                gearDisplay_init
 .text.gearDisplay_displayDigit
                0x08009d74       0x9c Application/User/gear_display.o
                0x08009d74                gearDisplay_displayDigit
 .text.DataTypes_initDefaults
                0x08009e10      0x6d0 Application/User/logged_data_types.o
                0x08009e10                DataTypes_initDefaults
 .text.main     0x0800a4e0      0x150 Application/User/main.o
                0x0800a4e0                main
 .text.SystemClock_Config
                0x0800a630      0x100 Application/User/main.o
                0x0800a630                SystemClock_Config
 .text.MX_CAN1_Init
                0x0800a730       0x6c Application/User/main.o
 .text.MX_RTC_Init
                0x0800a79c       0xb4 Application/User/main.o
 .text.MX_SDIO_SD_Init
                0x0800a850       0x40 Application/User/main.o
 .text.MX_SPI1_Init
                0x0800a890       0x6c Application/User/main.o
 .text.MX_SPI2_Init
                0x0800a8fc       0x6c Application/User/main.o
 .text.MX_TIM6_Init
                0x0800a968       0x5c Application/User/main.o
 .text.MX_USART1_UART_Init
                0x0800a9c4       0x50 Application/User/main.o
 .text.MX_USART2_UART_Init
                0x0800aa14       0x50 Application/User/main.o
 .text.MX_DMA_Init
                0x0800aa64       0x88 Application/User/main.o
 .text.MX_GPIO_Init
                0x0800aaec      0x228 Application/User/main.o
 .text.StartSaveActualBytesFromECUTask
                0x0800ad14       0x2c Application/User/main.o
                0x0800ad14                StartSaveActualBytesFromECUTask
 .text.StartSaveActualBytesFromCanSensorsTask
                0x0800ad40       0x30 Application/User/main.o
                0x0800ad40                StartSaveActualBytesFromCanSensorsTask
 .text.StartLedBlinkingTask
                0x0800ad70       0x20 Application/User/main.o
                0x0800ad70                StartLedBlinkingTask
 .text.StartDashboardTask
                0x0800ad90       0x3c Application/User/main.o
                0x0800ad90                StartDashboardTask
 .text.StartLEDSteeringWheelTask
                0x0800adcc       0x2c Application/User/main.o
                0x0800adcc                StartLEDSteeringWheelTask
 .text.StartDefaultTask
                0x0800adf8       0x14 Application/User/main.o
                0x0800adf8                StartDefaultTask
 .text.HAL_TIM_PeriodElapsedCallback
                0x0800ae0c       0x20 Application/User/main.o
                0x0800ae0c                HAL_TIM_PeriodElapsedCallback
 .text.Error_Handler
                0x0800ae2c        0x8 Application/User/main.o
                0x0800ae2c                Error_Handler
 .text.HAL_MspInit
                0x0800ae34       0x60 Application/User/stm32f4xx_hal_msp.o
                0x0800ae34                HAL_MspInit
 .text.HAL_CAN_MspInit
                0x0800ae94       0x80 Application/User/stm32f4xx_hal_msp.o
                0x0800ae94                HAL_CAN_MspInit
 .text.HAL_RTC_MspInit
                0x0800af14       0x2c Application/User/stm32f4xx_hal_msp.o
                0x0800af14                HAL_RTC_MspInit
 .text.HAL_SD_MspInit
                0x0800af40       0x98 Application/User/stm32f4xx_hal_msp.o
                0x0800af40                HAL_SD_MspInit
 .text.HAL_SPI_MspInit
                0x0800afd8      0x1d0 Application/User/stm32f4xx_hal_msp.o
                0x0800afd8                HAL_SPI_MspInit
 .text.HAL_TIM_Base_MspInit
                0x0800b1a8       0x40 Application/User/stm32f4xx_hal_msp.o
                0x0800b1a8                HAL_TIM_Base_MspInit
 .text.HAL_UART_MspInit
                0x0800b1e8      0x19c Application/User/stm32f4xx_hal_msp.o
                0x0800b1e8                HAL_UART_MspInit
 .text.HAL_InitTick
                0x0800b384       0xb4 Application/User/stm32f4xx_hal_timebase_TIM.o
                0x0800b384                HAL_InitTick
 .text.SysTick_Handler
                0x0800b438        0xc Application/User/stm32f4xx_it.o
                0x0800b438                SysTick_Handler
 .text.DMA1_Stream4_IRQHandler
                0x0800b444       0x10 Application/User/stm32f4xx_it.o
                0x0800b444                DMA1_Stream4_IRQHandler
 .text.DMA1_Stream6_IRQHandler
                0x0800b454       0x10 Application/User/stm32f4xx_it.o
                0x0800b454                DMA1_Stream6_IRQHandler
 .text.CAN1_RX0_IRQHandler
                0x0800b464       0x10 Application/User/stm32f4xx_it.o
                0x0800b464                CAN1_RX0_IRQHandler
 .text.CAN1_RX1_IRQHandler
                0x0800b474       0x10 Application/User/stm32f4xx_it.o
                0x0800b474                CAN1_RX1_IRQHandler
 .text.SPI1_IRQHandler
                0x0800b484       0x10 Application/User/stm32f4xx_it.o
                0x0800b484                SPI1_IRQHandler
 .text.USART1_IRQHandler
                0x0800b494       0x44 Application/User/stm32f4xx_it.o
                0x0800b494                USART1_IRQHandler
 .text.USART2_IRQHandler
                0x0800b4d8       0x10 Application/User/stm32f4xx_it.o
                0x0800b4d8                USART2_IRQHandler
 .text.TIM8_TRG_COM_TIM14_IRQHandler
                0x0800b4e8       0x10 Application/User/stm32f4xx_it.o
                0x0800b4e8                TIM8_TRG_COM_TIM14_IRQHandler
 .text.SDIO_IRQHandler
                0x0800b4f8       0x10 Application/User/stm32f4xx_it.o
                0x0800b4f8                SDIO_IRQHandler
 .text.DMA2_Stream2_IRQHandler
                0x0800b508       0x10 Application/User/stm32f4xx_it.o
                0x0800b508                DMA2_Stream2_IRQHandler
 .text.DMA2_Stream3_IRQHandler
                0x0800b518       0x10 Application/User/stm32f4xx_it.o
                0x0800b518                DMA2_Stream3_IRQHandler
 .text.ws2812_init
                0x0800b528      0x1b4 Application/User/ws2812_driver.o
                0x0800b528                ws2812_init
 .text.ws2812_displayRPM
                0x0800b6dc      0x11c Application/User/ws2812_driver.o
                0x0800b6dc                ws2812_displayRPM
 .text.ws2812_displayCLT
                0x0800b7f8      0x1a0 Application/User/ws2812_driver.o
                0x0800b7f8                ws2812_displayCLT
 .text.ws2812_displayFuel
                0x0800b998       0xe8 Application/User/ws2812_driver.o
                0x0800b998                ws2812_displayFuel
 .text.ws2812_displayAlerts
                0x0800ba80      0x1bc Application/User/ws2812_driver.o
                0x0800ba80                ws2812_displayAlerts
 .text.ws2812_displayDrivingWheelLEDs
                0x0800bc3c       0xd0 Application/User/ws2812_driver.o
                0x0800bc3c                ws2812_displayDrivingWheelLEDs
 .text.ws2812_displayDashboardLEDs
                0x0800bd0c       0x94 Application/User/ws2812_driver.o
                0x0800bd0c                ws2812_displayDashboardLEDs
 .text.ssd1306_write_byte
                0x0800bda0       0x60 Application/User/SH1106/SSD1306.o
 .text.ssd1306_display_on
                0x0800be00       0x20 Application/User/SH1106/SSD1306.o
                0x0800be00                ssd1306_display_on
 .text.ssd1306_refresh_gram
                0x0800be20       0x6c Application/User/SH1106/SSD1306.o
                0x0800be20                ssd1306_refresh_gram
 .text.ssd1306_clear_screen
                0x0800be8c       0x6c Application/User/SH1106/SSD1306.o
                0x0800be8c                ssd1306_clear_screen
 .text.ssd1306_draw_point
                0x0800bef8       0xac Application/User/SH1106/SSD1306.o
                0x0800bef8                ssd1306_draw_point
 .text.ssd1306_fill_screen
                0x0800bfa4       0x64 Application/User/SH1106/SSD1306.o
                0x0800bfa4                ssd1306_fill_screen
 .text.ssd1306_display_char
                0x0800c008      0x114 Application/User/SH1106/SSD1306.o
                0x0800c008                ssd1306_display_char
 .text.ssd1306_display_string
                0x0800c11c       0x84 Application/User/SH1106/SSD1306.o
                0x0800c11c                ssd1306_display_string
 .text.ssd1306_draw_4834char
                0x0800c1a0       0xb4 Application/User/SH1106/SSD1306.o
                0x0800c1a0                ssd1306_draw_4834char
 .text.ssd1306_draw_2819char
                0x0800c254       0xb4 Application/User/SH1106/SSD1306.o
                0x0800c254                ssd1306_draw_2819char
 .text.ssd1306_init
                0x0800c308      0x114 Application/User/SH1106/SSD1306.o
                0x0800c308                ssd1306_init
 .text.Reset_Handler
                0x0800c41c       0x50 Application/SW4STM32/startup_stm32f407xx.o
                0x0800c41c                Reset_Handler
 .text.Default_Handler
                0x0800c46c        0x2 Application/SW4STM32/startup_stm32f407xx.o
                0x0800c46c                RTC_Alarm_IRQHandler
                0x0800c46c                HASH_RNG_IRQHandler
                0x0800c46c                EXTI2_IRQHandler
                0x0800c46c                TIM8_CC_IRQHandler
                0x0800c46c                DebugMon_Handler
                0x0800c46c                TIM1_CC_IRQHandler
                0x0800c46c                DMA2_Stream5_IRQHandler
                0x0800c46c                HardFault_Handler
                0x0800c46c                DMA1_Stream5_IRQHandler
                0x0800c46c                PVD_IRQHandler
                0x0800c46c                TAMP_STAMP_IRQHandler
                0x0800c46c                NMI_Handler
                0x0800c46c                CAN2_RX1_IRQHandler
                0x0800c46c                EXTI3_IRQHandler
                0x0800c46c                TIM1_UP_TIM10_IRQHandler
                0x0800c46c                TIM8_UP_TIM13_IRQHandler
                0x0800c46c                I2C3_ER_IRQHandler
                0x0800c46c                EXTI0_IRQHandler
                0x0800c46c                I2C2_EV_IRQHandler
                0x0800c46c                DMA1_Stream2_IRQHandler
                0x0800c46c                FPU_IRQHandler
                0x0800c46c                OTG_HS_WKUP_IRQHandler
                0x0800c46c                UsageFault_Handler
                0x0800c46c                CAN2_SCE_IRQHandler
                0x0800c46c                TIM6_DAC_IRQHandler
                0x0800c46c                TIM1_BRK_TIM9_IRQHandler
                0x0800c46c                DCMI_IRQHandler
                0x0800c46c                CAN2_RX0_IRQHandler
                0x0800c46c                USART6_IRQHandler
                0x0800c46c                USART3_IRQHandler
                0x0800c46c                UART5_IRQHandler
                0x0800c46c                DMA2_Stream0_IRQHandler
                0x0800c46c                TIM4_IRQHandler
                0x0800c46c                I2C1_EV_IRQHandler
                0x0800c46c                DMA1_Stream1_IRQHandler
                0x0800c46c                UART4_IRQHandler
                0x0800c46c                TIM3_IRQHandler
                0x0800c46c                RCC_IRQHandler
                0x0800c46c                TIM8_BRK_TIM12_IRQHandler
                0x0800c46c                Default_Handler
                0x0800c46c                EXTI15_10_IRQHandler
                0x0800c46c                ADC_IRQHandler
                0x0800c46c                DMA1_Stream7_IRQHandler
                0x0800c46c                TIM7_IRQHandler
                0x0800c46c                CAN2_TX_IRQHandler
                0x0800c46c                TIM5_IRQHandler
                0x0800c46c                DMA2_Stream7_IRQHandler
                0x0800c46c                I2C3_EV_IRQHandler
                0x0800c46c                EXTI9_5_IRQHandler
                0x0800c46c                RTC_WKUP_IRQHandler
                0x0800c46c                ETH_WKUP_IRQHandler
                0x0800c46c                SPI2_IRQHandler
                0x0800c46c                OTG_HS_EP1_IN_IRQHandler
                0x0800c46c                MemManage_Handler
                0x0800c46c                DMA1_Stream0_IRQHandler
                0x0800c46c                CAN1_TX_IRQHandler
                0x0800c46c                EXTI4_IRQHandler
                0x0800c46c                FSMC_IRQHandler
                0x0800c46c                ETH_IRQHandler
                0x0800c46c                OTG_HS_EP1_OUT_IRQHandler
                0x0800c46c                WWDG_IRQHandler
                0x0800c46c                TIM2_IRQHandler
                0x0800c46c                OTG_FS_WKUP_IRQHandler
                0x0800c46c                TIM1_TRG_COM_TIM11_IRQHandler
                0x0800c46c                OTG_HS_IRQHandler
                0x0800c46c                EXTI1_IRQHandler
                0x0800c46c                I2C2_ER_IRQHandler
                0x0800c46c                DMA2_Stream1_IRQHandler
                0x0800c46c                CAN1_SCE_IRQHandler
                0x0800c46c                FLASH_IRQHandler
                0x0800c46c                DMA2_Stream4_IRQHandler
                0x0800c46c                BusFault_Handler
                0x0800c46c                OTG_FS_IRQHandler
                0x0800c46c                SPI3_IRQHandler
                0x0800c46c                I2C1_ER_IRQHandler
                0x0800c46c                DMA2_Stream6_IRQHandler
                0x0800c46c                DMA1_Stream3_IRQHandler
 *fill*         0x0800c46e        0x2 
 .text.__libc_init_array
                0x0800c470       0x4c c:/program files/ac6/systemworkbench/plugins/fr.ac6.mcu.externaltools.arm-none.win32_1.3.0.201507241045/tools/compiler/bin/../lib/gcc/arm-none-eabi/4.9.3/../../../../arm-none-eabi/lib/armv7e-m/fpu\libc_nano.a(lib_a-init.o)
                0x0800c470                __libc_init_array
 .text.memcpy   0x0800c4bc       0x16 c:/program files/ac6/systemworkbench/plugins/fr.ac6.mcu.externaltools.arm-none.win32_1.3.0.201507241045/tools/compiler/bin/../lib/gcc/arm-none-eabi/4.9.3/../../../../arm-none-eabi/lib/armv7e-m/fpu\libc_nano.a(lib_a-memcpy.o)
                0x0800c4bc                memcpy
 .text.memset   0x0800c4d2       0x10 c:/program files/ac6/systemworkbench/plugins/fr.ac6.mcu.externaltools.arm-none.win32_1.3.0.201507241045/tools/compiler/bin/../lib/gcc/arm-none-eabi/4.9.3/../../../../arm-none-eabi/lib/armv7e-m/fpu\libc_nano.a(lib_a-memset.o)
                0x0800c4d2                memset
 .text.strlen   0x0800c4e2       0x10 c:/program files/ac6/systemworkbench/plugins/fr.ac6.mcu.externaltools.arm-none.win32_1.3.0.201507241045/tools/compiler/bin/../lib/gcc/arm-none-eabi/4.9.3/../../../../arm-none-eabi/lib/armv7e-m/fpu\libc_nano.a(lib_a-strlen.o)
                0x0800c4e2                strlen
 *(.glue_7)
 .glue_7        0x00000000        0x0 linker stubs
 *(.glue_7t)
 .glue_7t       0x00000000        0x0 linker stubs
 *(.eh_frame)
 *fill*         0x0800c4f2        0x2 
 .eh_frame      0x0800c4f4        0x0 c:/program files/ac6/systemworkbench/plugins/fr.ac6.mcu.externaltools.arm-none.win32_1.3.0.201507241045/tools/compiler/bin/../lib/gcc/arm-none-eabi/4.9.3/armv7e-m/fpu/crtbegin.o
 *(.init)
 .init          0x0800c4f4        0x4 c:/program files/ac6/systemworkbench/plugins/fr.ac6.mcu.externaltools.arm-none.win32_1.3.0.201507241045/tools/compiler/bin/../lib/gcc/arm-none-eabi/4.9.3/armv7e-m/fpu/crti.o
                0x0800c4f4                _init
 .init          0x0800c4f8        0x8 c:/program files/ac6/systemworkbench/plugins/fr.ac6.mcu.externaltools.arm-none.win32_1.3.0.201507241045/tools/compiler/bin/../lib/gcc/arm-none-eabi/4.9.3/armv7e-m/fpu/crtn.o
 *(.fini)
 .fini          0x0800c500        0x4 c:/program files/ac6/systemworkbench/plugins/fr.ac6.mcu.externaltools.arm-none.win32_1.3.0.201507241045/tools/compiler/bin/../lib/gcc/arm-none-eabi/4.9.3/armv7e-m/fpu/crti.o
                0x0800c500                _fini
 .fini          0x0800c504        0x8 c:/program files/ac6/systemworkbench/plugins/fr.ac6.mcu.externaltools.arm-none.win32_1.3.0.201507241045/tools/compiler/bin/../lib/gcc/arm-none-eabi/4.9.3/armv7e-m/fpu/crtn.o
                0x0800c50c                . = ALIGN (0x4)
                0x0800c50c                _etext = .

.vfp11_veneer   0x0800c50c        0x0
 .vfp11_veneer  0x00000000        0x0 linker stubs

.v4_bx          0x0800c50c        0x0
 .v4_bx         0x00000000        0x0 linker stubs

.iplt           0x0800c50c        0x0
 .iplt          0x00000000        0x0 c:/program files/ac6/systemworkbench/plugins/fr.ac6.mcu.externaltools.arm-none.win32_1.3.0.201507241045/tools/compiler/bin/../lib/gcc/arm-none-eabi/4.9.3/armv7e-m/fpu/crtbegin.o

.rodata         0x0800c50c     0x1fe8
                0x0800c50c                . = ALIGN (0x4)
 *(.rodata)
 .rodata        0x0800c50c        0x8 Middlewares/FreeRTOS/tasks.o
 .rodata        0x0800c514       0x14 Middlewares/FatFs/sd_diskio.o
                0x0800c514                SD_Driver
 .rodata        0x0800c528        0x8 Drivers/STM32F4xx_HAL_Driver/stm32f4xx_hal_dma.o
 .rodata        0x0800c530       0x10 Drivers/STM32F4xx_HAL_Driver/stm32f4xx_hal_rcc.o
                0x0800c530                APBAHBPrescTable
 .rodata        0x0800c540       0xa4 Application/User/can_sensors.o
 .rodata        0x0800c5e4       0xa4 Application/User/ecumaster.o
 .rodata        0x0800c688      0x1cc Application/User/logged_data_types.o
 .rodata        0x0800c854       0xfc Application/User/main.o
 .rodata        0x0800c950      0x130 Application/User/ws2812_driver.o
                0x0800c950                WS2812_RPMPattern
                0x0800c9bc                WS2812_off
                0x0800c9c8                WS2812_red
                0x0800c9d4                WS2812_blue
                0x0800c9e0                WS2812_green
                0x0800c9ec                WS2812_yellow
                0x0800c9f8                WS2812_CLTPattern
                0x0800ca28                WS2812_FuelPattern
                0x0800ca58                rpm_led_values
                0x0800ca74                clt_led_values
 .rodata        0x0800ca80     0x1a74 Application/User/SH1106/Fonts.o
                0x0800ca80                c_chFont1206
                0x0800cef4                c_chFont1608
                0x0800d4e4                c_chFont1612
                0x0800d644                c_chFont3216
                0x0800d904                c_chBmp4016
                0x0800d964                c_chSingal816
                0x0800d974                c_chMsg816
                0x0800d984                c_chBat816
                0x0800d994                c_chBluetooth88
                0x0800d99c                c_chGPRS88
                0x0800d9a4                c_chAlarm88
                0x0800d9ac                c_chFont4834
                0x0800e1e8                c_chFont2819
 *(.rodata*)
                0x0800e4f4                . = ALIGN (0x4)

.rel.dyn        0x0800e4f4        0x0
 .rel.iplt      0x00000000        0x0 c:/program files/ac6/systemworkbench/plugins/fr.ac6.mcu.externaltools.arm-none.win32_1.3.0.201507241045/tools/compiler/bin/../lib/gcc/arm-none-eabi/4.9.3/armv7e-m/fpu/crtbegin.o

.ARM.extab
 *(.ARM.extab* .gnu.linkonce.armextab.*)

.ARM            0x0800e4f4        0x0
                0x0800e4f4                __exidx_start = .
 *(.ARM.exidx*)
                0x0800e4f4                __exidx_end = .

.preinit_array  0x0800e4f4        0x0
                0x0800e4f4                PROVIDE (__preinit_array_start, .)
 *(.preinit_array*)
                0x0800e4f4                PROVIDE (__preinit_array_end, .)

.init_array     0x0800e4f4        0x4
                0x0800e4f4                PROVIDE (__init_array_start, .)
 *(SORT(.init_array.*))
 *(.init_array*)
 .init_array    0x0800e4f4        0x4 c:/program files/ac6/systemworkbench/plugins/fr.ac6.mcu.externaltools.arm-none.win32_1.3.0.201507241045/tools/compiler/bin/../lib/gcc/arm-none-eabi/4.9.3/armv7e-m/fpu/crtbegin.o
                0x0800e4f8                PROVIDE (__init_array_end, .)

.fini_array     0x0800e4f8        0x4
                0x0800e4f8                PROVIDE (__fini_array_start, .)
 *(SORT(.fini_array.*))
 *(.fini_array*)
 .fini_array    0x0800e4f8        0x4 c:/program files/ac6/systemworkbench/plugins/fr.ac6.mcu.externaltools.arm-none.win32_1.3.0.201507241045/tools/compiler/bin/../lib/gcc/arm-none-eabi/4.9.3/armv7e-m/fpu/crtbegin.o
                0x0800e4fc                PROVIDE (__fini_array_end, .)
                0x0800e4fc                _sidata = LOADADDR (.data)

.data           0x20000000       0x28 load address 0x0800e4fc
                0x20000000                . = ALIGN (0x4)
                0x20000000                _sdata = .
 *(.data)
 .data          0x20000000        0x4 Middlewares/FreeRTOS/port.o
 .data          0x20000004        0x1 Middlewares/FatFs/sd_diskio.o
 *fill*         0x20000005        0x3 
 .data          0x20000008        0x4 Drivers/CMSIS/system_stm32f4xx.o
                0x20000008                SystemCoreClock
 .data          0x2000000c        0x8 Application/User/dashboard.o
                0x2000000c                avaliableFunctions
 .data          0x20000014        0x1 Application/User/ecumaster.o
 *fill*         0x20000015        0x3 
 .data          0x20000018        0xc Application/User/gear_display.o
                0x20000018                digits
 .data          0x20000024        0x4 Application/User/ws2812_driver.o
 *(.data*)
                0x20000028                . = ALIGN (0x4)
                0x20000028                _edata = .
                0x0800e524                _siccmram = LOADADDR (.ccmram)

.jcr            0x20000028        0x0 load address 0x0800e524
 .jcr           0x20000028        0x0 c:/program files/ac6/systemworkbench/plugins/fr.ac6.mcu.externaltools.arm-none.win32_1.3.0.201507241045/tools/compiler/bin/../lib/gcc/arm-none-eabi/4.9.3/armv7e-m/fpu/crtbegin.o

.igot.plt       0x20000028        0x0 load address 0x0800e524
 .igot.plt      0x00000000        0x0 c:/program files/ac6/systemworkbench/plugins/fr.ac6.mcu.externaltools.arm-none.win32_1.3.0.201507241045/tools/compiler/bin/../lib/gcc/arm-none-eabi/4.9.3/armv7e-m/fpu/crtbegin.o

.ccmram         0x10000000        0x0 load address 0x0800e524
                0x10000000                . = ALIGN (0x4)
                0x10000000                _sccmram = .
 *(.ccmram)
 *(.ccmram*)
                0x10000000                . = ALIGN (0x4)
                0x10000000                _eccmram = .
                0x10000000                . = ALIGN (0x4)

.bss            0x20000028     0x69f0
                0x20000028                _sbss = .
                0x20000028                __bss_start__ = _sbss
 *(.bss)
 .bss           0x20000028       0x1c c:/program files/ac6/systemworkbench/plugins/fr.ac6.mcu.externaltools.arm-none.win32_1.3.0.201507241045/tools/compiler/bin/../lib/gcc/arm-none-eabi/4.9.3/armv7e-m/fpu/crtbegin.o
 .bss           0x20000044     0x3c18 Middlewares/FreeRTOS/heap_4.o
 .bss           0x20003c5c        0x8 Middlewares/FreeRTOS/port.o
 .bss           0x20003c64      0x128 Middlewares/FreeRTOS/tasks.o
                0x20003c64                pxCurrentTCB
 .bss           0x20003d8c        0xc Middlewares/FatFs/ff_gen_drv.o
                0x20003d8c                disk
 .bss           0x20003d98        0x8 Application/User/buttons.o
 .bss           0x20003da0      0x810 Application/User/can_sensors.o
                0x200045ac                counter
 .bss           0x200045b0        0x8 Application/User/dashboard.o
 .bss           0x200045b8      0x504 Application/User/ecumaster.o
 .bss           0x20004abc        0x6 Application/User/ws2812_driver.o
 *fill*         0x20004ac2        0x2 
 .bss           0x20004ac4      0x400 Application/User/SH1106/SSD1306.o
 *(.bss*)
 *(COMMON)
 COMMON         0x20004ec4        0x4 Drivers/STM32F4xx_HAL_Driver/stm32f4xx_hal.o
                0x20004ec4                uwTick
 COMMON         0x20004ec8     0x1424 Application/User/can_sensors.o
                0x20004ec8                DataTypes_gaugeDivider
                0x200050c8                DataTypes_fullName
                0x200054c8                DataTypes_lowAlert
                0x200056c8                DataTypes_gaugeMinValue
                0x200058c8                DataTypes_highAlert
                0x20005ac8                DataTypes_gaugeMaxValue
                0x20005cc8                DataTypes_AlertMode
                0x20005dc8                rx_msg
                0x20005dec                DataTypes_unitString
                0x200061ec                DataTypes_divider
 COMMON         0x200062ec      0x200 Application/User/current_data_provider.o
                0x200062ec                currentData
 COMMON         0x200064ec        0x4 Application/User/ecumaster.o
                0x200064ec                ecuDataPointer
 COMMON         0x200064f0        0x8 Application/User/fatfs.o
                0x200064f0                retSD
                0x200064f4                SD_Path
 COMMON         0x200064f8      0x42c Application/User/main.o
                0x200064f8                defaultTaskHandle
                0x200064fc                hspi2
                0x20006554                saveActualBytesFromECUTaskHandle
                0x20006558                saveActualBytesFromCanSensorsTaskHandle
                0x2000655c                SDCardSaverTaskHandle
                0x20006560                ledBlinkingTaskHandle
                0x20006564                currentDataMutexHandle
                0x20006568                SDCardInfo
                0x200065c0                hdma_usart1_rx
                0x20006620                hdma_usart2_tx
                0x20006680                huart1
                0x200066c0                lastDashboardRefreshCouter
                0x200066c4                DashboardTaskHandle
                0x200066c8                hrtc
                0x200066e8                htim6
                0x20006724                hsd
                0x20006784                hspi1
                0x200067dc                huart2
                0x2000681c                hcan1
                0x2000685c                saveActualDataTaskHandle
                0x20006860                hdma_spi2_tx
                0x200068c0                ledSteeringWheelTaskHandle
                0x200068c4                hdma_spi1_tx
 COMMON         0x20006924       0x3c Application/User/stm32f4xx_hal_timebase_TIM.o
                0x20006924                htim14
 COMMON         0x20006960       0xb7 Application/User/ws2812_driver.o
                0x20006960                WS2182_RPMActual
                0x200069cc                WS2812_CLTFuelActual
                0x200069fc                WS2812_AlertActual
                0x20006a18                . = ALIGN (0x4)
 *fill*         0x20006a17        0x1 
                0x20006a18                _ebss = .
                0x20006a18                __bss_end__ = _ebss

._user_heap_stack
                0x20006a18      0x600
                0x20006a18                . = ALIGN (0x8)
                0x20006a18                PROVIDE (end, .)
                0x20006a18                PROVIDE (_end, .)
                0x20006e18                . = (. + _Min_Heap_Size)
 *fill*         0x20006a18      0x400 
                0x20007018                . = (. + _Min_Stack_Size)
 *fill*         0x20006e18      0x200 
                0x20007018                . = ALIGN (0x8)

/DISCARD/
 libc.a(*)
 libm.a(*)
 libgcc.a(*)

.ARM.attributes
                0x00000000       0x30
 *(.ARM.attributes)
 .ARM.attributes
                0x00000000       0x22 c:/program files/ac6/systemworkbench/plugins/fr.ac6.mcu.externaltools.arm-none.win32_1.3.0.201507241045/tools/compiler/bin/../lib/gcc/arm-none-eabi/4.9.3/armv7e-m/fpu/crti.o
 .ARM.attributes
                0x00000022       0x34 c:/program files/ac6/systemworkbench/plugins/fr.ac6.mcu.externaltools.arm-none.win32_1.3.0.201507241045/tools/compiler/bin/../lib/gcc/arm-none-eabi/4.9.3/armv7e-m/fpu/crtbegin.o
 .ARM.attributes
                0x00000056       0x39 Middlewares/FreeRTOS/cmsis_os.o
 .ARM.attributes
                0x0000008f       0x39 Middlewares/FreeRTOS/heap_4.o
 .ARM.attributes
                0x000000c8       0x39 Middlewares/FreeRTOS/list.o
 .ARM.attributes
                0x00000101       0x39 Middlewares/FreeRTOS/port.o
 .ARM.attributes
                0x0000013a       0x39 Middlewares/FreeRTOS/queue.o
 .ARM.attributes
                0x00000173       0x39 Middlewares/FreeRTOS/tasks.o
 .ARM.attributes
                0x000001ac       0x39 Middlewares/FatFs/ff_gen_drv.o
 .ARM.attributes
                0x000001e5       0x39 Middlewares/FatFs/sd_diskio.o
 .ARM.attributes
                0x0000021e       0x39 Drivers/STM32F4xx_HAL_Driver/stm32f4xx_hal.o
 .ARM.attributes
                0x00000257       0x39 Drivers/STM32F4xx_HAL_Driver/stm32f4xx_hal_can.o
 .ARM.attributes
                0x00000290       0x39 Drivers/STM32F4xx_HAL_Driver/stm32f4xx_hal_cortex.o
 .ARM.attributes
                0x000002c9       0x39 Drivers/STM32F4xx_HAL_Driver/stm32f4xx_hal_dma.o
 .ARM.attributes
                0x00000302       0x39 Drivers/STM32F4xx_HAL_Driver/stm32f4xx_hal_gpio.o
 .ARM.attributes
                0x0000033b       0x39 Drivers/STM32F4xx_HAL_Driver/stm32f4xx_hal_rcc.o
 .ARM.attributes
                0x00000374       0x39 Drivers/STM32F4xx_HAL_Driver/stm32f4xx_hal_rcc_ex.o
 .ARM.attributes
                0x000003ad       0x39 Drivers/STM32F4xx_HAL_Driver/stm32f4xx_hal_rtc.o
 .ARM.attributes
                0x000003e6       0x39 Drivers/STM32F4xx_HAL_Driver/stm32f4xx_hal_rtc_ex.o
 .ARM.attributes
                0x0000041f       0x39 Drivers/STM32F4xx_HAL_Driver/stm32f4xx_hal_sd.o
 .ARM.attributes
                0x00000458       0x39 Drivers/STM32F4xx_HAL_Driver/stm32f4xx_hal_spi.o
 .ARM.attributes
                0x00000491       0x39 Drivers/STM32F4xx_HAL_Driver/stm32f4xx_hal_tim.o
 .ARM.attributes
                0x000004ca       0x39 Drivers/STM32F4xx_HAL_Driver/stm32f4xx_hal_tim_ex.o
 .ARM.attributes
                0x00000503       0x39 Drivers/STM32F4xx_HAL_Driver/stm32f4xx_hal_uart.o
 .ARM.attributes
                0x0000053c       0x39 Drivers/STM32F4xx_HAL_Driver/stm32f4xx_ll_sdmmc.o
 .ARM.attributes
                0x00000575       0x39 Drivers/CMSIS/system_stm32f4xx.o
 .ARM.attributes
                0x000005ae       0x39 Application/User/bsp_driver_sd.o
 .ARM.attributes
                0x000005e7       0x39 Application/User/buttons.o
 .ARM.attributes
                0x00000620       0x39 Application/User/can_sensors.o
 .ARM.attributes
                0x00000659       0x39 Application/User/current_data_provider.o
 .ARM.attributes
                0x00000692       0x39 Application/User/dashboard.o
 .ARM.attributes
                0x000006cb       0x39 Application/User/delay_timer6.o
 .ARM.attributes
                0x00000704       0x39 Application/User/ecumaster.o
 .ARM.attributes
                0x0000073d       0x39 Application/User/error_logger.o
 .ARM.attributes
                0x00000776       0x39 Application/User/fatfs.o
 .ARM.attributes
                0x000007af       0x39 Application/User/gear_display.o
 .ARM.attributes
                0x000007e8       0x39 Application/User/logged_data_types.o
 .ARM.attributes
                0x00000821       0x39 Application/User/main.o
 .ARM.attributes
                0x0000085a       0x39 Application/User/stm32f4xx_hal_msp.o
 .ARM.attributes
                0x00000893       0x39 Application/User/stm32f4xx_hal_timebase_TIM.o
 .ARM.attributes
                0x000008cc       0x39 Application/User/stm32f4xx_it.o
 .ARM.attributes
                0x00000905       0x39 Application/User/ws2812_driver.o
 .ARM.attributes
                0x0000093e       0x39 Application/User/SH1106/Fonts.o
 .ARM.attributes
                0x00000977       0x39 Application/User/SH1106/SSD1306.o
 .ARM.attributes
                0x000009b0       0x21 Application/SW4STM32/startup_stm32f407xx.o
 .ARM.attributes
                0x000009d1       0x34 c:/program files/ac6/systemworkbench/plugins/fr.ac6.mcu.externaltools.arm-none.win32_1.3.0.201507241045/tools/compiler/bin/../lib/gcc/arm-none-eabi/4.9.3/../../../../arm-none-eabi/lib/armv7e-m/fpu\libc_nano.a(lib_a-init.o)
 .ARM.attributes
                0x00000a05       0x34 c:/program files/ac6/systemworkbench/plugins/fr.ac6.mcu.externaltools.arm-none.win32_1.3.0.201507241045/tools/compiler/bin/../lib/gcc/arm-none-eabi/4.9.3/../../../../arm-none-eabi/lib/armv7e-m/fpu\libc_nano.a(lib_a-memcpy.o)
 .ARM.attributes
                0x00000a39       0x34 c:/program files/ac6/systemworkbench/plugins/fr.ac6.mcu.externaltools.arm-none.win32_1.3.0.201507241045/tools/compiler/bin/../lib/gcc/arm-none-eabi/4.9.3/../../../../arm-none-eabi/lib/armv7e-m/fpu\libc_nano.a(lib_a-memset.o)
 .ARM.attributes
                0x00000a6d       0x34 c:/program files/ac6/systemworkbench/plugins/fr.ac6.mcu.externaltools.arm-none.win32_1.3.0.201507241045/tools/compiler/bin/../lib/gcc/arm-none-eabi/4.9.3/../../../../arm-none-eabi/lib/armv7e-m/fpu\libc_nano.a(lib_a-strlen.o)
 .ARM.attributes
                0x00000aa1       0x22 c:/program files/ac6/systemworkbench/plugins/fr.ac6.mcu.externaltools.arm-none.win32_1.3.0.201507241045/tools/compiler/bin/../lib/gcc/arm-none-eabi/4.9.3/armv7e-m/fpu/crtn.o
OUTPUT(AGHRacingLogger.elf elf32-littlearm)

.debug_info     0x00000000    0x1dd79
 .debug_info    0x00000000     0x1205 Middlewares/FreeRTOS/cmsis_os.o
 .debug_info    0x00001205      0x3cf Middlewares/FreeRTOS/heap_4.o
 .debug_info    0x000015d4      0x2a1 Middlewares/FreeRTOS/list.o
 .debug_info    0x00001875      0x533 Middlewares/FreeRTOS/port.o
 .debug_info    0x00001da8     0x107b Middlewares/FreeRTOS/queue.o
 .debug_info    0x00002e23     0x1c44 Middlewares/FreeRTOS/tasks.o
 .debug_info    0x00004a67      0x3b9 Middlewares/FatFs/ff_gen_drv.o
 .debug_info    0x00004e20      0x6ac Middlewares/FatFs/sd_diskio.o
 .debug_info    0x000054cc      0x852 Drivers/STM32F4xx_HAL_Driver/stm32f4xx_hal.o
 .debug_info    0x00005d1e      0xa98 Drivers/STM32F4xx_HAL_Driver/stm32f4xx_hal_can.o
 .debug_info    0x000067b6      0xd0d Drivers/STM32F4xx_HAL_Driver/stm32f4xx_hal_cortex.o
 .debug_info    0x000074c3      0x8d3 Drivers/STM32F4xx_HAL_Driver/stm32f4xx_hal_dma.o
 .debug_info    0x00007d96      0x6fc Drivers/STM32F4xx_HAL_Driver/stm32f4xx_hal_gpio.o
 .debug_info    0x00008492      0xb10 Drivers/STM32F4xx_HAL_Driver/stm32f4xx_hal_rcc.o
 .debug_info    0x00008fa2      0x50d Drivers/STM32F4xx_HAL_Driver/stm32f4xx_hal_rcc_ex.o
 .debug_info    0x000094af      0xb1b Drivers/STM32F4xx_HAL_Driver/stm32f4xx_hal_rtc.o
 .debug_info    0x00009fca      0xe54 Drivers/STM32F4xx_HAL_Driver/stm32f4xx_hal_rtc_ex.o
 .debug_info    0x0000ae1e     0x1b34 Drivers/STM32F4xx_HAL_Driver/stm32f4xx_hal_sd.o
 .debug_info    0x0000c952     0x1262 Drivers/STM32F4xx_HAL_Driver/stm32f4xx_hal_spi.o
 .debug_info    0x0000dbb4     0x2173 Drivers/STM32F4xx_HAL_Driver/stm32f4xx_hal_tim.o
 .debug_info    0x0000fd27      0xf39 Drivers/STM32F4xx_HAL_Driver/stm32f4xx_hal_tim_ex.o
 .debug_info    0x00010c60      0xf04 Drivers/STM32F4xx_HAL_Driver/stm32f4xx_hal_uart.o
 .debug_info    0x00011b64      0x5f7 Drivers/STM32F4xx_HAL_Driver/stm32f4xx_ll_sdmmc.o
 .debug_info    0x0001215b      0x4a4 Drivers/CMSIS/system_stm32f4xx.o
 .debug_info    0x000125ff      0xc4f Application/User/bsp_driver_sd.o
 .debug_info    0x0001324e      0x1f6 Application/User/buttons.o
 .debug_info    0x00013444      0x9e7 Application/User/can_sensors.o
 .debug_info    0x00013e2b      0x26b Application/User/current_data_provider.o
 .debug_info    0x00014096      0x3bd Application/User/dashboard.o
 .debug_info    0x00014453      0x5aa Application/User/delay_timer6.o
 .debug_info    0x000149fd      0xa36 Application/User/ecumaster.o
 .debug_info    0x00015433       0x5b Application/User/error_logger.o
 .debug_info    0x0001548e      0x271 Application/User/fatfs.o
 .debug_info    0x000156ff      0x704 Application/User/gear_display.o
 .debug_info    0x00015e03      0x1ff Application/User/logged_data_types.o
 .debug_info    0x00016002     0x279b Application/User/main.o
 .debug_info    0x0001879d     0x1ba5 Application/User/stm32f4xx_hal_msp.o
 .debug_info    0x0001a342      0xa78 Application/User/stm32f4xx_hal_timebase_TIM.o
 .debug_info    0x0001adba     0x1233 Application/User/stm32f4xx_it.o
 .debug_info    0x0001bfed      0xc33 Application/User/ws2812_driver.o
 .debug_info    0x0001cc20      0x299 Application/User/SH1106/Fonts.o
 .debug_info    0x0001ceb9      0xdb4 Application/User/SH1106/SSD1306.o
 .debug_info    0x0001dc6d      0x10c Application/SW4STM32/startup_stm32f407xx.o

.debug_abbrev   0x00000000     0x479a
 .debug_abbrev  0x00000000      0x2b8 Middlewares/FreeRTOS/cmsis_os.o
 .debug_abbrev  0x000002b8      0x1bc Middlewares/FreeRTOS/heap_4.o
 .debug_abbrev  0x00000474       0xc1 Middlewares/FreeRTOS/list.o
 .debug_abbrev  0x00000535      0x1d1 Middlewares/FreeRTOS/port.o
 .debug_abbrev  0x00000706      0x20b Middlewares/FreeRTOS/queue.o
 .debug_abbrev  0x00000911      0x281 Middlewares/FreeRTOS/tasks.o
 .debug_abbrev  0x00000b92      0x16d Middlewares/FatFs/ff_gen_drv.o
 .debug_abbrev  0x00000cff      0x125 Middlewares/FatFs/sd_diskio.o
 .debug_abbrev  0x00000e24      0x204 Drivers/STM32F4xx_HAL_Driver/stm32f4xx_hal.o
 .debug_abbrev  0x00001028      0x207 Drivers/STM32F4xx_HAL_Driver/stm32f4xx_hal_can.o
 .debug_abbrev  0x0000122f      0x2c1 Drivers/STM32F4xx_HAL_Driver/stm32f4xx_hal_cortex.o
 .debug_abbrev  0x000014f0      0x227 Drivers/STM32F4xx_HAL_Driver/stm32f4xx_hal_dma.o
 .debug_abbrev  0x00001717      0x1ad Drivers/STM32F4xx_HAL_Driver/stm32f4xx_hal_gpio.o
 .debug_abbrev  0x000018c4      0x2b1 Drivers/STM32F4xx_HAL_Driver/stm32f4xx_hal_rcc.o
 .debug_abbrev  0x00001b75      0x1a9 Drivers/STM32F4xx_HAL_Driver/stm32f4xx_hal_rcc_ex.o
 .debug_abbrev  0x00001d1e      0x1a3 Drivers/STM32F4xx_HAL_Driver/stm32f4xx_hal_rtc.o
 .debug_abbrev  0x00001ec1      0x1b2 Drivers/STM32F4xx_HAL_Driver/stm32f4xx_hal_rtc_ex.o
 .debug_abbrev  0x00002073      0x21d Drivers/STM32F4xx_HAL_Driver/stm32f4xx_hal_sd.o
 .debug_abbrev  0x00002290      0x200 Drivers/STM32F4xx_HAL_Driver/stm32f4xx_hal_spi.o
 .debug_abbrev  0x00002490      0x207 Drivers/STM32F4xx_HAL_Driver/stm32f4xx_hal_tim.o
 .debug_abbrev  0x00002697      0x1fe Drivers/STM32F4xx_HAL_Driver/stm32f4xx_hal_tim_ex.o
 .debug_abbrev  0x00002895      0x225 Drivers/STM32F4xx_HAL_Driver/stm32f4xx_hal_uart.o
 .debug_abbrev  0x00002aba      0x161 Drivers/STM32F4xx_HAL_Driver/stm32f4xx_ll_sdmmc.o
 .debug_abbrev  0x00002c1b      0x104 Drivers/CMSIS/system_stm32f4xx.o
 .debug_abbrev  0x00002d1f      0x234 Application/User/bsp_driver_sd.o
 .debug_abbrev  0x00002f53       0xdb Application/User/buttons.o
 .debug_abbrev  0x0000302e      0x1d3 Application/User/can_sensors.o
 .debug_abbrev  0x00003201       0xe0 Application/User/current_data_provider.o
 .debug_abbrev  0x000032e1      0x11f Application/User/dashboard.o
 .debug_abbrev  0x00003400      0x144 Application/User/delay_timer6.o
 .debug_abbrev  0x00003544      0x1f4 Application/User/ecumaster.o
 .debug_abbrev  0x00003738       0x54 Application/User/error_logger.o
 .debug_abbrev  0x0000378c      0x113 Application/User/fatfs.o
 .debug_abbrev  0x0000389f      0x18d Application/User/gear_display.o
 .debug_abbrev  0x00003a2c       0xa3 Application/User/logged_data_types.o
 .debug_abbrev  0x00003acf      0x265 Application/User/main.o
 .debug_abbrev  0x00003d34      0x23b Application/User/stm32f4xx_hal_msp.o
 .debug_abbrev  0x00003f6f      0x176 Application/User/stm32f4xx_hal_timebase_TIM.o
 .debug_abbrev  0x000040e5      0x1b7 Application/User/stm32f4xx_it.o
 .debug_abbrev  0x0000429c      0x218 Application/User/ws2812_driver.o
 .debug_abbrev  0x000044b4       0x92 Application/User/SH1106/Fonts.o
 .debug_abbrev  0x00004546      0x242 Application/User/SH1106/SSD1306.o
 .debug_abbrev  0x00004788       0x12 Application/SW4STM32/startup_stm32f407xx.o

.debug_aranges  0x00000000     0x1b50
 .debug_aranges
                0x00000000      0x1b0 Middlewares/FreeRTOS/cmsis_os.o
 .debug_aranges
                0x000001b0       0x50 Middlewares/FreeRTOS/heap_4.o
 .debug_aranges
                0x00000200       0x40 Middlewares/FreeRTOS/list.o
 .debug_aranges
                0x00000240       0x80 Middlewares/FreeRTOS/port.o
 .debug_aranges
                0x000002c0       0xe0 Middlewares/FreeRTOS/queue.o
 .debug_aranges
                0x000003a0      0x1b8 Middlewares/FreeRTOS/tasks.o
 .debug_aranges
                0x00000558       0x40 Middlewares/FatFs/ff_gen_drv.o
 .debug_aranges
                0x00000598       0x40 Middlewares/FatFs/sd_diskio.o
 .debug_aranges
                0x000005d8       0xc0 Drivers/STM32F4xx_HAL_Driver/stm32f4xx_hal.o
 .debug_aranges
                0x00000698       0xb0 Drivers/STM32F4xx_HAL_Driver/stm32f4xx_hal_can.o
 .debug_aranges
                0x00000748      0x108 Drivers/STM32F4xx_HAL_Driver/stm32f4xx_hal_cortex.o
 .debug_aranges
                0x00000850       0x90 Drivers/STM32F4xx_HAL_Driver/stm32f4xx_hal_dma.o
 .debug_aranges
                0x000008e0       0x58 Drivers/STM32F4xx_HAL_Driver/stm32f4xx_hal_gpio.o
 .debug_aranges
                0x00000938       0x88 Drivers/STM32F4xx_HAL_Driver/stm32f4xx_hal_rcc.o
 .debug_aranges
                0x000009c0       0x30 Drivers/STM32F4xx_HAL_Driver/stm32f4xx_hal_rcc_ex.o
 .debug_aranges
                0x000009f0       0xb8 Drivers/STM32F4xx_HAL_Driver/stm32f4xx_hal_rtc.o
 .debug_aranges
                0x00000aa8      0x130 Drivers/STM32F4xx_HAL_Driver/stm32f4xx_hal_rtc_ex.o
 .debug_aranges
                0x00000bd8      0x180 Drivers/STM32F4xx_HAL_Driver/stm32f4xx_hal_sd.o
 .debug_aranges
                0x00000d58      0x190 Drivers/STM32F4xx_HAL_Driver/stm32f4xx_hal_spi.o
 .debug_aranges
                0x00000ee8      0x368 Drivers/STM32F4xx_HAL_Driver/stm32f4xx_hal_tim.o
 .debug_aranges
                0x00001250      0x140 Drivers/STM32F4xx_HAL_Driver/stm32f4xx_hal_tim_ex.o
 .debug_aranges
                0x00001390      0x168 Drivers/STM32F4xx_HAL_Driver/stm32f4xx_hal_uart.o
 .debug_aranges
                0x000014f8       0x80 Drivers/STM32F4xx_HAL_Driver/stm32f4xx_ll_sdmmc.o
 .debug_aranges
                0x00001578       0x28 Drivers/CMSIS/system_stm32f4xx.o
 .debug_aranges
                0x000015a0       0x90 Application/User/bsp_driver_sd.o
 .debug_aranges
                0x00001630       0x20 Application/User/buttons.o
 .debug_aranges
                0x00001650       0x38 Application/User/can_sensors.o
 .debug_aranges
                0x00001688       0x30 Application/User/current_data_provider.o
 .debug_aranges
                0x000016b8       0x50 Application/User/dashboard.o
 .debug_aranges
                0x00001708       0x20 Application/User/delay_timer6.o
 .debug_aranges
                0x00001728       0x70 Application/User/ecumaster.o
 .debug_aranges
                0x00001798       0x20 Application/User/error_logger.o
 .debug_aranges
                0x000017b8       0x28 Application/User/fatfs.o
 .debug_aranges
                0x000017e0       0x30 Application/User/gear_display.o
 .debug_aranges
                0x00001810       0x20 Application/User/logged_data_types.o
 .debug_aranges
                0x00001830       0xc8 Application/User/main.o
 .debug_aranges
                0x000018f8       0x80 Application/User/stm32f4xx_hal_msp.o
 .debug_aranges
                0x00001978       0x30 Application/User/stm32f4xx_hal_timebase_TIM.o
 .debug_aranges
                0x000019a8       0x78 Application/User/stm32f4xx_it.o
 .debug_aranges
                0x00001a20       0x50 Application/User/ws2812_driver.o
 .debug_aranges
                0x00001a70       0x18 Application/User/SH1106/Fonts.o
 .debug_aranges
                0x00001a88       0xa0 Application/User/SH1106/SSD1306.o
 .debug_aranges
                0x00001b28       0x28 Application/SW4STM32/startup_stm32f407xx.o

.debug_ranges   0x00000000     0x18a0
 .debug_ranges  0x00000000      0x1a0 Middlewares/FreeRTOS/cmsis_os.o
 .debug_ranges  0x000001a0       0x40 Middlewares/FreeRTOS/heap_4.o
 .debug_ranges  0x000001e0       0x30 Middlewares/FreeRTOS/list.o
 .debug_ranges  0x00000210       0x70 Middlewares/FreeRTOS/port.o
 .debug_ranges  0x00000280       0xd0 Middlewares/FreeRTOS/queue.o
 .debug_ranges  0x00000350      0x1a8 Middlewares/FreeRTOS/tasks.o
 .debug_ranges  0x000004f8       0x30 Middlewares/FatFs/ff_gen_drv.o
 .debug_ranges  0x00000528       0x30 Middlewares/FatFs/sd_diskio.o
 .debug_ranges  0x00000558       0xb0 Drivers/STM32F4xx_HAL_Driver/stm32f4xx_hal.o
 .debug_ranges  0x00000608       0xa0 Drivers/STM32F4xx_HAL_Driver/stm32f4xx_hal_can.o
 .debug_ranges  0x000006a8       0xf8 Drivers/STM32F4xx_HAL_Driver/stm32f4xx_hal_cortex.o
 .debug_ranges  0x000007a0       0x80 Drivers/STM32F4xx_HAL_Driver/stm32f4xx_hal_dma.o
 .debug_ranges  0x00000820       0x48 Drivers/STM32F4xx_HAL_Driver/stm32f4xx_hal_gpio.o
 .debug_ranges  0x00000868       0x78 Drivers/STM32F4xx_HAL_Driver/stm32f4xx_hal_rcc.o
 .debug_ranges  0x000008e0       0x20 Drivers/STM32F4xx_HAL_Driver/stm32f4xx_hal_rcc_ex.o
 .debug_ranges  0x00000900       0xa8 Drivers/STM32F4xx_HAL_Driver/stm32f4xx_hal_rtc.o
 .debug_ranges  0x000009a8      0x120 Drivers/STM32F4xx_HAL_Driver/stm32f4xx_hal_rtc_ex.o
 .debug_ranges  0x00000ac8      0x170 Drivers/STM32F4xx_HAL_Driver/stm32f4xx_hal_sd.o
 .debug_ranges  0x00000c38      0x180 Drivers/STM32F4xx_HAL_Driver/stm32f4xx_hal_spi.o
 .debug_ranges  0x00000db8      0x358 Drivers/STM32F4xx_HAL_Driver/stm32f4xx_hal_tim.o
 .debug_ranges  0x00001110      0x130 Drivers/STM32F4xx_HAL_Driver/stm32f4xx_hal_tim_ex.o
 .debug_ranges  0x00001240      0x158 Drivers/STM32F4xx_HAL_Driver/stm32f4xx_hal_uart.o
 .debug_ranges  0x00001398       0x70 Drivers/STM32F4xx_HAL_Driver/stm32f4xx_ll_sdmmc.o
 .debug_ranges  0x00001408       0x18 Drivers/CMSIS/system_stm32f4xx.o
 .debug_ranges  0x00001420       0x80 Application/User/bsp_driver_sd.o
 .debug_ranges  0x000014a0       0x10 Application/User/buttons.o
 .debug_ranges  0x000014b0       0x28 Application/User/can_sensors.o
 .debug_ranges  0x000014d8       0x20 Application/User/current_data_provider.o
 .debug_ranges  0x000014f8       0x40 Application/User/dashboard.o
 .debug_ranges  0x00001538       0x10 Application/User/delay_timer6.o
 .debug_ranges  0x00001548       0x60 Application/User/ecumaster.o
 .debug_ranges  0x000015a8       0x10 Application/User/error_logger.o
 .debug_ranges  0x000015b8       0x18 Application/User/fatfs.o
 .debug_ranges  0x000015d0       0x20 Application/User/gear_display.o
 .debug_ranges  0x000015f0       0x10 Application/User/logged_data_types.o
 .debug_ranges  0x00001600       0xb8 Application/User/main.o
 .debug_ranges  0x000016b8       0x70 Application/User/stm32f4xx_hal_msp.o
 .debug_ranges  0x00001728       0x20 Application/User/stm32f4xx_hal_timebase_TIM.o
 .debug_ranges  0x00001748       0x68 Application/User/stm32f4xx_it.o
 .debug_ranges  0x000017b0       0x40 Application/User/ws2812_driver.o
 .debug_ranges  0x000017f0       0x90 Application/User/SH1106/SSD1306.o
 .debug_ranges  0x00001880       0x20 Application/SW4STM32/startup_stm32f407xx.o

.debug_macro    0x00000000     0x9774
 .debug_macro   0x00000000      0x1ce Middlewares/FreeRTOS/cmsis_os.o
 .debug_macro   0x000001ce      0x88c Middlewares/FreeRTOS/cmsis_os.o
 .debug_macro   0x00000a5a       0x58 Middlewares/FreeRTOS/cmsis_os.o
 .debug_macro   0x00000ab2       0x22 Middlewares/FreeRTOS/cmsis_os.o
 .debug_macro   0x00000ad4       0x35 Middlewares/FreeRTOS/cmsis_os.o
 .debug_macro   0x00000b09       0x9c Middlewares/FreeRTOS/cmsis_os.o
 .debug_macro   0x00000ba5      0x166 Middlewares/FreeRTOS/cmsis_os.o
 .debug_macro   0x00000d0b       0x4a Middlewares/FreeRTOS/cmsis_os.o
 .debug_macro   0x00000d55       0x52 Middlewares/FreeRTOS/cmsis_os.o
 .debug_macro   0x00000da7       0x16 Middlewares/FreeRTOS/cmsis_os.o
 .debug_macro   0x00000dbd       0x43 Middlewares/FreeRTOS/cmsis_os.o
 .debug_macro   0x00000e00      0x180 Middlewares/FreeRTOS/cmsis_os.o
 .debug_macro   0x00000f80      0x29d Middlewares/FreeRTOS/cmsis_os.o
 .debug_macro   0x0000121d       0x10 Middlewares/FreeRTOS/cmsis_os.o
 .debug_macro   0x0000122d       0x35 Middlewares/FreeRTOS/cmsis_os.o
 .debug_macro   0x00001262       0x16 Middlewares/FreeRTOS/cmsis_os.o
 .debug_macro   0x00001278       0x1c Middlewares/FreeRTOS/cmsis_os.o
 .debug_macro   0x00001294      0x1f7 Middlewares/FreeRTOS/cmsis_os.o
 .debug_macro   0x0000148b       0x26 Middlewares/FreeRTOS/cmsis_os.o
 .debug_macro   0x000014b1      0x112 Middlewares/FreeRTOS/cmsis_os.o
 .debug_macro   0x000015c3       0xc6 Middlewares/FreeRTOS/cmsis_os.o
 .debug_macro   0x00001689      0x15d Middlewares/FreeRTOS/cmsis_os.o
 .debug_macro   0x000017e6       0xe4 Middlewares/FreeRTOS/cmsis_os.o
 .debug_macro   0x000018ca       0x10 Middlewares/FreeRTOS/cmsis_os.o
 .debug_macro   0x000018da       0x1f Middlewares/FreeRTOS/cmsis_os.o
 .debug_macro   0x000018f9      0x3f4 Middlewares/FreeRTOS/cmsis_os.o
 .debug_macro   0x00001ced       0xc0 Middlewares/FreeRTOS/cmsis_os.o
 .debug_macro   0x00001dad       0x9a Middlewares/FreeRTOS/cmsis_os.o
 .debug_macro   0x00001e47       0x91 Middlewares/FreeRTOS/cmsis_os.o
 .debug_macro   0x00001ed8       0xb0 Middlewares/FreeRTOS/cmsis_os.o
 .debug_macro   0x00001f88       0x7f Middlewares/FreeRTOS/cmsis_os.o
 .debug_macro   0x00002007       0xcf Middlewares/FreeRTOS/cmsis_os.o
 .debug_macro   0x000020d6      0x18b Middlewares/FreeRTOS/heap_4.o
 .debug_macro   0x00002261      0x164 Middlewares/FreeRTOS/list.o
 .debug_macro   0x000023c5      0x18e Middlewares/FreeRTOS/port.o
 .debug_macro   0x00002553      0x1d6 Middlewares/FreeRTOS/queue.o
 .debug_macro   0x00002729       0x16 Middlewares/FreeRTOS/queue.o
 .debug_macro   0x0000273f      0x212 Middlewares/FreeRTOS/tasks.o
 .debug_macro   0x00002951       0x11 Middlewares/FreeRTOS/tasks.o
 .debug_macro   0x00002962      0x3e0 Middlewares/FatFs/ff_gen_drv.o
 .debug_macro   0x00002d42      0x3f7 Middlewares/FatFs/sd_diskio.o
 .debug_macro   0x00003139       0x1c Middlewares/FatFs/sd_diskio.o
 .debug_macro   0x00003155      0x322 Drivers/STM32F4xx_HAL_Driver/stm32f4xx_hal.o
 .debug_macro   0x00003477      0x2da Drivers/STM32F4xx_HAL_Driver/stm32f4xx_hal_can.o
 .debug_macro   0x00003751      0x2d4 Drivers/STM32F4xx_HAL_Driver/stm32f4xx_hal_cortex.o
 .debug_macro   0x00003a25      0x2db Drivers/STM32F4xx_HAL_Driver/stm32f4xx_hal_dma.o
 .debug_macro   0x00003d00      0x30c Drivers/STM32F4xx_HAL_Driver/stm32f4xx_hal_gpio.o
 .debug_macro   0x0000400c      0x2fe Drivers/STM32F4xx_HAL_Driver/stm32f4xx_hal_rcc.o
 .debug_macro   0x0000430a      0x2d4 Drivers/STM32F4xx_HAL_Driver/stm32f4xx_hal_rcc_ex.o
 .debug_macro   0x000045de      0x2d5 Drivers/STM32F4xx_HAL_Driver/stm32f4xx_hal_rtc.o
 .debug_macro   0x000048b3      0x2d4 Drivers/STM32F4xx_HAL_Driver/stm32f4xx_hal_rtc_ex.o
 .debug_macro   0x00004b87      0x41e Drivers/STM32F4xx_HAL_Driver/stm32f4xx_hal_sd.o
 .debug_macro   0x00004fa5      0x2dc Drivers/STM32F4xx_HAL_Driver/stm32f4xx_hal_spi.o
 .debug_macro   0x00005281      0x2d5 Drivers/STM32F4xx_HAL_Driver/stm32f4xx_hal_tim.o
 .debug_macro   0x00005556      0x2d4 Drivers/STM32F4xx_HAL_Driver/stm32f4xx_hal_tim_ex.o
 .debug_macro   0x0000582a      0x2d5 Drivers/STM32F4xx_HAL_Driver/stm32f4xx_hal_uart.o
 .debug_macro   0x00005aff      0x2d5 Drivers/STM32F4xx_HAL_Driver/stm32f4xx_ll_sdmmc.o
 .debug_macro   0x00005dd4      0x2da Drivers/CMSIS/system_stm32f4xx.o
 .debug_macro   0x000060ae      0x2e3 Application/User/bsp_driver_sd.o
 .debug_macro   0x00006391       0x28 Application/User/bsp_driver_sd.o
 .debug_macro   0x000063b9      0x316 Application/User/buttons.o
 .debug_macro   0x000066cf       0x3b Application/User/buttons.o
 .debug_macro   0x0000670a      0x3c9 Application/User/can_sensors.o
 .debug_macro   0x00006ad3       0x10 Application/User/can_sensors.o
 .debug_macro   0x00006ae3       0xdc Application/User/can_sensors.o